Archive member included to satisfy reference by file (symbol)

d:/st/stm32cubeide_1.7.0/stm32cubeide/plugins/com.st.stm32cube.ide.mcu.externaltools.gnu-tools-for-stm32.9-2020-q2-update.win32_2.0.0.202105311346/tools/bin/../lib/gcc/arm-none-eabi/9.3.1/../../../../arm-none-eabi/lib/thumb/v7e-m+fp/hard\libc_nano.a(lib_a-errno.o)
                              ./Core/Src/syscalls.o (__errno)
d:/st/stm32cubeide_1.7.0/stm32cubeide/plugins/com.st.stm32cube.ide.mcu.externaltools.gnu-tools-for-stm32.9-2020-q2-update.win32_2.0.0.202105311346/tools/bin/../lib/gcc/arm-none-eabi/9.3.1/../../../../arm-none-eabi/lib/thumb/v7e-m+fp/hard\libc_nano.a(lib_a-exit.o)
                              d:/st/stm32cubeide_1.7.0/stm32cubeide/plugins/com.st.stm32cube.ide.mcu.externaltools.gnu-tools-for-stm32.9-2020-q2-update.win32_2.0.0.202105311346/tools/bin/../lib/gcc/arm-none-eabi/9.3.1/../../../../arm-none-eabi/lib/thumb/v7e-m+fp/hard/crt0.o (exit)
d:/st/stm32cubeide_1.7.0/stm32cubeide/plugins/com.st.stm32cube.ide.mcu.externaltools.gnu-tools-for-stm32.9-2020-q2-update.win32_2.0.0.202105311346/tools/bin/../lib/gcc/arm-none-eabi/9.3.1/../../../../arm-none-eabi/lib/thumb/v7e-m+fp/hard\libc_nano.a(lib_a-impure.o)
                              d:/st/stm32cubeide_1.7.0/stm32cubeide/plugins/com.st.stm32cube.ide.mcu.externaltools.gnu-tools-for-stm32.9-2020-q2-update.win32_2.0.0.202105311346/tools/bin/../lib/gcc/arm-none-eabi/9.3.1/../../../../arm-none-eabi/lib/thumb/v7e-m+fp/hard\libc_nano.a(lib_a-exit.o) (_global_impure_ptr)
d:/st/stm32cubeide_1.7.0/stm32cubeide/plugins/com.st.stm32cube.ide.mcu.externaltools.gnu-tools-for-stm32.9-2020-q2-update.win32_2.0.0.202105311346/tools/bin/../lib/gcc/arm-none-eabi/9.3.1/../../../../arm-none-eabi/lib/thumb/v7e-m+fp/hard\libc_nano.a(lib_a-init.o)
                              d:/st/stm32cubeide_1.7.0/stm32cubeide/plugins/com.st.stm32cube.ide.mcu.externaltools.gnu-tools-for-stm32.9-2020-q2-update.win32_2.0.0.202105311346/tools/bin/../lib/gcc/arm-none-eabi/9.3.1/../../../../arm-none-eabi/lib/thumb/v7e-m+fp/hard/crt0.o (__libc_init_array)
d:/st/stm32cubeide_1.7.0/stm32cubeide/plugins/com.st.stm32cube.ide.mcu.externaltools.gnu-tools-for-stm32.9-2020-q2-update.win32_2.0.0.202105311346/tools/bin/../lib/gcc/arm-none-eabi/9.3.1/../../../../arm-none-eabi/lib/thumb/v7e-m+fp/hard\libc_nano.a(lib_a-memcpy-stub.o)
                              ./Core/Src/audio_player.o (memcpy)
d:/st/stm32cubeide_1.7.0/stm32cubeide/plugins/com.st.stm32cube.ide.mcu.externaltools.gnu-tools-for-stm32.9-2020-q2-update.win32_2.0.0.202105311346/tools/bin/../lib/gcc/arm-none-eabi/9.3.1/../../../../arm-none-eabi/lib/thumb/v7e-m+fp/hard\libc_nano.a(lib_a-memset.o)
                              d:/st/stm32cubeide_1.7.0/stm32cubeide/plugins/com.st.stm32cube.ide.mcu.externaltools.gnu-tools-for-stm32.9-2020-q2-update.win32_2.0.0.202105311346/tools/bin/../lib/gcc/arm-none-eabi/9.3.1/../../../../arm-none-eabi/lib/thumb/v7e-m+fp/hard/crt0.o (memset)
d:/st/stm32cubeide_1.7.0/stm32cubeide/plugins/com.st.stm32cube.ide.mcu.externaltools.gnu-tools-for-stm32.9-2020-q2-update.win32_2.0.0.202105311346/tools/bin/../lib/gcc/arm-none-eabi/9.3.1/../../../../arm-none-eabi/lib/thumb/v7e-m+fp/hard\libc_nano.a(lib_a-printf.o)
                              ./Core/Src/main.o (printf)
d:/st/stm32cubeide_1.7.0/stm32cubeide/plugins/com.st.stm32cube.ide.mcu.externaltools.gnu-tools-for-stm32.9-2020-q2-update.win32_2.0.0.202105311346/tools/bin/../lib/gcc/arm-none-eabi/9.3.1/../../../../arm-none-eabi/lib/thumb/v7e-m+fp/hard\libc_nano.a(lib_a-puts.o)
                              ./Core/Src/main.o (puts)
d:/st/stm32cubeide_1.7.0/stm32cubeide/plugins/com.st.stm32cube.ide.mcu.externaltools.gnu-tools-for-stm32.9-2020-q2-update.win32_2.0.0.202105311346/tools/bin/../lib/gcc/arm-none-eabi/9.3.1/../../../../arm-none-eabi/lib/thumb/v7e-m+fp/hard\libc_nano.a(lib_a-sprintf.o)
                              ./Core/Src/main.o (sprintf)
d:/st/stm32cubeide_1.7.0/stm32cubeide/plugins/com.st.stm32cube.ide.mcu.externaltools.gnu-tools-for-stm32.9-2020-q2-update.win32_2.0.0.202105311346/tools/bin/../lib/gcc/arm-none-eabi/9.3.1/../../../../arm-none-eabi/lib/thumb/v7e-m+fp/hard\libc_nano.a(lib_a-strlen.o)
                              ./Core/Src/main.o (strlen)
d:/st/stm32cubeide_1.7.0/stm32cubeide/plugins/com.st.stm32cube.ide.mcu.externaltools.gnu-tools-for-stm32.9-2020-q2-update.win32_2.0.0.202105311346/tools/bin/../lib/gcc/arm-none-eabi/9.3.1/../../../../arm-none-eabi/lib/thumb/v7e-m+fp/hard\libc_nano.a(lib_a-wbuf.o)
                              d:/st/stm32cubeide_1.7.0/stm32cubeide/plugins/com.st.stm32cube.ide.mcu.externaltools.gnu-tools-for-stm32.9-2020-q2-update.win32_2.0.0.202105311346/tools/bin/../lib/gcc/arm-none-eabi/9.3.1/../../../../arm-none-eabi/lib/thumb/v7e-m+fp/hard\libc_nano.a(lib_a-puts.o) (__swbuf_r)
[...]
Memory Configuration

Name             Origin             Length             Attributes
CCMRAM           0x0000000010000000 0x0000000000010000 xrw
RAM              0x0000000020000000 0x0000000000020000 xrw
FLASH            0x0000000008000000 0x0000000000100000 xr
*default*        0x0000000000000000 0xffffffffffffffff

Linker script and memory map

LOAD d:/st/stm32cubeide_1.7.0/stm32cubeide/plugins/com.st.stm32cube.ide.mcu.externaltools.gnu-tools-for-stm32.9-2020-q2-update.win32_2.0.0.202105311346/tools/bin/../lib/gcc/arm-none-eabi/9.3.1/thumb/v7e-m+fp/hard/crti.o
LOAD d:/st/stm32cubeide_1.7.0/stm32cubeide/plugins/com.st.stm32cube.ide.mcu.externaltools.gnu-tools-for-stm32.9-2020-q2-update.win32_2.0.0.202105311346/tools/bin/../lib/gcc/arm-none-eabi/9.3.1/thumb/v7e-m+fp/hard/crtbegin.o
LOAD d:/st/stm32cubeide_1.7.0/stm32cubeide/plugins/com.st.stm32cube.ide.mcu.externaltools.gnu-tools-for-stm32.9-2020-q2-update.win32_2.0.0.202105311346/tools/bin/../lib/gcc/arm-none-eabi/9.3.1/../../../../arm-none-eabi/lib/thumb/v7e-m+fp/hard/crt0.o
LOAD ./Core/Src/audio_player.o
LOAD ./Core/Src/delay.o
LOAD ./Core/Src/i2s.o
LOAD ./Core/Src/main.o
LOAD ./Core/Src/malloc.o
LOAD ./Core/Src/stm32f4xx_hal_msp.o
LOAD ./Core/Src/stm32f4xx_it.o
LOAD ./Core/Src/syscalls.o
LOAD ./Core/Src/sysmem.o
LOAD ./Core/Src/system_stm32f4xx.o
LOAD ./Core/Startup/startup_stm32f407zgtx.o
LOAD ./Drivers/STM32F4xx_HAL_Driver/Src/stm32f4xx_hal.o
LOAD ./Drivers/STM32F4xx_HAL_Driver/Src/stm32f4xx_hal_cortex.o
LOAD ./Drivers/STM32F4xx_HAL_Driver/Src/stm32f4xx_hal_dma.o
LOAD ./Drivers/STM32F4xx_HAL_Driver/Src/stm32f4xx_hal_dma_ex.o
LOAD ./Drivers/STM32F4xx_HAL_Driver/Src/stm32f4xx_hal_exti.o
LOAD ./Drivers/STM32F4xx_HAL_Driver/Src/stm32f4xx_hal_flash.o
LOAD ./Drivers/STM32F4xx_HAL_Driver/Src/stm32f4xx_hal_flash_ex.o
LOAD ./Drivers/STM32F4xx_HAL_Driver/Src/stm32f4xx_hal_flash_ramfunc.o
LOAD ./Drivers/STM32F4xx_HAL_Driver/Src/stm32f4xx_hal_gpio.o
LOAD ./Drivers/STM32F4xx_HAL_Driver/Src/stm32f4xx_hal_i2c.o
LOAD ./Drivers/STM32F4xx_HAL_Driver/Src/stm32f4xx_hal_i2c_ex.o
LOAD ./Drivers/STM32F4xx_HAL_Driver/Src/stm32f4xx_hal_i2s.o
LOAD ./Drivers/STM32F4xx_HAL_Driver/Src/stm32f4xx_hal_i2s_ex.o
LOAD ./Drivers/STM32F4xx_HAL_Driver/Src/stm32f4xx_hal_pwr.o
LOAD ./Drivers/STM32F4xx_HAL_Driver/Src/stm32f4xx_hal_pwr_ex.o
LOAD ./Drivers/STM32F4xx_HAL_Driver/Src/stm32f4xx_hal_rcc.o
LOAD ./Drivers/STM32F4xx_HAL_Driver/Src/stm32f4xx_hal_rcc_ex.o
LOAD ./Drivers/STM32F4xx_HAL_Driver/Src/stm32f4xx_hal_rtc.o
LOAD ./Drivers/STM32F4xx_HAL_Driver/Src/stm32f4xx_hal_rtc_ex.o
LOAD ./Drivers/STM32F4xx_HAL_Driver/Src/stm32f4xx_hal_sd.o
LOAD ./Drivers/STM32F4xx_HAL_Driver/Src/stm32f4xx_hal_tim.o
LOAD ./Drivers/STM32F4xx_HAL_Driver/Src/stm32f4xx_hal_tim_ex.o
LOAD ./Drivers/STM32F4xx_HAL_Driver/Src/stm32f4xx_hal_uart.o
LOAD ./Drivers/STM32F4xx_HAL_Driver/Src/stm32f4xx_ll_sdmmc.o
LOAD ./FATFS/App/fatfs.o
LOAD ./FATFS/Target/bsp_driver_sd.o
LOAD ./FATFS/Target/sd_diskio.o
LOAD ./Middlewares/Third_Party/FatFs/src/diskio.o
LOAD ./Middlewares/Third_Party/FatFs/src/ff.o
LOAD ./Middlewares/Third_Party/FatFs/src/ff_gen_drv.o
LOAD ./Middlewares/Third_Party/FatFs/src/option/cc936.o
LOAD ./Middlewares/Third_Party/FatFs/src/option/syscall.o
START GROUP
LOAD d:/st/stm32cubeide_1.7.0/stm32cubeide/plugins/com.st.stm32cube.ide.mcu.externaltools.gnu-tools-for-stm32.9-2020-q2-update.win32_2.0.0.202105311346/tools/bin/../lib/gcc/arm-none-eabi/9.3.1/../../../../arm-none-eabi/lib/thumb/v7e-m+fp/hard\libc_nano.a
LOAD d:/st/stm32cubeide_1.7.0/stm32cubeide/plugins/com.st.stm32cube.ide.mcu.externaltools.gnu-tools-for-stm32.9-2020-q2-update.win32_2.0.0.202105311346/tools/bin/../lib/gcc/arm-none-eabi/9.3.1/../../../../arm-none-eabi/lib/thumb/v7e-m+fp/hard\libm.a
END GROUP
START GROUP
LOAD d:/st/stm32cubeide_1.7.0/stm32cubeide/plugins/com.st.stm32cube.ide.mcu.externaltools.gnu-tools-for-stm32.9-2020-q2-update.win32_2.0.0.202105311346/tools/bin/../lib/gcc/arm-none-eabi/9.3.1/thumb/v7e-m+fp/hard\libgcc.a
LOAD d:/st/stm32cubeide_1.7.0/stm32cubeide/plugins/com.st.stm32cube.ide.mcu.externaltools.gnu-tools-for-stm32.9-2020-q2-update.win32_2.0.0.202105311346/tools/bin/../lib/gcc/arm-none-eabi/9.3.1/../../../../arm-none-eabi/lib/thumb/v7e-m+fp/hard\libc_nano.a
END GROUP
START GROUP
LOAD d:/st/stm32cubeide_1.7.0/stm32cubeide/plugins/com.st.stm32cube.ide.mcu.externaltools.gnu-tools-for-stm32.9-2020-q2-update.win32_2.0.0.202105311346/tools/bin/../lib/gcc/arm-none-eabi/9.3.1/thumb/v7e-m+fp/hard\libgcc.a
LOAD d:/st/stm32cubeide_1.7.0/stm32cubeide/plugins/com.st.stm32cube.ide.mcu.externaltools.gnu-tools-for-stm32.9-2020-q2-update.win32_2.0.0.202105311346/tools/bin/../lib/gcc/arm-none-eabi/9.3.1/../../../../arm-none-eabi/lib/thumb/v7e-m+fp/hard\libc_nano.a
LOAD d:/st/stm32cubeide_1.7.0/stm32cubeide/plugins/com.st.stm32cube.ide.mcu.externaltools.gnu-tools-for-stm32.9-2020-q2-update.win32_2.0.0.202105311346/tools/bin/../lib/gcc/arm-none-eabi/9.3.1/../../../../arm-none-eabi/lib/thumb/v7e-m+fp/hard\libnosys.a
END GROUP
START GROUP
LOAD d:/st/stm32cubeide_1.7.0/stm32cubeide/plugins/com.st.stm32cube.ide.mcu.externaltools.gnu-tools-for-stm32.9-2020-q2-update.win32_2.0.0.202105311346/tools/bin/../lib/gcc/arm-none-eabi/9.3.1/thumb/v7e-m+fp/hard\libgcc.a
LOAD d:/st/stm32cubeide_1.7.0/stm32cubeide/plugins/com.st.stm32cube.ide.mcu.externaltools.gnu-tools-for-stm32.9-2020-q2-update.win32_2.0.0.202105311346/tools/bin/../lib/gcc/arm-none-eabi/9.3.1/../../../../arm-none-eabi/lib/thumb/v7e-m+fp/hard\libc_nano.a
LOAD d:/st/stm32cubeide_1.7.0/stm32cubeide/plugins/com.st.stm32cube.ide.mcu.externaltools.gnu-tools-for-stm32.9-2020-q2-update.win32_2.0.0.202105311346/tools/bin/../lib/gcc/arm-none-eabi/9.3.1/../../../../arm-none-eabi/lib/thumb/v7e-m+fp/hard\libnosys.a
END GROUP
LOAD d:/st/stm32cubeide_1.7.0/stm32cubeide/plugins/com.st.stm32cube.ide.mcu.externaltools.gnu-tools-for-stm32.9-2020-q2-update.win32_2.0.0.202105311346/tools/bin/../lib/gcc/arm-none-eabi/9.3.1/thumb/v7e-m+fp/hard/crtend.o
LOAD d:/st/stm32cubeide_1.7.0/stm32cubeide/plugins/com.st.stm32cube.ide.mcu.externaltools.gnu-tools-for-stm32.9-2020-q2-update.win32_2.0.0.202105311346/tools/bin/../lib/gcc/arm-none-eabi/9.3.1/thumb/v7e-m+fp/hard/crtn.o
                0x0000000020020000                _estack = (ORIGIN (RAM) + LENGTH (RAM))
                0x0000000000000200                _Min_Heap_Size = 0x200
                0x0000000000000400                _Min_Stack_Size = 0x400

.isr_vector     0x0000000008000000      0x188
                0x0000000008000000                . = ALIGN (0x4)
 *(.isr_vector)
 .isr_vector    0x0000000008000000      0x188 ./Core/Startup/startup_stm32f407zgtx.o
                0x0000000008000000                g_pfnVectors
                0x0000000008000188                . = ALIGN (0x4)

.text           0x0000000008000190     0xceb4
                0x0000000008000190                . = ALIGN (0x4)
 *(.text)
 .text          0x0000000008000190       0x40 d:/st/stm32cubeide_1.7.0/stm32cubeide/plugins/com.st.stm32cube.ide.mcu.externaltools.gnu-tools-for-stm32.9-2020-q2-update.win32_2.0.0.202105311346/tools/bin/../lib/gcc/arm-none-eabi/9.3.1/thumb/v7e-m+fp/hard/crtbegin.o
 .text          0x00000000080001d0       0x10 d:/st/stm32cubeide_1.7.0/stm32cubeide/plugins/com.st.stm32cube.ide.mcu.externaltools.gnu-tools-for-stm32.9-2020-q2-update.win32_2.0.0.202105311346/tools/bin/../lib/gcc/arm-none-eabi/9.3.1/../../../../arm-none-eabi/lib/thumb/v7e-m+fp/hard\libc_nano.a(lib_a-strlen.o)
                0x00000000080001d0                strlen
 .text          0x00000000080001e0       0xa0 d:/st/stm32cubeide_1.7.0/stm32cubeide/plugins/com.st.stm32cube.ide.mcu.externaltools.gnu-tools-for-stm32.9-2020-q2-update.win32_2.0.0.202105311346/tools/bin/../lib/gcc/arm-none-eabi/9.3.1/../../../../arm-none-eabi/lib/thumb/v7e-m+fp/hard\libc_nano.a(lib_a-memchr.o)
                0x00000000080001e0                memchr
 .text          0x0000000008000280       0x30 d:/st/stm32cubeide_1.7.0/stm32cubeide/plugins/com.st.stm32cube.ide.mcu.externaltools.gnu-tools-for-stm32.9-2020-q2-update.win32_2.0.0.202105311346/tools/bin/../lib/gcc/arm-none-eabi/9.3.1/thumb/v7e-m+fp/hard\libgcc.a(_aeabi_uldivmod.o)
                0x0000000008000280                __aeabi_uldivmod
 .text          0x00000000080002b0      0x2c4 d:/st/stm32cubeide_1.7.0/stm32cubeide/plugins/com.st.stm32cube.ide.mcu.externaltools.gnu-tools-for-stm32.9-2020-q2-update.win32_2.0.0.202105311346/tools/bin/../lib/gcc/arm-none-eabi/9.3.1/thumb/v7e-m+fp/hard\libgcc.a(_udivmoddi4.o)
                0x00000000080002b0                __udivmoddi4
 .text          0x0000000008000574        0x4 d:/st/stm32cubeide_1.7.0/stm32cubeide/plugins/com.st.stm32cube.ide.mcu.externaltools.gnu-tools-for-stm32.9-2020-q2-update.win32_2.0.0.202105311346/tools/bin/../lib/gcc/arm-none-eabi/9.3.1/thumb/v7e-m+fp/hard\libgcc.a(_dvmd_tls.o)
                0x0000000008000574                __aeabi_idiv0
                0x0000000008000574                __aeabi_ldiv0
 *(.text*)
 .text.WM8978_Read_Reg
                0x0000000008000578       0x24 ./Core/Src/audio_player.o
                0x0000000008000578                WM8978_Read_Reg
 .text.WM8978_Register_Wirter
                0x000000000800059c       0x70 ./Core/Src/audio_player.o
                0x000000000800059c                WM8978_Register_Wirter
 .text.WM8978_I2S_Cfg
                0x000000000800060c       0x42 ./Core/Src/audio_player.o
                0x000000000800060c                WM8978_I2S_Cfg
 .text.WM8978_ADDA_Cfg
                0x000000000800064e       0x70 ./Core/Src/audio_player.o
                0x000000000800064e                WM8978_ADDA_Cfg
 .text.WM8978_AUX_Gain
                0x00000000080006be       0x62 ./Core/Src/audio_player.o
                0x00000000080006be                WM8978_AUX_Gain
 .text.WM8978_Input_Cfg
                0x0000000008000720       0x9a ./Core/Src/audio_player.o
                0x0000000008000720                WM8978_Input_Cfg
 .text.WM8978_Output_Cfg
                0x00000000080007ba       0x54 ./Core/Src/audio_player.o
                0x00000000080007ba                WM8978_Output_Cfg
 .text.WM8978_MIC_Gain
                0x000000000800080e       0x3a ./Core/Src/audio_player.o
                0x000000000800080e                WM8978_MIC_Gain
 .text.WM8978_LINEIN_Gain
                0x0000000008000848       0x6e ./Core/Src/audio_player.o
                0x0000000008000848                WM8978_LINEIN_Gain
 .text.WM8978_HPvol_Set
                0x00000000080008b6       0x64 ./Core/Src/audio_player.o
                0x00000000080008b6                WM8978_HPvol_Set
 .text.WM8978_SPKvol_Set
                0x000000000800091a       0x48 ./Core/Src/audio_player.o
                0x000000000800091a                WM8978_SPKvol_Set
 .text.Audio_Player_Init
                0x0000000008000962       0x76 ./Core/Src/audio_player.o
                0x0000000008000962                Audio_Player_Init
 .text.delay_us
                0x00000000080009d8       0x7c ./Core/Src/delay.o
                0x00000000080009d8                delay_us
 .text.delay_ms
                0x0000000008000a54       0x30 ./Core/Src/delay.o
                0x0000000008000a54                delay_ms
 .text.I2S2_Init
                0x0000000008000a84       0xb4 ./Core/Src/i2s.o
                0x0000000008000a84                I2S2_Init
 .text.I2S2_SampleRate_Set
                0x0000000008000b38       0xf8 ./Core/Src/i2s.o
                0x0000000008000b38                I2S2_SampleRate_Set
 .text.I2S2_TX_DMA_Init
                0x0000000008000c30      0x150 ./Core/Src/i2s.o
                0x0000000008000c30                I2S2_TX_DMA_Init
 .text.I2S2ext_RX_DMA_Init
                0x0000000008000d80      0x154 ./Core/Src/i2s.o
                0x0000000008000d80                I2S2ext_RX_DMA_Init
 .text.DMA1_Stream4_IRQHandler
                0x0000000008000ed4       0xec ./Core/Src/i2s.o
                0x0000000008000ed4                DMA1_Stream4_IRQHandler
 .text.DMA1_Stream3_IRQHandler
                0x0000000008000fc0       0xf4 ./Core/Src/i2s.o
                0x0000000008000fc0                DMA1_Stream3_IRQHandler
 .text.I2S_Play_Start
                0x00000000080010b4       0x24 ./Core/Src/i2s.o
                0x00000000080010b4                I2S_Play_Start
 .text.I2S_Rec_Start
                0x00000000080010d8       0x24 ./Core/Src/i2s.o
                0x00000000080010d8                I2S_Rec_Start
 .text.I2S_Rec_Stop
                0x00000000080010fc       0x24 ./Core/Src/i2s.o
                0x00000000080010fc                I2S_Rec_Stop
 .text.recoder_wav_init
                0x0000000008001120       0x78 ./Core/Src/main.o
                0x0000000008001120                recoder_wav_init
 .text.rec_i2s_dma_rx_callback
                0x0000000008001198      0x108 ./Core/Src/main.o
                0x0000000008001198                rec_i2s_dma_rx_callback
 .text.set_timestamp
                0x00000000080012a0       0x80 ./Core/Src/main.o
                0x00000000080012a0                set_timestamp
 .text.main     0x0000000008001320      0x400 ./Core/Src/main.o
                0x0000000008001320                main
 .text.SystemClock_Config
                0x0000000008001720       0xd8 ./Core/Src/main.o
                0x0000000008001720                SystemClock_Config
 .text.MX_I2C1_Init
                0x00000000080017f8       0x5c ./Core/Src/main.o
 .text.MX_I2S2_Init
                0x0000000008001854       0x5c ./Core/Src/main.o
 .text.MX_RTC_Init
                0x00000000080018b0       0x88 ./Core/Src/main.o
 .text.MX_SDIO_SD_Init
                0x0000000008001938       0x44 ./Core/Src/main.o
 .text.MX_USART1_UART_Init
                0x000000000800197c       0x54 ./Core/Src/main.o
 .text.MX_DMA_Init
                0x00000000080019d0       0x7c ./Core/Src/main.o
 .text.MX_GPIO_Init
                0x0000000008001a4c       0xf4 ./Core/Src/main.o
 .text.__io_putchar
                0x0000000008001b40       0x24 ./Core/Src/main.o
                0x0000000008001b40                __io_putchar
 .text.Error_Handler
                0x0000000008001b64        0xe ./Core/Src/main.o
                0x0000000008001b64                Error_Handler
 .text.mymemset
                0x0000000008001b72       0x36 ./Core/Src/malloc.o
                0x0000000008001b72                mymemset
 .text.my_mem_init
                0x0000000008001ba8       0x50 ./Core/Src/malloc.o
                0x0000000008001ba8                my_mem_init
 .text.my_mem_perused
                0x0000000008001bf8       0x64 ./Core/Src/malloc.o
                0x0000000008001bf8                my_mem_perused
 .text.my_mem_malloc
                0x0000000008001c5c       0xe4 ./Core/Src/malloc.o
                0x0000000008001c5c                my_mem_malloc
 .text.my_mem_free
                0x0000000008001d40       0x90 ./Core/Src/malloc.o
                0x0000000008001d40                my_mem_free
 .text.myfree   0x0000000008001dd0       0x3c ./Core/Src/malloc.o
                0x0000000008001dd0                myfree
 .text.mymalloc
                0x0000000008001e0c       0x40 ./Core/Src/malloc.o
                0x0000000008001e0c                mymalloc
 .text.HAL_MspInit
                0x0000000008001e4c       0x50 ./Core/Src/stm32f4xx_hal_msp.o
                0x0000000008001e4c                HAL_MspInit
 .text.HAL_I2C_MspInit
                0x0000000008001e9c       0x90 ./Core/Src/stm32f4xx_hal_msp.o
                0x0000000008001e9c                HAL_I2C_MspInit
 .text.HAL_I2S_MspInit
                0x0000000008001f2c      0x188 ./Core/Src/stm32f4xx_hal_msp.o
                0x0000000008001f2c                HAL_I2S_MspInit
 .text.HAL_RTC_MspInit
                0x00000000080020b4       0x54 ./Core/Src/stm32f4xx_hal_msp.o
                0x00000000080020b4                HAL_RTC_MspInit
 .text.HAL_SD_MspInit
                0x0000000008002108      0x1e0 ./Core/Src/stm32f4xx_hal_msp.o
                0x0000000008002108                HAL_SD_MspInit
 .text.HAL_UART_MspInit
                0x00000000080022e8       0x90 ./Core/Src/stm32f4xx_hal_msp.o
                0x00000000080022e8                HAL_UART_MspInit
 .text.NMI_Handler
                0x0000000008002378        0xe ./Core/Src/stm32f4xx_it.o
                0x0000000008002378                NMI_Handler
 .text.HardFault_Handler
                0x0000000008002386        0x6 ./Core/Src/stm32f4xx_it.o
                0x0000000008002386                HardFault_Handler
 .text.MemManage_Handler
                0x000000000800238c        0x6 ./Core/Src/stm32f4xx_it.o
                0x000000000800238c                MemManage_Handler
 .text.BusFault_Handler
                0x0000000008002392        0x6 ./Core/Src/stm32f4xx_it.o
                0x0000000008002392                BusFault_Handler
 .text.UsageFault_Handler
                0x0000000008002398        0x6 ./Core/Src/stm32f4xx_it.o
                0x0000000008002398                UsageFault_Handler
 .text.SVC_Handler
                0x000000000800239e        0xe ./Core/Src/stm32f4xx_it.o
                0x000000000800239e                SVC_Handler
 .text.DebugMon_Handler
                0x00000000080023ac        0xe ./Core/Src/stm32f4xx_it.o
                0x00000000080023ac                DebugMon_Handler
 .text.PendSV_Handler
                0x00000000080023ba        0xe ./Core/Src/stm32f4xx_it.o
                0x00000000080023ba                PendSV_Handler
 .text.SysTick_Handler
                0x00000000080023c8        0xc ./Core/Src/stm32f4xx_it.o
                0x00000000080023c8                SysTick_Handler
 .text.SDIO_IRQHandler
                0x00000000080023d4       0x14 ./Core/Src/stm32f4xx_it.o
                0x00000000080023d4                SDIO_IRQHandler
 .text.DMA2_Stream3_IRQHandler
                0x00000000080023e8       0x14 ./Core/Src/stm32f4xx_it.o
                0x00000000080023e8                DMA2_Stream3_IRQHandler
 .text.DMA2_Stream6_IRQHandler
                0x00000000080023fc       0x14 ./Core/Src/stm32f4xx_it.o
                0x00000000080023fc                DMA2_Stream6_IRQHandler
 .text._read    0x0000000008002410       0x3a ./Core/Src/syscalls.o
                0x0000000008002410                _read
 .text._write   0x000000000800244a       0x38 ./Core/Src/syscalls.o
                0x000000000800244a                _write
 .text._close   0x0000000008002482       0x18 ./Core/Src/syscalls.o
                0x0000000008002482                _close
 .text._fstat   0x000000000800249a       0x20 ./Core/Src/syscalls.o
                0x000000000800249a                _fstat
 .text._isatty  0x00000000080024ba       0x16 ./Core/Src/syscalls.o
                0x00000000080024ba                _isatty
 .text._lseek   0x00000000080024d0       0x1a ./Core/Src/syscalls.o
                0x00000000080024d0                _lseek
 *fill*         0x00000000080024ea        0x2 
 .text._sbrk    0x00000000080024ec       0x58 ./Core/Src/sysmem.o
                0x00000000080024ec                _sbrk
 .text.SystemInit
                0x0000000008002544       0x2c ./Core/Src/system_stm32f4xx.o
                0x0000000008002544                SystemInit
 .text.Reset_Handler
                0x0000000008002570       0x50 ./Core/Startup/startup_stm32f407zgtx.o
                0x0000000008002570                Reset_Handler
 .text.Default_Handler
                0x00000000080025c0        0x2 ./Core/Startup/startup_stm32f407zgtx.o
                0x00000000080025c0                RTC_Alarm_IRQHandler
                0x00000000080025c0                HASH_RNG_IRQHandler
                0x00000000080025c0                EXTI2_IRQHandler
                0x00000000080025c0                TIM8_CC_IRQHandler
                0x00000000080025c0                TIM1_CC_IRQHandler
                0x00000000080025c0                DMA2_Stream5_IRQHandler
                0x00000000080025c0                DMA1_Stream5_IRQHandler
                0x00000000080025c0                PVD_IRQHandler
                0x00000000080025c0                TAMP_STAMP_IRQHandler
                0x00000000080025c0                CAN2_RX1_IRQHandler
                0x00000000080025c0                EXTI3_IRQHandler
                0x00000000080025c0                TIM8_TRG_COM_TIM14_IRQHandler
                0x00000000080025c0                TIM1_UP_TIM10_IRQHandler
                0x00000000080025c0                TIM8_UP_TIM13_IRQHandler
                0x00000000080025c0                I2C3_ER_IRQHandler
                0x00000000080025c0                EXTI0_IRQHandler
                0x00000000080025c0                I2C2_EV_IRQHandler
                0x00000000080025c0                DMA1_Stream2_IRQHandler
                0x00000000080025c0                CAN1_RX0_IRQHandler
                0x00000000080025c0                FPU_IRQHandler
                0x00000000080025c0                OTG_HS_WKUP_IRQHandler
                0x00000000080025c0                CAN2_SCE_IRQHandler
                0x00000000080025c0                DMA2_Stream2_IRQHandler
                0x00000000080025c0                SPI1_IRQHandler
                0x00000000080025c0                TIM6_DAC_IRQHandler
                0x00000000080025c0                TIM1_BRK_TIM9_IRQHandler
                0x00000000080025c0                DCMI_IRQHandler
                0x00000000080025c0                CAN2_RX0_IRQHandler
                0x00000000080025c0                USART6_IRQHandler
                0x00000000080025c0                USART3_IRQHandler
                0x00000000080025c0                CAN1_RX1_IRQHandler
                0x00000000080025c0                UART5_IRQHandler
                0x00000000080025c0                DMA2_Stream0_IRQHandler
                0x00000000080025c0                TIM4_IRQHandler
                0x00000000080025c0                I2C1_EV_IRQHandler
                0x00000000080025c0                DMA1_Stream6_IRQHandler
                0x00000000080025c0                DMA1_Stream1_IRQHandler
                0x00000000080025c0                UART4_IRQHandler
                0x00000000080025c0                TIM3_IRQHandler
                0x00000000080025c0                RCC_IRQHandler
                0x00000000080025c0                TIM8_BRK_TIM12_IRQHandler
                0x00000000080025c0                Default_Handler
                0x00000000080025c0                EXTI15_10_IRQHandler
                0x00000000080025c0                ADC_IRQHandler
                0x00000000080025c0                DMA1_Stream7_IRQHandler
                0x00000000080025c0                TIM7_IRQHandler
                0x00000000080025c0                CAN2_TX_IRQHandler
                0x00000000080025c0                TIM5_IRQHandler
                0x00000000080025c0                DMA2_Stream7_IRQHandler
                0x00000000080025c0                I2C3_EV_IRQHandler
                0x00000000080025c0                EXTI9_5_IRQHandler
                0x00000000080025c0                RTC_WKUP_IRQHandler
                0x00000000080025c0                ETH_WKUP_IRQHandler
                0x00000000080025c0                SPI2_IRQHandler
                0x00000000080025c0                OTG_HS_EP1_IN_IRQHandler
                0x00000000080025c0                DMA1_Stream0_IRQHandler
                0x00000000080025c0                CAN1_TX_IRQHandler
                0x00000000080025c0                EXTI4_IRQHandler
                0x00000000080025c0                FSMC_IRQHandler
                0x00000000080025c0                ETH_IRQHandler
                0x00000000080025c0                OTG_HS_EP1_OUT_IRQHandler
                0x00000000080025c0                WWDG_IRQHandler
                0x00000000080025c0                TIM2_IRQHandler
                0x00000000080025c0                OTG_FS_WKUP_IRQHandler
                0x00000000080025c0                TIM1_TRG_COM_TIM11_IRQHandler
                0x00000000080025c0                OTG_HS_IRQHandler
                0x00000000080025c0                EXTI1_IRQHandler
                0x00000000080025c0                USART2_IRQHandler
                0x00000000080025c0                I2C2_ER_IRQHandler
                0x00000000080025c0                DMA2_Stream1_IRQHandler
                0x00000000080025c0                CAN1_SCE_IRQHandler
                0x00000000080025c0                FLASH_IRQHandler
                0x00000000080025c0                DMA2_Stream4_IRQHandler
                0x00000000080025c0                USART1_IRQHandler
                0x00000000080025c0                OTG_FS_IRQHandler
                0x00000000080025c0                SPI3_IRQHandler
                0x00000000080025c0                I2C1_ER_IRQHandler
 *fill*         0x00000000080025c2        0x2 
 .text.HAL_Init
                0x00000000080025c4       0x44 ./Drivers/STM32F4xx_HAL_Driver/Src/stm32f4xx_hal.o
                0x00000000080025c4                HAL_Init
 .text.HAL_InitTick
                0x0000000008002608       0x60 ./Drivers/STM32F4xx_HAL_Driver/Src/stm32f4xx_hal.o
                0x0000000008002608                HAL_InitTick
 .text.HAL_IncTick
                0x0000000008002668       0x28 ./Drivers/STM32F4xx_HAL_Driver/Src/stm32f4xx_hal.o
                0x0000000008002668                HAL_IncTick
 .text.HAL_GetTick
                0x0000000008002690       0x18 ./Drivers/STM32F4xx_HAL_Driver/Src/stm32f4xx_hal.o
                0x0000000008002690                HAL_GetTick
 .text.HAL_Delay
                0x00000000080026a8       0x48 ./Drivers/STM32F4xx_HAL_Driver/Src/stm32f4xx_hal.o
                0x00000000080026a8                HAL_Delay
 .text.__NVIC_SetPriorityGrouping
                0x00000000080026f0       0x48 ./Drivers/STM32F4xx_HAL_Driver/Src/stm32f4xx_hal_cortex.o
 .text.__NVIC_GetPriorityGrouping
                0x0000000008002738       0x1c ./Drivers/STM32F4xx_HAL_Driver/Src/stm32f4xx_hal_cortex.o
 .text.__NVIC_EnableIRQ
                0x0000000008002754       0x3c ./Drivers/STM32F4xx_HAL_Driver/Src/stm32f4xx_hal_cortex.o
 .text.__NVIC_SetPriority
                0x0000000008002790       0x54 ./Drivers/STM32F4xx_HAL_Driver/Src/stm32f4xx_hal_cortex.o
 .text.NVIC_EncodePriority
                0x00000000080027e4       0x66 ./Drivers/STM32F4xx_HAL_Driver/Src/stm32f4xx_hal_cortex.o
 *fill*         0x000000000800284a        0x2 
 .text.SysTick_Config
                0x000000000800284c       0x44 ./Drivers/STM32F4xx_HAL_Driver/Src/stm32f4xx_hal_cortex.o
 .text.HAL_NVIC_SetPriorityGrouping
                0x0000000008002890       0x16 ./Drivers/STM32F4xx_HAL_Driver/Src/stm32f4xx_hal_cortex.o
                0x0000000008002890                HAL_NVIC_SetPriorityGrouping
 .text.HAL_NVIC_SetPriority
                0x00000000080028a6       0x38 ./Drivers/STM32F4xx_HAL_Driver/Src/stm32f4xx_hal_cortex.o
                0x00000000080028a6                HAL_NVIC_SetPriority
 .text.HAL_NVIC_EnableIRQ
                0x00000000080028de       0x1c ./Drivers/STM32F4xx_HAL_Driver/Src/stm32f4xx_hal_cortex.o
                0x00000000080028de                HAL_NVIC_EnableIRQ
 .text.HAL_SYSTICK_Config
                0x00000000080028fa       0x18 ./Drivers/STM32F4xx_HAL_Driver/Src/stm32f4xx_hal_cortex.o
                0x00000000080028fa                HAL_SYSTICK_Config
 *fill*         0x0000000008002912        0x2 
 .text.HAL_DMA_Init
                0x0000000008002914      0x15c ./Drivers/STM32F4xx_HAL_Driver/Src/stm32f4xx_hal_dma.o
                0x0000000008002914                HAL_DMA_Init
 .text.HAL_DMA_DeInit
                0x0000000008002a70       0xbc ./Drivers/STM32F4xx_HAL_Driver/Src/stm32f4xx_hal_dma.o
                0x0000000008002a70                HAL_DMA_DeInit
 .text.HAL_DMA_Start_IT
                0x0000000008002b2c       0xb0 ./Drivers/STM32F4xx_HAL_Driver/Src/stm32f4xx_hal_dma.o
                0x0000000008002b2c                HAL_DMA_Start_IT
 .text.HAL_DMA_Abort_IT
                0x0000000008002bdc       0x44 ./Drivers/STM32F4xx_HAL_Driver/Src/stm32f4xx_hal_dma.o
                0x0000000008002bdc                HAL_DMA_Abort_IT
 .text.HAL_DMA_IRQHandler
                0x0000000008002c20      0x314 ./Drivers/STM32F4xx_HAL_Driver/Src/stm32f4xx_hal_dma.o
                0x0000000008002c20                HAL_DMA_IRQHandler
 .text.HAL_DMA_GetError
                0x0000000008002f34       0x18 ./Drivers/STM32F4xx_HAL_Driver/Src/stm32f4xx_hal_dma.o
                0x0000000008002f34                HAL_DMA_GetError
 .text.DMA_SetConfig
                0x0000000008002f4c       0x5c ./Drivers/STM32F4xx_HAL_Driver/Src/stm32f4xx_hal_dma.o
 .text.DMA_CalcBaseAndBitshift
                0x0000000008002fa8       0x6c ./Drivers/STM32F4xx_HAL_Driver/Src/stm32f4xx_hal_dma.o
 .text.DMA_CheckFifoParam
                0x0000000008003014       0xf8 ./Drivers/STM32F4xx_HAL_Driver/Src/stm32f4xx_hal_dma.o
 .text.HAL_DMAEx_MultiBufferStart
                0x000000000800310c       0x96 ./Drivers/STM32F4xx_HAL_Driver/Src/stm32f4xx_hal_dma_ex.o
                0x000000000800310c                HAL_DMAEx_MultiBufferStart
 .text.DMA_MultiBufferSetConfig
                0x00000000080031a2       0x4c ./Drivers/STM32F4xx_HAL_Driver/Src/stm32f4xx_hal_dma_ex.o
 *fill*         0x00000000080031ee        0x2 
 .text.HAL_GPIO_Init
                0x00000000080031f0      0x338 ./Drivers/STM32F4xx_HAL_Driver/Src/stm32f4xx_hal_gpio.o
                0x00000000080031f0                HAL_GPIO_Init
 .text.HAL_GPIO_WritePin
                0x0000000008003528       0x32 ./Drivers/STM32F4xx_HAL_Driver/Src/stm32f4xx_hal_gpio.o
                0x0000000008003528                HAL_GPIO_WritePin
 .text.HAL_GPIO_TogglePin
                0x000000000800355a       0x34 ./Drivers/STM32F4xx_HAL_Driver/Src/stm32f4xx_hal_gpio.o
                0x000000000800355a                HAL_GPIO_TogglePin
 *fill*         0x000000000800358e        0x2 
 .text.HAL_I2C_Init
                0x0000000008003590      0x288 ./Drivers/STM32F4xx_HAL_Driver/Src/stm32f4xx_hal_i2c.o
                0x0000000008003590                HAL_I2C_Init
 .text.HAL_I2C_Master_Transmit
                0x0000000008003818      0x1fc ./Drivers/STM32F4xx_HAL_Driver/Src/stm32f4xx_hal_i2c.o
                0x0000000008003818                HAL_I2C_Master_Transmit
 .text.I2C_MasterRequestWrite
                0x0000000008003a14      0x104 ./Drivers/STM32F4xx_HAL_Driver/Src/stm32f4xx_hal_i2c.o
 .text.I2C_WaitOnFlagUntilTimeout
                0x0000000008003b18       0xae ./Drivers/STM32F4xx_HAL_Driver/Src/stm32f4xx_hal_i2c.o
 .text.I2C_WaitOnMasterAddressFlagUntilTimeout
                0x0000000008003bc6       0xfe ./Drivers/STM32F4xx_HAL_Driver/Src/stm32f4xx_hal_i2c.o
 .text.I2C_WaitOnTXEFlagUntilTimeout
                0x0000000008003cc4       0x82 ./Drivers/STM32F4xx_HAL_Driver/Src/stm32f4xx_hal_i2c.o
 .text.I2C_WaitOnBTFFlagUntilTimeout
                0x0000000008003d46       0x82 ./Drivers/STM32F4xx_HAL_Driver/Src/stm32f4xx_hal_i2c.o
 .text.I2C_IsAcknowledgeFailed
                0x0000000008003dc8       0x5e ./Drivers/STM32F4xx_HAL_Driver/Src/stm32f4xx_hal_i2c.o
 *fill*         0x0000000008003e26        0x2 
 .text.HAL_I2S_Init
                0x0000000008003e28      0x280 ./Drivers/STM32F4xx_HAL_Driver/Src/stm32f4xx_hal_i2s.o
                0x0000000008003e28                HAL_I2S_Init
 .text.HAL_I2S_TxCpltCallback
                0x00000000080040a8       0x14 ./Drivers/STM32F4xx_HAL_Driver/Src/stm32f4xx_hal_i2s.o
                0x00000000080040a8                HAL_I2S_TxCpltCallback
 .text.HAL_I2S_RxCpltCallback
                0x00000000080040bc       0x14 ./Drivers/STM32F4xx_HAL_Driver/Src/stm32f4xx_hal_i2s.o
                0x00000000080040bc                HAL_I2S_RxCpltCallback
 .text.HAL_I2S_ErrorCallback
                0x00000000080040d0       0x14 ./Drivers/STM32F4xx_HAL_Driver/Src/stm32f4xx_hal_i2s.o
                0x00000000080040d0                HAL_I2S_ErrorCallback
 .text.I2S_Transmit_IT
                0x00000000080040e4       0x5c ./Drivers/STM32F4xx_HAL_Driver/Src/stm32f4xx_hal_i2s.o
 .text.I2S_Receive_IT
                0x0000000008004140       0x5e ./Drivers/STM32F4xx_HAL_Driver/Src/stm32f4xx_hal_i2s.o
 .text.I2S_IRQHandler
                0x000000000800419e      0x114 ./Drivers/STM32F4xx_HAL_Driver/Src/stm32f4xx_hal_i2s.o
 *fill*         0x00000000080042b2        0x2 
 .text.HAL_I2SEx_FullDuplex_IRQHandler
                0x00000000080042b4      0x2a8 ./Drivers/STM32F4xx_HAL_Driver/Src/stm32f4xx_hal_i2s_ex.o
                0x00000000080042b4                HAL_I2SEx_FullDuplex_IRQHandler
 .text.HAL_I2SEx_TxRxCpltCallback
                0x000000000800455c       0x14 ./Drivers/STM32F4xx_HAL_Driver/Src/stm32f4xx_hal_i2s_ex.o
                0x000000000800455c                HAL_I2SEx_TxRxCpltCallback
 .text.I2SEx_TxISR_I2S
                0x0000000008004570       0x62 ./Drivers/STM32F4xx_HAL_Driver/Src/stm32f4xx_hal_i2s_ex.o
 *fill*         0x00000000080045d2        0x2 
 .text.I2SEx_TxISR_I2SExt
                0x00000000080045d4       0x98 ./Drivers/STM32F4xx_HAL_Driver/Src/stm32f4xx_hal_i2s_ex.o
 .text.I2SEx_RxISR_I2S
                0x000000000800466c       0x64 ./Drivers/STM32F4xx_HAL_Driver/Src/stm32f4xx_hal_i2s_ex.o
 .text.I2SEx_RxISR_I2SExt
                0x00000000080046d0       0x98 ./Drivers/STM32F4xx_HAL_Driver/Src/stm32f4xx_hal_i2s_ex.o
 .text.HAL_RCC_OscConfig
                0x0000000008004768      0x4f0 ./Drivers/STM32F4xx_HAL_Driver/Src/stm32f4xx_hal_rcc.o
                0x0000000008004768                HAL_RCC_OscConfig
 .text.HAL_RCC_ClockConfig
                0x0000000008004c58      0x1cc ./Drivers/STM32F4xx_HAL_Driver/Src/stm32f4xx_hal_rcc.o
                0x0000000008004c58                HAL_RCC_ClockConfig
 .text.HAL_RCC_GetSysClockFreq
                0x0000000008004e24      0x1c4 ./Drivers/STM32F4xx_HAL_Driver/Src/stm32f4xx_hal_rcc.o
                0x0000000008004e24                HAL_RCC_GetSysClockFreq
 .text.HAL_RCC_GetHCLKFreq
                0x0000000008004fe8       0x18 ./Drivers/STM32F4xx_HAL_Driver/Src/stm32f4xx_hal_rcc.o
                0x0000000008004fe8                HAL_RCC_GetHCLKFreq
 .text.HAL_RCC_GetPCLK1Freq
                0x0000000008005000       0x28 ./Drivers/STM32F4xx_HAL_Driver/Src/stm32f4xx_hal_rcc.o
                0x0000000008005000                HAL_RCC_GetPCLK1Freq
 .text.HAL_RCC_GetPCLK2Freq
                0x0000000008005028       0x28 ./Drivers/STM32F4xx_HAL_Driver/Src/stm32f4xx_hal_rcc.o
                0x0000000008005028                HAL_RCC_GetPCLK2Freq
 .text.HAL_RCCEx_PeriphCLKConfig
                0x0000000008005050      0x1c4 ./Drivers/STM32F4xx_HAL_Driver/Src/stm32f4xx_hal_rcc_ex.o
                0x0000000008005050                HAL_RCCEx_PeriphCLKConfig
 .text.HAL_RCCEx_GetPeriphCLKFreq
                0x0000000008005214       0xbc ./Drivers/STM32F4xx_HAL_Driver/Src/stm32f4xx_hal_rcc_ex.o
                0x0000000008005214                HAL_RCCEx_GetPeriphCLKFreq
 .text.HAL_RTC_Init
                0x00000000080052d0      0x122 ./Drivers/STM32F4xx_HAL_Driver/Src/stm32f4xx_hal_rtc.o
                0x00000000080052d0                HAL_RTC_Init
 .text.HAL_RTC_GetTime
                0x00000000080053f2       0xbc ./Drivers/STM32F4xx_HAL_Driver/Src/stm32f4xx_hal_rtc.o
                0x00000000080053f2                HAL_RTC_GetTime
 .text.HAL_RTC_GetDate
                0x00000000080054ae       0x9e ./Drivers/STM32F4xx_HAL_Driver/Src/stm32f4xx_hal_rtc.o
                0x00000000080054ae                HAL_RTC_GetDate
 .text.HAL_RTC_WaitForSynchro
                0x000000000800554c       0x50 ./Drivers/STM32F4xx_HAL_Driver/Src/stm32f4xx_hal_rtc.o
                0x000000000800554c                HAL_RTC_WaitForSynchro
 .text.RTC_EnterInitMode
                0x000000000800559c       0x58 ./Drivers/STM32F4xx_HAL_Driver/Src/stm32f4xx_hal_rtc.o
                0x000000000800559c                RTC_EnterInitMode
 .text.RTC_Bcd2ToByte
                0x00000000080055f4       0x3c ./Drivers/STM32F4xx_HAL_Driver/Src/stm32f4xx_hal_rtc.o
                0x00000000080055f4                RTC_Bcd2ToByte
 .text.HAL_SD_Init
                0x0000000008005630       0x60 ./Drivers/STM32F4xx_HAL_Driver/Src/stm32f4xx_hal_sd.o
                0x0000000008005630                HAL_SD_Init
 .text.HAL_SD_InitCard
                0x0000000008005690       0xfc ./Drivers/STM32F4xx_HAL_Driver/Src/stm32f4xx_hal_sd.o
                0x0000000008005690                HAL_SD_InitCard
 .text.HAL_SD_ReadBlocks_DMA
                0x000000000800578c      0x1c4 ./Drivers/STM32F4xx_HAL_Driver/Src/stm32f4xx_hal_sd.o
                0x000000000800578c                HAL_SD_ReadBlocks_DMA
 .text.HAL_SD_WriteBlocks_DMA
                0x0000000008005950      0x1cc ./Drivers/STM32F4xx_HAL_Driver/Src/stm32f4xx_hal_sd.o
                0x0000000008005950                HAL_SD_WriteBlocks_DMA
 .text.HAL_SD_IRQHandler
                0x0000000008005b1c      0x30c ./Drivers/STM32F4xx_HAL_Driver/Src/stm32f4xx_hal_sd.o
                0x0000000008005b1c                HAL_SD_IRQHandler
 .text.HAL_SD_ErrorCallback
                0x0000000008005e28       0x14 ./Drivers/STM32F4xx_HAL_Driver/Src/stm32f4xx_hal_sd.o
                0x0000000008005e28                HAL_SD_ErrorCallback
 .text.HAL_SD_GetCardCSD
                0x0000000008005e3c      0x348 ./Drivers/STM32F4xx_HAL_Driver/Src/stm32f4xx_hal_sd.o
                0x0000000008005e3c                HAL_SD_GetCardCSD
 .text.HAL_SD_GetCardInfo
                0x0000000008006184       0x58 ./Drivers/STM32F4xx_HAL_Driver/Src/stm32f4xx_hal_sd.o
                0x0000000008006184                HAL_SD_GetCardInfo
 .text.HAL_SD_ConfigWideBusOperation
                0x00000000080061dc      0x134 ./Drivers/STM32F4xx_HAL_Driver/Src/stm32f4xx_hal_sd.o
                0x00000000080061dc                HAL_SD_ConfigWideBusOperation
 .text.HAL_SD_GetCardState
                0x0000000008006310       0x40 ./Drivers/STM32F4xx_HAL_Driver/Src/stm32f4xx_hal_sd.o
                0x0000000008006310                HAL_SD_GetCardState
 .text.SD_DMATransmitCplt
                0x0000000008006350       0x2a ./Drivers/STM32F4xx_HAL_Driver/Src/stm32f4xx_hal_sd.o
 .text.SD_DMAReceiveCplt
                0x000000000800637a       0x70 ./Drivers/STM32F4xx_HAL_Driver/Src/stm32f4xx_hal_sd.o
 *fill*         0x00000000080063ea        0x2 
 .text.SD_DMAError
                0x00000000080063ec       0xa4 ./Drivers/STM32F4xx_HAL_Driver/Src/stm32f4xx_hal_sd.o
 .text.SD_DMATxAbort
                0x0000000008006490       0x6e ./Drivers/STM32F4xx_HAL_Driver/Src/stm32f4xx_hal_sd.o
 .text.SD_DMARxAbort
                0x00000000080064fe       0x6e ./Drivers/STM32F4xx_HAL_Driver/Src/stm32f4xx_hal_sd.o
 .text.SD_InitCard
                0x000000000800656c      0x198 ./Drivers/STM32F4xx_HAL_Driver/Src/stm32f4xx_hal_sd.o
 .text.SD_PowerON
                0x0000000008006704      0x11c ./Drivers/STM32F4xx_HAL_Driver/Src/stm32f4xx_hal_sd.o
 .text.SD_SendStatus
                0x0000000008006820       0x50 ./Drivers/STM32F4xx_HAL_Driver/Src/stm32f4xx_hal_sd.o
 .text.SD_WideBus_Enable
                0x0000000008006870       0x96 ./Drivers/STM32F4xx_HAL_Driver/Src/stm32f4xx_hal_sd.o
 .text.SD_WideBus_Disable
                0x0000000008006906       0x96 ./Drivers/STM32F4xx_HAL_Driver/Src/stm32f4xx_hal_sd.o
 .text.SD_FindSCR
                0x000000000800699c      0x1a6 ./Drivers/STM32F4xx_HAL_Driver/Src/stm32f4xx_hal_sd.o
 .text.SD_Read_IT
                0x0000000008006b42       0xa2 ./Drivers/STM32F4xx_HAL_Driver/Src/stm32f4xx_hal_sd.o
 .text.SD_Write_IT
                0x0000000008006be4       0xaa ./Drivers/STM32F4xx_HAL_Driver/Src/stm32f4xx_hal_sd.o
 .text.HAL_UART_Init
                0x0000000008006c8e       0x9a ./Drivers/STM32F4xx_HAL_Driver/Src/stm32f4xx_hal_uart.o
                0x0000000008006c8e                HAL_UART_Init
 .text.HAL_UART_Transmit
                0x0000000008006d28      0x124 ./Drivers/STM32F4xx_HAL_Driver/Src/stm32f4xx_hal_uart.o
                0x0000000008006d28                HAL_UART_Transmit
 .text.UART_WaitOnFlagUntilTimeout
                0x0000000008006e4c       0xdc ./Drivers/STM32F4xx_HAL_Driver/Src/stm32f4xx_hal_uart.o
 .text.UART_SetConfig
                0x0000000008006f28      0x390 ./Drivers/STM32F4xx_HAL_Driver/Src/stm32f4xx_hal_uart.o
 .text.SDIO_Init
                0x00000000080072b8       0x56 ./Drivers/STM32F4xx_HAL_Driver/Src/stm32f4xx_ll_sdmmc.o
                0x00000000080072b8                SDIO_Init
 .text.SDIO_ReadFIFO
                0x000000000800730e       0x1a ./Drivers/STM32F4xx_HAL_Driver/Src/stm32f4xx_ll_sdmmc.o
                0x000000000800730e                SDIO_ReadFIFO
 .text.SDIO_WriteFIFO
                0x0000000008007328       0x22 ./Drivers/STM32F4xx_HAL_Driver/Src/stm32f4xx_ll_sdmmc.o
                0x0000000008007328                SDIO_WriteFIFO
 .text.SDIO_PowerState_ON
                0x000000000800734a       0x1e ./Drivers/STM32F4xx_HAL_Driver/Src/stm32f4xx_ll_sdmmc.o
                0x000000000800734a                SDIO_PowerState_ON
 .text.SDIO_GetPowerState
                0x0000000008007368       0x1c ./Drivers/STM32F4xx_HAL_Driver/Src/stm32f4xx_ll_sdmmc.o
                0x0000000008007368                SDIO_GetPowerState
 .text.SDIO_SendCommand
                0x0000000008007384       0x54 ./Drivers/STM32F4xx_HAL_Driver/Src/stm32f4xx_ll_sdmmc.o
                0x0000000008007384                SDIO_SendCommand
 .text.SDIO_GetCommandResponse
                0x00000000080073d8       0x1a ./Drivers/STM32F4xx_HAL_Driver/Src/stm32f4xx_ll_sdmmc.o
                0x00000000080073d8                SDIO_GetCommandResponse
 .text.SDIO_GetResponse
                0x00000000080073f2       0x26 ./Drivers/STM32F4xx_HAL_Driver/Src/stm32f4xx_ll_sdmmc.o
                0x00000000080073f2                SDIO_GetResponse
 .text.SDIO_ConfigData
                0x0000000008007418       0x58 ./Drivers/STM32F4xx_HAL_Driver/Src/stm32f4xx_ll_sdmmc.o
                0x0000000008007418                SDIO_ConfigData
 .text.SDMMC_CmdBlockLength
                0x0000000008007470       0x44 ./Drivers/STM32F4xx_HAL_Driver/Src/stm32f4xx_ll_sdmmc.o
                0x0000000008007470                SDMMC_CmdBlockLength
 .text.SDMMC_CmdReadSingleBlock
                0x00000000080074b4       0x44 ./Drivers/STM32F4xx_HAL_Driver/Src/stm32f4xx_ll_sdmmc.o
                0x00000000080074b4                SDMMC_CmdReadSingleBlock
 .text.SDMMC_CmdReadMultiBlock
                0x00000000080074f8       0x44 ./Drivers/STM32F4xx_HAL_Driver/Src/stm32f4xx_ll_sdmmc.o
                0x00000000080074f8                SDMMC_CmdReadMultiBlock
 .text.SDMMC_CmdWriteSingleBlock
                0x000000000800753c       0x44 ./Drivers/STM32F4xx_HAL_Driver/Src/stm32f4xx_ll_sdmmc.o
                0x000000000800753c                SDMMC_CmdWriteSingleBlock
 .text.SDMMC_CmdWriteMultiBlock
                0x0000000008007580       0x44 ./Drivers/STM32F4xx_HAL_Driver/Src/stm32f4xx_ll_sdmmc.o
                0x0000000008007580                SDMMC_CmdWriteMultiBlock
 .text.SDMMC_CmdStopTransfer
                0x00000000080075c4       0x44 ./Drivers/STM32F4xx_HAL_Driver/Src/stm32f4xx_ll_sdmmc.o
                0x00000000080075c4                SDMMC_CmdStopTransfer
 .text.SDMMC_CmdSelDesel
                0x0000000008007608       0x46 ./Drivers/STM32F4xx_HAL_Driver/Src/stm32f4xx_ll_sdmmc.o
                0x0000000008007608                SDMMC_CmdSelDesel
 .text.SDMMC_CmdGoIdleState
                0x000000000800764e       0x3c ./Drivers/STM32F4xx_HAL_Driver/Src/stm32f4xx_ll_sdmmc.o
                0x000000000800764e                SDMMC_CmdGoIdleState
 .text.SDMMC_CmdOperCond
                0x000000000800768a       0x3e ./Drivers/STM32F4xx_HAL_Driver/Src/stm32f4xx_ll_sdmmc.o
                0x000000000800768a                SDMMC_CmdOperCond
 .text.SDMMC_CmdAppCommand
                0x00000000080076c8       0x44 ./Drivers/STM32F4xx_HAL_Driver/Src/stm32f4xx_ll_sdmmc.o
                0x00000000080076c8                SDMMC_CmdAppCommand
 .text.SDMMC_CmdAppOperCommand
                0x000000000800770c       0x46 ./Drivers/STM32F4xx_HAL_Driver/Src/stm32f4xx_ll_sdmmc.o
                0x000000000800770c                SDMMC_CmdAppOperCommand
 .text.SDMMC_CmdBusWidth
                0x0000000008007752       0x44 ./Drivers/STM32F4xx_HAL_Driver/Src/stm32f4xx_ll_sdmmc.o
                0x0000000008007752                SDMMC_CmdBusWidth
 .text.SDMMC_CmdSendSCR
                0x0000000008007796       0x42 ./Drivers/STM32F4xx_HAL_Driver/Src/stm32f4xx_ll_sdmmc.o
                0x0000000008007796                SDMMC_CmdSendSCR
 .text.SDMMC_CmdSendCID
                0x00000000080077d8       0x3c ./Drivers/STM32F4xx_HAL_Driver/Src/stm32f4xx_ll_sdmmc.o
                0x00000000080077d8                SDMMC_CmdSendCID
 .text.SDMMC_CmdSendCSD
                0x0000000008007814       0x3e ./Drivers/STM32F4xx_HAL_Driver/Src/stm32f4xx_ll_sdmmc.o
                0x0000000008007814                SDMMC_CmdSendCSD
 .text.SDMMC_CmdSetRelAdd
                0x0000000008007852       0x42 ./Drivers/STM32F4xx_HAL_Driver/Src/stm32f4xx_ll_sdmmc.o
                0x0000000008007852                SDMMC_CmdSetRelAdd
 .text.SDMMC_CmdSendStatus
                0x0000000008007894       0x44 ./Drivers/STM32F4xx_HAL_Driver/Src/stm32f4xx_ll_sdmmc.o
                0x0000000008007894                SDMMC_CmdSendStatus
 .text.SDMMC_GetCmdError
                0x00000000080078d8       0x58 ./Drivers/STM32F4xx_HAL_Driver/Src/stm32f4xx_ll_sdmmc.o
 .text.SDMMC_GetCmdResp1
                0x0000000008007930      0x1dc ./Drivers/STM32F4xx_HAL_Driver/Src/stm32f4xx_ll_sdmmc.o
 .text.SDMMC_GetCmdResp2
                0x0000000008007b0c       0x90 ./Drivers/STM32F4xx_HAL_Driver/Src/stm32f4xx_ll_sdmmc.o
 .text.SDMMC_GetCmdResp3
                0x0000000008007b9c       0x7c ./Drivers/STM32F4xx_HAL_Driver/Src/stm32f4xx_ll_sdmmc.o
 .text.SDMMC_GetCmdResp6
                0x0000000008007c18       0xec ./Drivers/STM32F4xx_HAL_Driver/Src/stm32f4xx_ll_sdmmc.o
 .text.SDMMC_GetCmdResp7
                0x0000000008007d04       0x9c ./Drivers/STM32F4xx_HAL_Driver/Src/stm32f4xx_ll_sdmmc.o
 .text.MX_FATFS_Init
                0x0000000008007da0       0x24 ./FATFS/App/fatfs.o
                0x0000000008007da0                MX_FATFS_Init
 .text.get_fattime
                0x0000000008007dc4       0x10 ./FATFS/App/fatfs.o
                0x0000000008007dc4                get_fattime
 .text.BSP_SD_Init
                0x0000000008007dd4       0x4c ./FATFS/Target/bsp_driver_sd.o
                0x0000000008007dd4                BSP_SD_Init
 .text.BSP_SD_ReadBlocks_DMA
                0x0000000008007e20       0x34 ./FATFS/Target/bsp_driver_sd.o
                0x0000000008007e20                BSP_SD_ReadBlocks_DMA
 .text.BSP_SD_WriteBlocks_DMA
                0x0000000008007e54       0x34 ./FATFS/Target/bsp_driver_sd.o
                0x0000000008007e54                BSP_SD_WriteBlocks_DMA
 .text.BSP_SD_GetCardState
                0x0000000008007e88       0x20 ./FATFS/Target/bsp_driver_sd.o
                0x0000000008007e88                BSP_SD_GetCardState
 .text.BSP_SD_GetCardInfo
                0x0000000008007ea8       0x1c ./FATFS/Target/bsp_driver_sd.o
                0x0000000008007ea8                BSP_SD_GetCardInfo
 .text.HAL_SD_AbortCallback
                0x0000000008007ec4       0x14 ./FATFS/Target/bsp_driver_sd.o
                0x0000000008007ec4                HAL_SD_AbortCallback
 .text.HAL_SD_TxCpltCallback
                0x0000000008007ed8       0x14 ./FATFS/Target/bsp_driver_sd.o
                0x0000000008007ed8                HAL_SD_TxCpltCallback
 .text.HAL_SD_RxCpltCallback
                0x0000000008007eec       0x14 ./FATFS/Target/bsp_driver_sd.o
                0x0000000008007eec                HAL_SD_RxCpltCallback
 .text.BSP_SD_AbortCallback
                0x0000000008007f00        0xe ./FATFS/Target/bsp_driver_sd.o
                0x0000000008007f00                BSP_SD_AbortCallback
 .text.BSP_SD_IsDetected
                0x0000000008007f0e       0x1a ./FATFS/Target/bsp_driver_sd.o
                0x0000000008007f0e                BSP_SD_IsDetected
 .text.SD_CheckStatusWithTimeout
                0x0000000008007f28       0x3a ./FATFS/Target/sd_diskio.o
 *fill*         0x0000000008007f62        0x2 
 .text.SD_CheckStatus
                0x0000000008007f64       0x3c ./FATFS/Target/sd_diskio.o
 .text.SD_initialize
                0x0000000008007fa0       0x38 ./FATFS/Target/sd_diskio.o
                0x0000000008007fa0                SD_initialize
 .text.SD_status
                0x0000000008007fd8       0x1c ./FATFS/Target/sd_diskio.o
                0x0000000008007fd8                SD_status
 .text.SD_read  0x0000000008007ff4       0xac ./FATFS/Target/sd_diskio.o
                0x0000000008007ff4                SD_read
 .text.SD_write
                0x00000000080080a0       0xac ./FATFS/Target/sd_diskio.o
                0x00000000080080a0                SD_write
 .text.SD_ioctl
                0x000000000800814c       0xb0 ./FATFS/Target/sd_diskio.o
                0x000000000800814c                SD_ioctl
 .text.BSP_SD_WriteCpltCallback
                0x00000000080081fc       0x18 ./FATFS/Target/sd_diskio.o
                0x00000000080081fc                BSP_SD_WriteCpltCallback
 .text.BSP_SD_ReadCpltCallback
                0x0000000008008214       0x18 ./FATFS/Target/sd_diskio.o
                0x0000000008008214                BSP_SD_ReadCpltCallback
 .text.disk_status
                0x000000000800822c       0x34 ./Middlewares/Third_Party/FatFs/src/diskio.o
                0x000000000800822c                disk_status
 .text.disk_initialize
                0x0000000008008260       0x4c ./Middlewares/Third_Party/FatFs/src/diskio.o
                0x0000000008008260                disk_initialize
 .text.disk_read
                0x00000000080082ac       0x40 ./Middlewares/Third_Party/FatFs/src/diskio.o
                0x00000000080082ac                disk_read
 .text.disk_write
                0x00000000080082ec       0x40 ./Middlewares/Third_Party/FatFs/src/diskio.o
                0x00000000080082ec                disk_write
 .text.disk_ioctl
                0x000000000800832c       0x3c ./Middlewares/Third_Party/FatFs/src/diskio.o
                0x000000000800832c                disk_ioctl
 .text.ld_word  0x0000000008008368       0x30 ./Middlewares/Third_Party/FatFs/src/ff.o
 .text.ld_dword
                0x0000000008008398       0x46 ./Middlewares/Third_Party/FatFs/src/ff.o
 .text.st_word  0x00000000080083de       0x36 ./Middlewares/Third_Party/FatFs/src/ff.o
 .text.st_dword
                0x0000000008008414       0x58 ./Middlewares/Third_Party/FatFs/src/ff.o
 .text.mem_cpy  0x000000000800846c       0x42 ./Middlewares/Third_Party/FatFs/src/ff.o
 .text.mem_set  0x00000000080084ae       0x36 ./Middlewares/Third_Party/FatFs/src/ff.o
 .text.mem_cmp  0x00000000080084e4       0x4e ./Middlewares/Third_Party/FatFs/src/ff.o
 .text.chk_chr  0x0000000008008532       0x36 ./Middlewares/Third_Party/FatFs/src/ff.o
 .text.chk_lock
                0x0000000008008568       0xb8 ./Middlewares/Third_Party/FatFs/src/ff.o
 .text.enq_lock
                0x0000000008008620       0x44 ./Middlewares/Third_Party/FatFs/src/ff.o
 .text.inc_lock
                0x0000000008008664      0x11c ./Middlewares/Third_Party/FatFs/src/ff.o
 .text.dec_lock
                0x0000000008008780       0x78 ./Middlewares/Third_Party/FatFs/src/ff.o
 .text.clear_lock
                0x00000000080087f8       0x48 ./Middlewares/Third_Party/FatFs/src/ff.o
 .text.sync_window
                0x0000000008008840       0x88 ./Middlewares/Third_Party/FatFs/src/ff.o
 .text.move_window
                0x00000000080088c8       0x5a ./Middlewares/Third_Party/FatFs/src/ff.o
 *fill*         0x0000000008008922        0x2 
 .text.sync_fs  0x0000000008008924       0xdc ./Middlewares/Third_Party/FatFs/src/ff.o
 .text.clust2sect
                0x0000000008008a00       0x3e ./Middlewares/Third_Party/FatFs/src/ff.o
 .text.get_fat  0x0000000008008a3e      0x150 ./Middlewares/Third_Party/FatFs/src/ff.o
 .text.put_fat  0x0000000008008b8e      0x1d8 ./Middlewares/Third_Party/FatFs/src/ff.o
 .text.remove_chain
                0x0000000008008d66       0xca ./Middlewares/Third_Party/FatFs/src/ff.o
 .text.create_chain
                0x0000000008008e30      0x130 ./Middlewares/Third_Party/FatFs/src/ff.o
 .text.clmt_clust
                0x0000000008008f60       0x68 ./Middlewares/Third_Party/FatFs/src/ff.o
 .text.dir_sdi  0x0000000008008fc8       0xf6 ./Middlewares/Third_Party/FatFs/src/ff.o
 .text.dir_next
                0x00000000080090be      0x18a ./Middlewares/Third_Party/FatFs/src/ff.o
 .text.dir_alloc
                0x0000000008009248       0x8e ./Middlewares/Third_Party/FatFs/src/ff.o
 .text.ld_clust
                0x00000000080092d6       0x3e ./Middlewares/Third_Party/FatFs/src/ff.o
 .text.st_clust
                0x0000000008009314       0x40 ./Middlewares/Third_Party/FatFs/src/ff.o
 .text.cmp_lfn  0x0000000008009354       0xe0 ./Middlewares/Third_Party/FatFs/src/ff.o
 .text.pick_lfn
                0x0000000008009434       0xc8 ./Middlewares/Third_Party/FatFs/src/ff.o
 .text.put_lfn  0x00000000080094fc       0xd0 ./Middlewares/Third_Party/FatFs/src/ff.o
 .text.gen_numname
                0x00000000080095cc      0x14c ./Middlewares/Third_Party/FatFs/src/ff.o
 .text.sum_sfn  0x0000000008009718       0x42 ./Middlewares/Third_Party/FatFs/src/ff.o
 .text.dir_read
                0x000000000800975a      0x14e ./Middlewares/Third_Party/FatFs/src/ff.o
 .text.dir_find
                0x00000000080098a8      0x180 ./Middlewares/Third_Party/FatFs/src/ff.o
 .text.dir_register
                0x0000000008009a28      0x1f0 ./Middlewares/Third_Party/FatFs/src/ff.o
 .text.dir_remove
                0x0000000008009c18       0x94 ./Middlewares/Third_Party/FatFs/src/ff.o
 .text.create_name
                0x0000000008009cac      0x3f4 ./Middlewares/Third_Party/FatFs/src/ff.o
 .text.follow_path
                0x000000000800a0a0       0xe2 ./Middlewares/Third_Party/FatFs/src/ff.o
 .text.get_ldnumber
                0x000000000800a182       0x88 ./Middlewares/Third_Party/FatFs/src/ff.o
 *fill*         0x000000000800a20a        0x2 
 .text.check_fs
                0x000000000800a20c       0xac ./Middlewares/Third_Party/FatFs/src/ff.o
 .text.find_volume
                0x000000000800a2b8      0x498 ./Middlewares/Third_Party/FatFs/src/ff.o
 .text.validate
                0x000000000800a750       0x6a ./Middlewares/Third_Party/FatFs/src/ff.o
 *fill*         0x000000000800a7ba        0x2 
 .text.f_mount  0x000000000800a7bc       0x8c ./Middlewares/Third_Party/FatFs/src/ff.o
                0x000000000800a7bc                f_mount
 .text.f_open   0x000000000800a848      0x494 ./Middlewares/Third_Party/FatFs/src/ff.o
                0x000000000800a848                f_open
 .text.f_write  0x000000000800acdc      0x2ea ./Middlewares/Third_Party/FatFs/src/ff.o
                0x000000000800acdc                f_write
 .text.f_sync   0x000000000800afc6       0xfc ./Middlewares/Third_Party/FatFs/src/ff.o
                0x000000000800afc6                f_sync
 .text.f_close  0x000000000800b0c2       0x54 ./Middlewares/Third_Party/FatFs/src/ff.o
                0x000000000800b0c2                f_close
 .text.f_lseek  0x000000000800b116      0x412 ./Middlewares/Third_Party/FatFs/src/ff.o
                0x000000000800b116                f_lseek
 .text.f_unlink
                0x000000000800b528      0x182 ./Middlewares/Third_Party/FatFs/src/ff.o
                0x000000000800b528                f_unlink
 .text.f_mkdir  0x000000000800b6aa      0x296 ./Middlewares/Third_Party/FatFs/src/ff.o
                0x000000000800b6aa                f_mkdir
 .text.f_utime  0x000000000800b940       0xc2 ./Middlewares/Third_Party/FatFs/src/ff.o
                0x000000000800b940                f_utime
 *fill*         0x000000000800ba02        0x2 
 .text.FATFS_LinkDriverEx
                0x000000000800ba04       0x98 ./Middlewares/Third_Party/FatFs/src/ff_gen_drv.o
                0x000000000800ba04                FATFS_LinkDriverEx
 .text.FATFS_LinkDriver
                0x000000000800ba9c       0x1e ./Middlewares/Third_Party/FatFs/src/ff_gen_drv.o
                0x000000000800ba9c                FATFS_LinkDriver
 *fill*         0x000000000800baba        0x2 
 .text.ff_convert
                0x000000000800babc       0xbc ./Middlewares/Third_Party/FatFs/src/option/cc936.o
                0x000000000800babc                ff_convert
 .text.ff_wtoupper
                0x000000000800bb78      0x114 ./Middlewares/Third_Party/FatFs/src/option/cc936.o
                0x000000000800bb78                ff_wtoupper
 .text.__errno  0x000000000800bc8c        0xc d:/st/stm32cubeide_1.7.0/stm32cubeide/plugins/com.st.stm32cube.ide.mcu.externaltools.gnu-tools-for-stm32.9-2020-q2-update.win32_2.0.0.202105311346/tools/bin/../lib/gcc/arm-none-eabi/9.3.1/../../../../arm-none-eabi/lib/thumb/v7e-m+fp/hard\libc_nano.a(lib_a-errno.o)
                0x000000000800bc8c                __errno
 .text.__libc_init_array
                0x000000000800bc98       0x48 d:/st/stm32cubeide_1.7.0/stm32cubeide/plugins/com.st.stm32cube.ide.mcu.externaltools.gnu-tools-for-stm32.9-2020-q2-update.win32_2.0.0.202105311346/tools/bin/../lib/gcc/arm-none-eabi/9.3.1/../../../../arm-none-eabi/lib/thumb/v7e-m+fp/hard\libc_nano.a(lib_a-init.o)
                0x000000000800bc98                __libc_init_array
 .text.memcpy   0x000000000800bce0       0x1c d:/st/stm32cubeide_1.7.0/stm32cubeide/plugins/com.st.stm32cube.ide.mcu.externaltools.gnu-tools-for-stm32.9-2020-q2-update.win32_2.0.0.202105311346/tools/bin/../lib/gcc/arm-none-eabi/9.3.1/../../../../arm-none-eabi/lib/thumb/v7e-m+fp/hard\libc_nano.a(lib_a-memcpy-stub.o)
                0x000000000800bce0                memcpy
 .text.memset   0x000000000800bcfc       0x10 d:/st/stm32cubeide_1.7.0/stm32cubeide/plugins/com.st.stm32cube.ide.mcu.externaltools.gnu-tools-for-stm32.9-2020-q2-update.win32_2.0.0.202105311346/tools/bin/../lib/gcc/arm-none-eabi/9.3.1/../../../../arm-none-eabi/lib/thumb/v7e-m+fp/hard\libc_nano.a(lib_a-memset.o)
                0x000000000800bcfc                memset
 .text.printf   0x000000000800bd0c       0x30 d:/st/stm32cubeide_1.7.0/stm32cubeide/plugins/com.st.stm32cube.ide.mcu.externaltools.gnu-tools-for-stm32.9-2020-q2-update.win32_2.0.0.202105311346/tools/bin/../lib/gcc/arm-none-eabi/9.3.1/../../../../arm-none-eabi/lib/thumb/v7e-m+fp/hard\libc_nano.a(lib_a-printf.o)
                0x000000000800bd0c                iprintf
                0x000000000800bd0c                printf
 .text._puts_r  0x000000000800bd3c       0xdc d:/st/stm32cubeide_1.7.0/stm32cubeide/plugins/com.st.stm32cube.ide.mcu.externaltools.gnu-tools-for-stm32.9-2020-q2-update.win32_2.0.0.202105311346/tools/bin/../lib/gcc/arm-none-eabi/9.3.1/../../../../arm-none-eabi/lib/thumb/v7e-m+fp/hard\libc_nano.a(lib_a-puts.o)
                0x000000000800bd3c                _puts_r
 .text.puts     0x000000000800be18       0x10 d:/st/stm32cubeide_1.7.0/stm32cubeide/plugins/com.st.stm32cube.ide.mcu.externaltools.gnu-tools-for-stm32.9-2020-q2-update.win32_2.0.0.202105311346/tools/bin/../lib/gcc/arm-none-eabi/9.3.1/../../../../arm-none-eabi/lib/thumb/v7e-m+fp/hard\libc_nano.a(lib_a-puts.o)
                0x000000000800be18                puts
 .text.sprintf  0x000000000800be28       0x40 d:/st/stm32cubeide_1.7.0/stm32cubeide/plugins/com.st.stm32cube.ide.mcu.externaltools.gnu-tools-for-stm32.9-2020-q2-update.win32_2.0.0.202105311346/tools/bin/../lib/gcc/arm-none-eabi/9.3.1/../../../../arm-none-eabi/lib/thumb/v7e-m+fp/hard\libc_nano.a(lib_a-sprintf.o)
                0x000000000800be28                siprintf
                0x000000000800be28                sprintf
 .text.__swbuf_r
                0x000000000800be68       0xa4 d:/st/stm32cubeide_1.7.0/stm32cubeide/plugins/com.st.stm32cube.ide.mcu.externaltools.gnu-tools-for-stm32.9-2020-q2-update.win32_2.0.0.202105311346/tools/bin/../lib/gcc/arm-none-eabi/9.3.1/../../../../arm-none-eabi/lib/thumb/v7e-m+fp/hard\libc_nano.a(lib_a-wbuf.o)
                0x000000000800be68                __swbuf_r
 .text.__swsetup_r
                0x000000000800bf0c       0xdc d:/st/stm32cubeide_1.7.0/stm32cubeide/plugins/com.st.stm32cube.ide.mcu.externaltools.gnu-tools-for-stm32.9-2020-q2-update.win32_2.0.0.202105311346/tools/bin/../lib/gcc/arm-none-eabi/9.3.1/../../../../arm-none-eabi/lib/thumb/v7e-m+fp/hard\libc_nano.a(lib_a-wsetup.o)
                0x000000000800bf0c                __swsetup_r
 .text.__sflush_r
                0x000000000800bfe8      0x10c d:/st/stm32cubeide_1.7.0/stm32cubeide/plugins/com.st.stm32cube.ide.mcu.externaltools.gnu-tools-for-stm32.9-2020-q2-update.win32_2.0.0.202105311346/tools/bin/../lib/gcc/arm-none-eabi/9.3.1/../../../../arm-none-eabi/lib/thumb/v7e-m+fp/hard\libc_nano.a(lib_a-fflush.o)
                0x000000000800bfe8                __sflush_r
 .text._fflush_r
                0x000000000800c0f4       0x78 d:/st/stm32cubeide_1.7.0/stm32cubeide/plugins/com.st.stm32cube.ide.mcu.externaltools.gnu-tools-for-stm32.9-2020-q2-update.win32_2.0.0.202105311346/tools/bin/../lib/gcc/arm-none-eabi/9.3.1/../../../../arm-none-eabi/lib/thumb/v7e-m+fp/hard\libc_nano.a(lib_a-fflush.o)
                0x000000000800c0f4                _fflush_r
 .text.std      0x000000000800c16c       0x48 d:/st/stm32cubeide_1.7.0/stm32cubeide/plugins/com.st.stm32cube.ide.mcu.externaltools.gnu-tools-for-stm32.9-2020-q2-update.win32_2.0.0.202105311346/tools/bin/../lib/gcc/arm-none-eabi/9.3.1/../../../../arm-none-eabi/lib/thumb/v7e-m+fp/hard\libc_nano.a(lib_a-findfp.o)
 .text._cleanup_r
                0x000000000800c1b4        0xc d:/st/stm32cubeide_1.7.0/stm32cubeide/plugins/com.st.stm32cube.ide.mcu.externaltools.gnu-tools-for-stm32.9-2020-q2-update.win32_2.0.0.202105311346/tools/bin/../lib/gcc/arm-none-eabi/9.3.1/../../../../arm-none-eabi/lib/thumb/v7e-m+fp/hard\libc_nano.a(lib_a-findfp.o)
                0x000000000800c1b4                _cleanup_r
 .text.__sfmoreglue
                0x000000000800c1c0       0x2c d:/st/stm32cubeide_1.7.0/stm32cubeide/plugins/com.st.stm32cube.ide.mcu.externaltools.gnu-tools-for-stm32.9-2020-q2-update.win32_2.0.0.202105311346/tools/bin/../lib/gcc/arm-none-eabi/9.3.1/../../../../arm-none-eabi/lib/thumb/v7e-m+fp/hard\libc_nano.a(lib_a-findfp.o)
                0x000000000800c1c0                __sfmoreglue
 .text.__sfp_lock_acquire
                0x000000000800c1ec        0xc d:/st/stm32cubeide_1.7.0/stm32cubeide/plugins/com.st.stm32cube.ide.mcu.externaltools.gnu-tools-for-stm32.9-2020-q2-update.win32_2.0.0.202105311346/tools/bin/../lib/gcc/arm-none-eabi/9.3.1/../../../../arm-none-eabi/lib/thumb/v7e-m+fp/hard\libc_nano.a(lib_a-findfp.o)
                0x000000000800c1ec                __sfp_lock_acquire
 .text.__sfp_lock_release
                0x000000000800c1f8        0xc d:/st/stm32cubeide_1.7.0/stm32cubeide/plugins/com.st.stm32cube.ide.mcu.externaltools.gnu-tools-for-stm32.9-2020-q2-update.win32_2.0.0.202105311346/tools/bin/../lib/gcc/arm-none-eabi/9.3.1/../../../../arm-none-eabi/lib/thumb/v7e-m+fp/hard\libc_nano.a(lib_a-findfp.o)
                0x000000000800c1f8                __sfp_lock_release
 .text.__sinit_lock_acquire
                0x000000000800c204        0xc d:/st/stm32cubeide_1.7.0/stm32cubeide/plugins/com.st.stm32cube.ide.mcu.externaltools.gnu-tools-for-stm32.9-2020-q2-update.win32_2.0.0.202105311346/tools/bin/../lib/gcc/arm-none-eabi/9.3.1/../../../../arm-none-eabi/lib/thumb/v7e-m+fp/hard\libc_nano.a(lib_a-findfp.o)
                0x000000000800c204                __sinit_lock_acquire
 .text.__sinit_lock_release
                0x000000000800c210        0xc d:/st/stm32cubeide_1.7.0/stm32cubeide/plugins/com.st.stm32cube.ide.mcu.externaltools.gnu-tools-for-stm32.9-2020-q2-update.win32_2.0.0.202105311346/tools/bin/../lib/gcc/arm-none-eabi/9.3.1/../../../../arm-none-eabi/lib/thumb/v7e-m+fp/hard\libc_nano.a(lib_a-findfp.o)
                0x000000000800c210                __sinit_lock_release
 .text.__sinit  0x000000000800c21c       0x70 d:/st/stm32cubeide_1.7.0/stm32cubeide/plugins/com.st.stm32cube.ide.mcu.externaltools.gnu-tools-for-stm32.9-2020-q2-update.win32_2.0.0.202105311346/tools/bin/../lib/gcc/arm-none-eabi/9.3.1/../../../../arm-none-eabi/lib/thumb/v7e-m+fp/hard\libc_nano.a(lib_a-findfp.o)
                0x000000000800c21c                __sinit
 .text.__sfp    0x000000000800c28c       0x8c d:/st/stm32cubeide_1.7.0/stm32cubeide/plugins/com.st.stm32cube.ide.mcu.externaltools.gnu-tools-for-stm32.9-2020-q2-update.win32_2.0.0.202105311346/tools/bin/../lib/gcc/arm-none-eabi/9.3.1/../../../../arm-none-eabi/lib/thumb/v7e-m+fp/hard\libc_nano.a(lib_a-findfp.o)
                0x000000000800c28c                __sfp
 .text._fwalk_reent
                0x000000000800c318       0x3e d:/st/stm32cubeide_1.7.0/stm32cubeide/plugins/com.st.stm32cube.ide.mcu.externaltools.gnu-tools-for-stm32.9-2020-q2-update.win32_2.0.0.202105311346/tools/bin/../lib/gcc/arm-none-eabi/9.3.1/../../../../arm-none-eabi/lib/thumb/v7e-m+fp/hard\libc_nano.a(lib_a-fwalk.o)
                0x000000000800c318                _fwalk_reent
 .text.__retarget_lock_init_recursive
                0x000000000800c356        0x2 d:/st/stm32cubeide_1.7.0/stm32cubeide/plugins/com.st.stm32cube.ide.mcu.externaltools.gnu-tools-for-stm32.9-2020-q2-update.win32_2.0.0.202105311346/tools/bin/../lib/gcc/arm-none-eabi/9.3.1/../../../../arm-none-eabi/lib/thumb/v7e-m+fp/hard\libc_nano.a(lib_a-lock.o)
                0x000000000800c356                __retarget_lock_init_recursive
 .text.__retarget_lock_acquire_recursive
                0x000000000800c358        0x2 d:/st/stm32cubeide_1.7.0/stm32cubeide/plugins/com.st.stm32cube.ide.mcu.externaltools.gnu-tools-for-stm32.9-2020-q2-update.win32_2.0.0.202105311346/tools/bin/../lib/gcc/arm-none-eabi/9.3.1/../../../../arm-none-eabi/lib/thumb/v7e-m+fp/hard\libc_nano.a(lib_a-lock.o)
                0x000000000800c358                __retarget_lock_acquire_recursive
 .text.__retarget_lock_release_recursive
                0x000000000800c35a        0x2 d:/st/stm32cubeide_1.7.0/stm32cubeide/plugins/com.st.stm32cube.ide.mcu.externaltools.gnu-tools-for-stm32.9-2020-q2-update.win32_2.0.0.202105311346/tools/bin/../lib/gcc/arm-none-eabi/9.3.1/../../../../arm-none-eabi/lib/thumb/v7e-m+fp/hard\libc_nano.a(lib_a-lock.o)
                0x000000000800c35a                __retarget_lock_release_recursive
 .text.__swhatbuf_r
                0x000000000800c35c       0x48 d:/st/stm32cubeide_1.7.0/stm32cubeide/plugins/com.st.stm32cube.ide.mcu.externaltools.gnu-tools-for-stm32.9-2020-q2-update.win32_2.0.0.202105311346/tools/bin/../lib/gcc/arm-none-eabi/9.3.1/../../../../arm-none-eabi/lib/thumb/v7e-m+fp/hard\libc_nano.a(lib_a-makebuf.o)
                0x000000000800c35c                __swhatbuf_r
 .text.__smakebuf_r
                0x000000000800c3a4       0x80 d:/st/stm32cubeide_1.7.0/stm32cubeide/plugins/com.st.stm32cube.ide.mcu.externaltools.gnu-tools-for-stm32.9-2020-q2-update.win32_2.0.0.202105311346/tools/bin/../lib/gcc/arm-none-eabi/9.3.1/../../../../arm-none-eabi/lib/thumb/v7e-m+fp/hard\libc_nano.a(lib_a-makebuf.o)
                0x000000000800c3a4                __smakebuf_r
 .text._free_r  0x000000000800c424       0xa0 d:/st/stm32cubeide_1.7.0/stm32cubeide/plugins/com.st.stm32cube.ide.mcu.externaltools.gnu-tools-for-stm32.9-2020-q2-update.win32_2.0.0.202105311346/tools/bin/../lib/gcc/arm-none-eabi/9.3.1/../../../../arm-none-eabi/lib/thumb/v7e-m+fp/hard\libc_nano.a(lib_a-nano-freer.o)
                0x000000000800c424                _free_r
 .text._malloc_r
                0x000000000800c4c4       0xb4 d:/st/stm32cubeide_1.7.0/stm32cubeide/plugins/com.st.stm32cube.ide.mcu.externaltools.gnu-tools-for-stm32.9-2020-q2-update.win32_2.0.0.202105311346/tools/bin/../lib/gcc/arm-none-eabi/9.3.1/../../../../arm-none-eabi/lib/thumb/v7e-m+fp/hard\libc_nano.a(lib_a-nano-mallocr.o)
                0x000000000800c4c4                _malloc_r
 .text.__ssputs_r
                0x000000000800c578       0xb6 d:/st/stm32cubeide_1.7.0/stm32cubeide/plugins/com.st.stm32cube.ide.mcu.externaltools.gnu-tools-for-stm32.9-2020-q2-update.win32_2.0.0.202105311346/tools/bin/../lib/gcc/arm-none-eabi/9.3.1/../../../../arm-none-eabi/lib/thumb/v7e-m+fp/hard\libc_nano.a(lib_a-nano-svfprintf.o)
                0x000000000800c578                __ssputs_r
 *fill*         0x000000000800c62e        0x2 
 .text._svfprintf_r
                0x000000000800c630      0x200 d:/st/stm32cubeide_1.7.0/stm32cubeide/plugins/com.st.stm32cube.ide.mcu.externaltools.gnu-tools-for-stm32.9-2020-q2-update.win32_2.0.0.202105311346/tools/bin/../lib/gcc/arm-none-eabi/9.3.1/../../../../arm-none-eabi/lib/thumb/v7e-m+fp/hard\libc_nano.a(lib_a-nano-svfprintf.o)
                0x000000000800c630                _svfiprintf_r
                0x000000000800c630                _svfprintf_r
 .text.__sfputc_r
                0x000000000800c830       0x2e d:/st/stm32cubeide_1.7.0/stm32cubeide/plugins/com.st.stm32cube.ide.mcu.externaltools.gnu-tools-for-stm32.9-2020-q2-update.win32_2.0.0.202105311346/tools/bin/../lib/gcc/arm-none-eabi/9.3.1/../../../../arm-none-eabi/lib/thumb/v7e-m+fp/hard\libc_nano.a(lib_a-nano-vfprintf.o)
 .text.__sfputs_r
                0x000000000800c85e       0x24 d:/st/stm32cubeide_1.7.0/stm32cubeide/plugins/com.st.stm32cube.ide.mcu.externaltools.gnu-tools-for-stm32.9-2020-q2-update.win32_2.0.0.202105311346/tools/bin/../lib/gcc/arm-none-eabi/9.3.1/../../../../arm-none-eabi/lib/thumb/v7e-m+fp/hard\libc_nano.a(lib_a-nano-vfprintf.o)
                0x000000000800c85e                __sfputs_r
 *fill*         0x000000000800c882        0x2 
 .text._vfprintf_r
                0x000000000800c884      0x260 d:/st/stm32cubeide_1.7.0/stm32cubeide/plugins/com.st.stm32cube.ide.mcu.externaltools.gnu-tools-for-stm32.9-2020-q2-update.win32_2.0.0.202105311346/tools/bin/../lib/gcc/arm-none-eabi/9.3.1/../../../../arm-none-eabi/lib/thumb/v7e-m+fp/hard\libc_nano.a(lib_a-nano-vfprintf.o)
                0x000000000800c884                _vfprintf_r
                0x000000000800c884                _vfiprintf_r
 .text._printf_common
                0x000000000800cae4       0xda d:/st/stm32cubeide_1.7.0/stm32cubeide/plugins/com.st.stm32cube.ide.mcu.externaltools.gnu-tools-for-stm32.9-2020-q2-update.win32_2.0.0.202105311346/tools/bin/../lib/gcc/arm-none-eabi/9.3.1/../../../../arm-none-eabi/lib/thumb/v7e-m+fp/hard\libc_nano.a(lib_a-nano-vfprintf_i.o)
                0x000000000800cae4                _printf_common
 *fill*         0x000000000800cbbe        0x2 
 .text._printf_i
                0x000000000800cbc0      0x24c d:/st/stm32cubeide_1.7.0/stm32cubeide/plugins/com.st.stm32cube.ide.mcu.externaltools.gnu-tools-for-stm32.9-2020-q2-update.win32_2.0.0.202105311346/tools/bin/../lib/gcc/arm-none-eabi/9.3.1/../../../../arm-none-eabi/lib/thumb/v7e-m+fp/hard\libc_nano.a(lib_a-nano-vfprintf_i.o)
                0x000000000800cbc0                _printf_i
 .text._sbrk_r  0x000000000800ce0c       0x20 d:/st/stm32cubeide_1.7.0/stm32cubeide/plugins/com.st.stm32cube.ide.mcu.externaltools.gnu-tools-for-stm32.9-2020-q2-update.win32_2.0.0.202105311346/tools/bin/../lib/gcc/arm-none-eabi/9.3.1/../../../../arm-none-eabi/lib/thumb/v7e-m+fp/hard\libc_nano.a(lib_a-sbrkr.o)
                0x000000000800ce0c                _sbrk_r
 .text.__sread  0x000000000800ce2c       0x22 d:/st/stm32cubeide_1.7.0/stm32cubeide/plugins/com.st.stm32cube.ide.mcu.externaltools.gnu-tools-for-stm32.9-2020-q2-update.win32_2.0.0.202105311346/tools/bin/../lib/gcc/arm-none-eabi/9.3.1/../../../../arm-none-eabi/lib/thumb/v7e-m+fp/hard\libc_nano.a(lib_a-stdio.o)
                0x000000000800ce2c                __sread
 .text.__swrite
                0x000000000800ce4e       0x38 d:/st/stm32cubeide_1.7.0/stm32cubeide/plugins/com.st.stm32cube.ide.mcu.externaltools.gnu-tools-for-stm32.9-2020-q2-update.win32_2.0.0.202105311346/tools/bin/../lib/gcc/arm-none-eabi/9.3.1/../../../../arm-none-eabi/lib/thumb/v7e-m+fp/hard\libc_nano.a(lib_a-stdio.o)
                0x000000000800ce4e                __swrite
 .text.__sseek  0x000000000800ce86       0x24 d:/st/stm32cubeide_1.7.0/stm32cubeide/plugins/com.st.stm32cube.ide.mcu.externaltools.gnu-tools-for-stm32.9-2020-q2-update.win32_2.0.0.202105311346/tools/bin/../lib/gcc/arm-none-eabi/9.3.1/../../../../arm-none-eabi/lib/thumb/v7e-m+fp/hard\libc_nano.a(lib_a-stdio.o)
                0x000000000800ce86                __sseek
 .text.__sclose
                0x000000000800ceaa        0x8 d:/st/stm32cubeide_1.7.0/stm32cubeide/plugins/com.st.stm32cube.ide.mcu.externaltools.gnu-tools-for-stm32.9-2020-q2-update.win32_2.0.0.202105311346/tools/bin/../lib/gcc/arm-none-eabi/9.3.1/../../../../arm-none-eabi/lib/thumb/v7e-m+fp/hard\libc_nano.a(lib_a-stdio.o)
                0x000000000800ceaa                __sclose
 *fill*         0x000000000800ceb2        0x2 
 .text._write_r
                0x000000000800ceb4       0x24 d:/st/stm32cubeide_1.7.0/stm32cubeide/plugins/com.st.stm32cube.ide.mcu.externaltools.gnu-tools-for-stm32.9-2020-q2-update.win32_2.0.0.202105311346/tools/bin/../lib/gcc/arm-none-eabi/9.3.1/../../../../arm-none-eabi/lib/thumb/v7e-m+fp/hard\libc_nano.a(lib_a-writer.o)
                0x000000000800ceb4                _write_r
 .text._close_r
                0x000000000800ced8       0x20 d:/st/stm32cubeide_1.7.0/stm32cubeide/plugins/com.st.stm32cube.ide.mcu.externaltools.gnu-tools-for-stm32.9-2020-q2-update.win32_2.0.0.202105311346/tools/bin/../lib/gcc/arm-none-eabi/9.3.1/../../../../arm-none-eabi/lib/thumb/v7e-m+fp/hard\libc_nano.a(lib_a-closer.o)
                0x000000000800ced8                _close_r
 .text._fstat_r
                0x000000000800cef8       0x24 d:/st/stm32cubeide_1.7.0/stm32cubeide/plugins/com.st.stm32cube.ide.mcu.externaltools.gnu-tools-for-stm32.9-2020-q2-update.win32_2.0.0.202105311346/tools/bin/../lib/gcc/arm-none-eabi/9.3.1/../../../../arm-none-eabi/lib/thumb/v7e-m+fp/hard\libc_nano.a(lib_a-fstatr.o)
                0x000000000800cef8                _fstat_r
 .text._isatty_r
                0x000000000800cf1c       0x20 d:/st/stm32cubeide_1.7.0/stm32cubeide/plugins/com.st.stm32cube.ide.mcu.externaltools.gnu-tools-for-stm32.9-2020-q2-update.win32_2.0.0.202105311346/tools/bin/../lib/gcc/arm-none-eabi/9.3.1/../../../../arm-none-eabi/lib/thumb/v7e-m+fp/hard\libc_nano.a(lib_a-isattyr.o)
                0x000000000800cf1c                _isatty_r
 .text._lseek_r
                0x000000000800cf3c       0x24 d:/st/stm32cubeide_1.7.0/stm32cubeide/plugins/com.st.stm32cube.ide.mcu.externaltools.gnu-tools-for-stm32.9-2020-q2-update.win32_2.0.0.202105311346/tools/bin/../lib/gcc/arm-none-eabi/9.3.1/../../../../arm-none-eabi/lib/thumb/v7e-m+fp/hard\libc_nano.a(lib_a-lseekr.o)
                0x000000000800cf3c                _lseek_r
 .text.memmove  0x000000000800cf60       0x34 d:/st/stm32cubeide_1.7.0/stm32cubeide/plugins/com.st.stm32cube.ide.mcu.externaltools.gnu-tools-for-stm32.9-2020-q2-update.win32_2.0.0.202105311346/tools/bin/../lib/gcc/arm-none-eabi/9.3.1/../../../../arm-none-eabi/lib/thumb/v7e-m+fp/hard\libc_nano.a(lib_a-memmove.o)
                0x000000000800cf60                memmove
 .text.__malloc_lock
                0x000000000800cf94        0xc d:/st/stm32cubeide_1.7.0/stm32cubeide/plugins/com.st.stm32cube.ide.mcu.externaltools.gnu-tools-for-stm32.9-2020-q2-update.win32_2.0.0.202105311346/tools/bin/../lib/gcc/arm-none-eabi/9.3.1/../../../../arm-none-eabi/lib/thumb/v7e-m+fp/hard\libc_nano.a(lib_a-mlock.o)
                0x000000000800cf94                __malloc_lock
 .text.__malloc_unlock
                0x000000000800cfa0        0xc d:/st/stm32cubeide_1.7.0/stm32cubeide/plugins/com.st.stm32cube.ide.mcu.externaltools.gnu-tools-for-stm32.9-2020-q2-update.win32_2.0.0.202105311346/tools/bin/../lib/gcc/arm-none-eabi/9.3.1/../../../../arm-none-eabi/lib/thumb/v7e-m+fp/hard\libc_nano.a(lib_a-mlock.o)
                0x000000000800cfa0                __malloc_unlock
 .text._realloc_r
                0x000000000800cfac       0x4c d:/st/stm32cubeide_1.7.0/stm32cubeide/plugins/com.st.stm32cube.ide.mcu.externaltools.gnu-tools-for-stm32.9-2020-q2-update.win32_2.0.0.202105311346/tools/bin/../lib/gcc/arm-none-eabi/9.3.1/../../../../arm-none-eabi/lib/thumb/v7e-m+fp/hard\libc_nano.a(lib_a-nano-reallocr.o)
                0x000000000800cfac                _realloc_r
 .text._read_r  0x000000000800cff8       0x24 d:/st/stm32cubeide_1.7.0/stm32cubeide/plugins/com.st.stm32cube.ide.mcu.externaltools.gnu-tools-for-stm32.9-2020-q2-update.win32_2.0.0.202105311346/tools/bin/../lib/gcc/arm-none-eabi/9.3.1/../../../../arm-none-eabi/lib/thumb/v7e-m+fp/hard\libc_nano.a(lib_a-readr.o)
                0x000000000800cff8                _read_r
 .text._malloc_usable_size_r
                0x000000000800d01c       0x10 d:/st/stm32cubeide_1.7.0/stm32cubeide/plugins/com.st.stm32cube.ide.mcu.externaltools.gnu-tools-for-stm32.9-2020-q2-update.win32_2.0.0.202105311346/tools/bin/../lib/gcc/arm-none-eabi/9.3.1/../../../../arm-none-eabi/lib/thumb/v7e-m+fp/hard\libc_nano.a(lib_a-nano-msizer.o)
                0x000000000800d01c                _malloc_usable_size_r
 *(.glue_7)
 .glue_7        0x000000000800d02c        0x0 linker stubs
 *(.glue_7t)
 .glue_7t       0x000000000800d02c        0x0 linker stubs
 *(.eh_frame)
 .eh_frame      0x000000000800d02c        0x0 d:/st/stm32cubeide_1.7.0/stm32cubeide/plugins/com.st.stm32cube.ide.mcu.externaltools.gnu-tools-for-stm32.9-2020-q2-update.win32_2.0.0.202105311346/tools/bin/../lib/gcc/arm-none-eabi/9.3.1/thumb/v7e-m+fp/hard/crtbegin.o
 *(.init)
 .init          0x000000000800d02c        0x4 d:/st/stm32cubeide_1.7.0/stm32cubeide/plugins/com.st.stm32cube.ide.mcu.externaltools.gnu-tools-for-stm32.9-2020-q2-update.win32_2.0.0.202105311346/tools/bin/../lib/gcc/arm-none-eabi/9.3.1/thumb/v7e-m+fp/hard/crti.o
                0x000000000800d02c                _init
 .init          0x000000000800d030        0x8 d:/st/stm32cubeide_1.7.0/stm32cubeide/plugins/com.st.stm32cube.ide.mcu.externaltools.gnu-tools-for-stm32.9-2020-q2-update.win32_2.0.0.202105311346/tools/bin/../lib/gcc/arm-none-eabi/9.3.1/thumb/v7e-m+fp/hard/crtn.o
 *(.fini)
 .fini          0x000000000800d038        0x4 d:/st/stm32cubeide_1.7.0/stm32cubeide/plugins/com.st.stm32cube.ide.mcu.externaltools.gnu-tools-for-stm32.9-2020-q2-update.win32_2.0.0.202105311346/tools/bin/../lib/gcc/arm-none-eabi/9.3.1/thumb/v7e-m+fp/hard/crti.o
                0x000000000800d038                _fini
 .fini          0x000000000800d03c        0x8 d:/st/stm32cubeide_1.7.0/stm32cubeide/plugins/com.st.stm32cube.ide.mcu.externaltools.gnu-tools-for-stm32.9-2020-q2-update.win32_2.0.0.202105311346/tools/bin/../lib/gcc/arm-none-eabi/9.3.1/thumb/v7e-m+fp/hard/crtn.o
                0x000000000800d044                . = ALIGN (0x4)
                0x000000000800d044                _etext = .

.vfp11_veneer   0x000000000800d044        0x0
 .vfp11_veneer  0x000000000800d044        0x0 linker stubs

.v4_bx          0x000000000800d044        0x0
 .v4_bx         0x000000000800d044        0x0 linker stubs

.iplt           0x000000000800d044        0x0
 .iplt          0x000000000800d044        0x0 d:/st/stm32cubeide_1.7.0/stm32cubeide/plugins/com.st.stm32cube.ide.mcu.externaltools.gnu-tools-for-stm32.9-2020-q2-update.win32_2.0.0.202105311346/tools/bin/../lib/gcc/arm-none-eabi/9.3.1/thumb/v7e-m+fp/hard/crtbegin.o

.rodata         0x000000000800d044    0x2add4
                0x000000000800d044                . = ALIGN (0x4)
 *(.rodata)
 .rodata        0x000000000800d044       0x83 ./Core/Src/main.o
 *fill*         0x000000000800d0c7        0x1 
 .rodata        0x000000000800d0c8       0x48 ./Middlewares/Third_Party/FatFs/src/ff.o
 *(.rodata*)
 .rodata.I2S_PSC_TBL
                0x000000000800d110       0x6e ./Core/Src/i2s.o
                0x000000000800d110                I2S_PSC_TBL
 *fill*         0x000000000800d17e        0x2 
 .rodata.i2splaybuf
                0x000000000800d180        0x4 ./Core/Src/main.o
                0x000000000800d180                i2splaybuf
 .rodata.AHBPrescTable
                0x000000000800d184       0x10 ./Core/Src/system_stm32f4xx.o
                0x000000000800d184                AHBPrescTable
 .rodata.APBPrescTable
                0x000000000800d194        0x8 ./Core/Src/system_stm32f4xx.o
                0x000000000800d194                APBPrescTable
 .rodata.flagBitshiftOffset.8677
                0x000000000800d19c        0x8 ./Drivers/STM32F4xx_HAL_Driver/Src/stm32f4xx_hal_dma.o
 .rodata.SD_Driver
                0x000000000800d1a4       0x14 ./FATFS/Target/sd_diskio.o
                0x000000000800d1a4                SD_Driver
 .rodata.LfnOfs
                0x000000000800d1b8        0xd ./Middlewares/Third_Party/FatFs/src/ff.o
 *fill*         0x000000000800d1c5        0x3 
 .rodata.uni2oem
                0x000000000800d1c8    0x15484 ./Middlewares/Third_Party/FatFs/src/option/cc936.o
 .rodata.oem2uni
                0x000000000802264c    0x15484 ./Middlewares/Third_Party/FatFs/src/option/cc936.o
 .rodata.cvt1.9463
                0x0000000008037ad0      0x1f2 ./Middlewares/Third_Party/FatFs/src/option/cc936.o
 *fill*         0x0000000008037cc2        0x2 
 .rodata.cvt2.9464
                0x0000000008037cc4       0xbc ./Middlewares/Third_Party/FatFs/src/option/cc936.o
 .rodata._global_impure_ptr
                0x0000000008037d80        0x4 d:/st/stm32cubeide_1.7.0/stm32cubeide/plugins/com.st.stm32cube.ide.mcu.externaltools.gnu-tools-for-stm32.9-2020-q2-update.win32_2.0.0.202105311346/tools/bin/../lib/gcc/arm-none-eabi/9.3.1/../../../../arm-none-eabi/lib/thumb/v7e-m+fp/hard\libc_nano.a(lib_a-impure.o)
                0x0000000008037d80                _global_impure_ptr
 .rodata.__sf_fake_stderr
                0x0000000008037d84       0x20 d:/st/stm32cubeide_1.7.0/stm32cubeide/plugins/com.st.stm32cube.ide.mcu.externaltools.gnu-tools-for-stm32.9-2020-q2-update.win32_2.0.0.202105311346/tools/bin/../lib/gcc/arm-none-eabi/9.3.1/../../../../arm-none-eabi/lib/thumb/v7e-m+fp/hard\libc_nano.a(lib_a-findfp.o)
                0x0000000008037d84                __sf_fake_stderr
 .rodata.__sf_fake_stdin
                0x0000000008037da4       0x20 d:/st/stm32cubeide_1.7.0/stm32cubeide/plugins/com.st.stm32cube.ide.mcu.externaltools.gnu-tools-for-stm32.9-2020-q2-update.win32_2.0.0.202105311346/tools/bin/../lib/gcc/arm-none-eabi/9.3.1/../../../../arm-none-eabi/lib/thumb/v7e-m+fp/hard\libc_nano.a(lib_a-findfp.o)
                0x0000000008037da4                __sf_fake_stdin
 .rodata.__sf_fake_stdout
                0x0000000008037dc4       0x20 d:/st/stm32cubeide_1.7.0/stm32cubeide/plugins/com.st.stm32cube.ide.mcu.externaltools.gnu-tools-for-stm32.9-2020-q2-update.win32_2.0.0.202105311346/tools/bin/../lib/gcc/arm-none-eabi/9.3.1/../../../../arm-none-eabi/lib/thumb/v7e-m+fp/hard\libc_nano.a(lib_a-findfp.o)
                0x0000000008037dc4                __sf_fake_stdout
 .rodata._svfprintf_r.str1.1
                0x0000000008037de4       0x11 d:/st/stm32cubeide_1.7.0/stm32cubeide/plugins/com.st.stm32cube.ide.mcu.externaltools.gnu-tools-for-stm32.9-2020-q2-update.win32_2.0.0.202105311346/tools/bin/../lib/gcc/arm-none-eabi/9.3.1/../../../../arm-none-eabi/lib/thumb/v7e-m+fp/hard\libc_nano.a(lib_a-nano-svfprintf.o)
 .rodata._vfprintf_r.str1.1
                0x0000000008037df5       0x11 d:/st/stm32cubeide_1.7.0/stm32cubeide/plugins/com.st.stm32cube.ide.mcu.externaltools.gnu-tools-for-stm32.9-2020-q2-update.win32_2.0.0.202105311346/tools/bin/../lib/gcc/arm-none-eabi/9.3.1/../../../../arm-none-eabi/lib/thumb/v7e-m+fp/hard\libc_nano.a(lib_a-nano-vfprintf.o)
 .rodata._printf_i.str1.1
                0x0000000008037df5       0x22 d:/st/stm32cubeide_1.7.0/stm32cubeide/plugins/com.st.stm32cube.ide.mcu.externaltools.gnu-tools-for-stm32.9-2020-q2-update.win32_2.0.0.202105311346/tools/bin/../lib/gcc/arm-none-eabi/9.3.1/../../../../arm-none-eabi/lib/thumb/v7e-m+fp/hard\libc_nano.a(lib_a-nano-vfprintf_i.o)
                0x0000000008037e18                . = ALIGN (0x4)
 *fill*         0x0000000008037e17        0x1 

.ARM.extab      0x0000000008037e18        0x0
                0x0000000008037e18                . = ALIGN (0x4)
 *(.ARM.extab* .gnu.linkonce.armextab.*)
                0x0000000008037e18                . = ALIGN (0x4)

.ARM            0x0000000008037e18        0x8
                0x0000000008037e18                . = ALIGN (0x4)
                0x0000000008037e18                __exidx_start = .
 *(.ARM.exidx*)
 .ARM.exidx     0x0000000008037e18        0x8 d:/st/stm32cubeide_1.7.0/stm32cubeide/plugins/com.st.stm32cube.ide.mcu.externaltools.gnu-tools-for-stm32.9-2020-q2-update.win32_2.0.0.202105311346/tools/bin/../lib/gcc/arm-none-eabi/9.3.1/thumb/v7e-m+fp/hard\libgcc.a(_udivmoddi4.o)
                0x0000000008037e20                __exidx_end = .
                0x0000000008037e20                . = ALIGN (0x4)

.rel.dyn        0x0000000008037e20        0x0
 .rel.iplt      0x0000000008037e20        0x0 d:/st/stm32cubeide_1.7.0/stm32cubeide/plugins/com.st.stm32cube.ide.mcu.externaltools.gnu-tools-for-stm32.9-2020-q2-update.win32_2.0.0.202105311346/tools/bin/../lib/gcc/arm-none-eabi/9.3.1/thumb/v7e-m+fp/hard/crtbegin.o

.preinit_array  0x0000000008037e20        0x0
                0x0000000008037e20                . = ALIGN (0x4)
                0x0000000008037e20                PROVIDE (__preinit_array_start = .)
 *(.preinit_array*)
                0x0000000008037e20                PROVIDE (__preinit_array_end = .)
                0x0000000008037e20                . = ALIGN (0x4)

.init_array     0x0000000008037e20        0x4
                0x0000000008037e20                . = ALIGN (0x4)
                0x0000000008037e20                PROVIDE (__init_array_start = .)
 *(SORT_BY_NAME(.init_array.*))
 *(.init_array*)
 .init_array    0x0000000008037e20        0x4 d:/st/stm32cubeide_1.7.0/stm32cubeide/plugins/com.st.stm32cube.ide.mcu.externaltools.gnu-tools-for-stm32.9-2020-q2-update.win32_2.0.0.202105311346/tools/bin/../lib/gcc/arm-none-eabi/9.3.1/thumb/v7e-m+fp/hard/crtbegin.o
                0x0000000008037e24                PROVIDE (__init_array_end = .)
                0x0000000008037e24                . = ALIGN (0x4)

.fini_array     0x0000000008037e24        0x4
                0x0000000008037e24                . = ALIGN (0x4)
                [!provide]                        PROVIDE (__fini_array_start = .)
 *(SORT_BY_NAME(.fini_array.*))
 *(.fini_array*)
 .fini_array    0x0000000008037e24        0x4 d:/st/stm32cubeide_1.7.0/stm32cubeide/plugins/com.st.stm32cube.ide.mcu.externaltools.gnu-tools-for-stm32.9-2020-q2-update.win32_2.0.0.202105311346/tools/bin/../lib/gcc/arm-none-eabi/9.3.1/thumb/v7e-m+fp/hard/crtbegin.o
                [!provide]                        PROVIDE (__fini_array_end = .)
                0x0000000008037e28                . = ALIGN (0x4)
                0x0000000008037e28                _sidata = LOADADDR (.data)

.data           0x0000000020000000       0xf8 load address 0x0000000008037e28
                0x0000000020000000                . = ALIGN (0x4)
                0x0000000020000000                _sdata = .
 *(.data)
 *(.data*)
 .data.WM8978_REGVAL_TBL
                0x0000000020000000       0x74 ./Core/Src/audio_player.o
 .data.mallco_dev
                0x0000000020000074       0x14 ./Core/Src/malloc.o
                0x0000000020000074                mallco_dev
 .data.SystemCoreClock
                0x0000000020000088        0x4 ./Core/Src/system_stm32f4xx.o
                0x0000000020000088                SystemCoreClock
 .data.uwTickPrio
                0x000000002000008c        0x4 ./Drivers/STM32F4xx_HAL_Driver/Src/stm32f4xx_hal.o
                0x000000002000008c                uwTickPrio
 .data.uwTickFreq
                0x0000000020000090        0x1 ./Drivers/STM32F4xx_HAL_Driver/Src/stm32f4xx_hal.o
                0x0000000020000090                uwTickFreq
 .data.Stat     0x0000000020000091        0x1 ./FATFS/Target/sd_diskio.o
 *fill*         0x0000000020000092        0x2 
 .data._impure_ptr
                0x0000000020000094        0x4 d:/st/stm32cubeide_1.7.0/stm32cubeide/plugins/com.st.stm32cube.ide.mcu.externaltools.gnu-tools-for-stm32.9-2020-q2-update.win32_2.0.0.202105311346/tools/bin/../lib/gcc/arm-none-eabi/9.3.1/../../../../arm-none-eabi/lib/thumb/v7e-m+fp/hard\libc_nano.a(lib_a-impure.o)
                0x0000000020000094                _impure_ptr
 .data.impure_data
                0x0000000020000098       0x60 d:/st/stm32cubeide_1.7.0/stm32cubeide/plugins/com.st.stm32cube.ide.mcu.externaltools.gnu-tools-for-stm32.9-2020-q2-update.win32_2.0.0.202105311346/tools/bin/../lib/gcc/arm-none-eabi/9.3.1/../../../../arm-none-eabi/lib/thumb/v7e-m+fp/hard\libc_nano.a(lib_a-impure.o)
                0x00000000200000f8                . = ALIGN (0x4)
                0x00000000200000f8                _edata = .

.igot.plt       0x00000000200000f8        0x0 load address 0x0000000008037f20
 .igot.plt      0x00000000200000f8        0x0 d:/st/stm32cubeide_1.7.0/stm32cubeide/plugins/com.st.stm32cube.ide.mcu.externaltools.gnu-tools-for-stm32.9-2020-q2-update.win32_2.0.0.202105311346/tools/bin/../lib/gcc/arm-none-eabi/9.3.1/thumb/v7e-m+fp/hard/crtbegin.o
                0x00000000200000f8                . = ALIGN (0x4)

.bss            0x00000000200000f8    0x1b738 load address 0x0000000008037f20
                0x00000000200000f8                _sbss = .
                0x00000000200000f8                __bss_start__ = _sbss
 *(.bss)
 .bss           0x00000000200000f8       0x1c d:/st/stm32cubeide_1.7.0/stm32cubeide/plugins/com.st.stm32cube.ide.mcu.externaltools.gnu-tools-for-stm32.9-2020-q2-update.win32_2.0.0.202105311346/tools/bin/../lib/gcc/arm-none-eabi/9.3.1/thumb/v7e-m+fp/hard/crtbegin.o
 *(.bss*)
 .bss.fac_us    0x0000000020000114        0x4 ./Core/Src/delay.o
 .bss.file_index
                0x0000000020000118        0x4 ./Core/Src/main.o
                0x0000000020000118                file_index
 .bss.count_t   0x000000002000011c        0x4 ./Core/Src/main.o
                0x000000002000011c                count_t
 .bss.end_t     0x0000000020000120        0x4 ./Core/Src/main.o
                0x0000000020000120                end_t
 .bss.heap_end.6585
                0x0000000020000124        0x4 ./Core/Src/sysmem.o
 .bss.WriteStatus
                0x0000000020000128        0x4 ./FATFS/Target/sd_diskio.o
 .bss.ReadStatus
                0x000000002000012c        0x4 ./FATFS/Target/sd_diskio.o
 .bss.FatFs     0x0000000020000130        0x4 ./Middlewares/Third_Party/FatFs/src/ff.o
 .bss.Fsid      0x0000000020000134        0x2 ./Middlewares/Third_Party/FatFs/src/ff.o
 *fill*         0x0000000020000136        0x2 
 .bss.Files     0x0000000020000138       0x20 ./Middlewares/Third_Party/FatFs/src/ff.o
 .bss.disk      0x0000000020000158        0xc ./Middlewares/Third_Party/FatFs/src/ff_gen_drv.o
                0x0000000020000158                disk
 .bss.__malloc_free_list
                0x0000000020000164        0x4 d:/st/stm32cubeide_1.7.0/stm32cubeide/plugins/com.st.stm32cube.ide.mcu.externaltools.gnu-tools-for-stm32.9-2020-q2-update.win32_2.0.0.202105311346/tools/bin/../lib/gcc/arm-none-eabi/9.3.1/../../../../arm-none-eabi/lib/thumb/v7e-m+fp/hard\libc_nano.a(lib_a-nano-mallocr.o)
                0x0000000020000164                __malloc_free_list
 .bss.__malloc_sbrk_start
                0x0000000020000168        0x4 d:/st/stm32cubeide_1.7.0/stm32cubeide/plugins/com.st.stm32cube.ide.mcu.externaltools.gnu-tools-for-stm32.9-2020-q2-update.win32_2.0.0.202105311346/tools/bin/../lib/gcc/arm-none-eabi/9.3.1/../../../../arm-none-eabi/lib/thumb/v7e-m+fp/hard\libc_nano.a(lib_a-nano-mallocr.o)
                0x0000000020000168                __malloc_sbrk_start
 *(COMMON)
 COMMON         0x000000002000016c      0x110 ./Core/Src/i2s.o
                0x000000002000016c                I2S2_Handler
                0x00000000200001b4                I2S2_TXDMA_Handler
                0x0000000020000214                i2s_rx_callback
                0x0000000020000218                I2S2_RXDMA_Handler
                0x0000000020000278                i2s_tx_callback
 COMMON         0x000000002000027c      0x834 ./Core/Src/main.o
                0x000000002000027c                hdma_sdio_rx
                0x00000000200002dc                f_rec
                0x00000000200002e0                names
                0x0000000020000790                ftemp
                0x0000000020000794                fno
                0x0000000020000798                hi2c1
                0x00000000200007ec                lt
                0x00000000200008b4                huart1
                0x00000000200008f8                hrtc
                0x0000000020000918                hdma_sdio_tx
                0x0000000020000978                i2srecbuf2
                0x000000002000097c                hsd
                0x0000000020000a00                i2srecbuf1
                0x0000000020000a04                hdma_spi2_tx
                0x0000000020000a64                hi2s2
                0x0000000020000aac                wavsize
 COMMON         0x0000000020000ab0    0x1a900 ./Core/Src/malloc.o
                0x0000000020000ab0                mem1mapbase
                0x00000000200023b0                mem1base
 COMMON         0x000000002001b3b0        0x4 ./Drivers/STM32F4xx_HAL_Driver/Src/stm32f4xx_hal.o
                0x000000002001b3b0                uwTick
 COMMON         0x000000002001b3b4      0x46c ./FATFS/App/fatfs.o
                0x000000002001b3b4                retSD
                0x000000002001b3b8                SDPath
                0x000000002001b3bc                SDFile
                0x000000002001b5ec                SDFatFS
 COMMON         0x000000002001b820        0x9 d:/st/stm32cubeide_1.7.0/stm32cubeide/plugins/com.st.stm32cube.ide.mcu.externaltools.gnu-tools-for-stm32.9-2020-q2-update.win32_2.0.0.202105311346/tools/bin/../lib/gcc/arm-none-eabi/9.3.1/../../../../arm-none-eabi/lib/thumb/v7e-m+fp/hard\libc_nano.a(lib_a-lock.o)
                0x000000002001b820                __lock___atexit_recursive_mutex