audio_player.c:180:13:DMAEx_XferErrorCallback	0	static
audio_player.c:36:10:WM8978_Read_Reg	0	static
audio_player.c:46:19:WM8978_Register_Wirter	32	static
audio_player.c:57:6:WAV_FileInit	0	static
audio_player.c:63:10:WAV_FileRead	32	static
audio_player.c:83:19:HAL_I2S_Transmit_DMAEx	24	static
audio_player.c:184:6:WM8978_I2S_Cfg	0	static
audio_player.c:190:6:WM8978_ADDA_Cfg	16	static
audio_player.c:202:6:WM8978_AUX_Gain	16	static
audio_player.c:233:6:WM8978_Output_Cfg	8	static
audio_player.c:247:6:WM8978_MIC_Gain	8	static
audio_player.c:253:6:WM8978_LINEIN_Gain	16	static
audio_player.c:214:6:WM8978_Input_Cfg	24	static
audio_player.c:265:6:WM8978_HPvol_Set	8	static
audio_player.c:274:6:WM8978_SPKvol_Set	8	static
audio_player.c:283:6:Audio_Player_Init	8	static
audio_player.c:306:6:Audio_Player_Init2	8	static
audio_player.c:325:6:Audio_Player_Start	8	static
audio_player.c:333:6:Audio_Player_Pause	0	static
audio_player.c:338:6:Audio_Player_Resume	0	static
audio_player.c:343:6:Audio_Player_Stop	8	static
audio_player.c:172:13:DMAEx_XferM1CpltCallback	8	static
audio_player.c:164:13:DMAEx_XferCpltCallback	8	static
