main.c:104:6:recoder_wav_init	16	static
main.c:162:6:rec_i2s_dma_rx_callback	8	static
main.c:195:8:joint3	32	static
main.c:205:9:delete_files	88	static
main.c:271:9:scan_files	72	static
main.c:314:9:set_timestamp	24	static
main.c:329:5:main	656	static
main.c:502:6:SystemClock_Config	88	static
main.c:545:13:MX_I2C1_Init	8	static
main.c:577:13:MX_I2S2_Init	8	static
main.c:609:13:MX_RTC_Init	32	static
main.c:667:13:MX_SDIO_SD_Init	4	static
main.c:694:13:MX_USART1_UART_Init	8	static
main.c:723:13:MX_DMA_Init	16	static
main.c:747:13:MX_GPIO_Init	56	static
main.c:771:5:__io_putchar	16	static
main.c:781:6:Error_Handler	4	static
