main.c:109:6:recoder_wav_init	16	static
main.c:167:6:rec_i2s_dma_rx_callback	16	static
main.c:209:9:set_timestamp	24	static
main.c:232:5:main	736	static
main.c:443:6:SystemClock_Config	88	static
main.c:488:13:MX_I2C1_Init	8	static
main.c:522:13:MX_I2S2_Init	8	static
main.c:556:13:MX_RTC_Init	32	static
main.c:618:13:MX_SDIO_SD_Init	4	static
main.c:646:13:MX_USART1_UART_Init	8	static
main.c:677:13:MX_DMA_Init	16	static
main.c:702:13:MX_GPIO_Init	56	static
main.c:727:5:__io_putchar	16	static
main.c:738:6:Error_Handler	4	static
