Archive member included to satisfy reference by file (symbol)

d:/st/stm32cubeide_1.7.0/stm32cubeide/plugins/com.st.stm32cube.ide.mcu.externaltools.gnu-tools-for-stm32.9-2020-q2-update.win32_2.0.0.202105311346/tools/bin/../lib/gcc/arm-none-eabi/9.3.1/../../../../arm-none-eabi/lib/thumb/v7e-m+fp/hard\libc_nano.a(lib_a-errno.o)
                              ./Core/Src/syscalls.o (__errno)
d:/st/stm32cubeide_1.7.0/stm32cubeide/plugins/com.st.stm32cube.ide.mcu.externaltools.gnu-tools-for-stm32.9-2020-q2-update.win32_2.0.0.202105311346/tools/bin/../lib/gcc/arm-none-eabi/9.3.1/../../../../arm-none-eabi/lib/thumb/v7e-m+fp/hard\libc_nano.a(lib_a-exit.o)
                              d:/st/stm32cubeide_1.7.0/stm32cubeide/plugins/com.st.stm32cube.ide.mcu.externaltools.gnu-tools-for-stm32.9-2020-q2-update.win32_2.0.0.202105311346/tools/bin/../lib/gcc/arm-none-eabi/9.3.1/../../../../arm-none-eabi/lib/thumb/v7e-m+fp/hard/crt0.o (exit)
d:/st/stm32cubeide_1.7.0/stm32cubeide/plugins/com.st.stm32cube.ide.mcu.externaltools.gnu-tools-for-stm32.9-2020-q2-update.win32_2.0.0.202105311346/tools/bin/../lib/gcc/arm-none-eabi/9.3.1/../../../../arm-none-eabi/lib/thumb/v7e-m+fp/hard\libc_nano.a(lib_a-impure.o)
                              d:/st/stm32cubeide_1.7.0/stm32cubeide/plugins/com.st.stm32cube.ide.mcu.externaltools.gnu-tools-for-stm32.9-2020-q2-update.win32_2.0.0.202105311346/tools/bin/../lib/gcc/arm-none-eabi/9.3.1/../../../../arm-none-eabi/lib/thumb/v7e-m+fp/hard\libc_nano.a(lib_a-exit.o) (_global_impure_ptr)
d:/st/stm32cubeide_1.7.0/stm32cubeide/plugins/com.st.stm32cube.ide.mcu.externaltools.gnu-tools-for-stm32.9-2020-q2-update.win32_2.0.0.202105311346/tools/bin/../lib/gcc/arm-none-eabi/9.3.1/../../../../arm-none-eabi/lib/thumb/v7e-m+fp/hard\libc_nano.a(lib_a-init.o)
                              d:/st/stm32cubeide_1.7.0/stm32cubeide/plugins/com.st.stm32cube.ide.mcu.externaltools.gnu-tools-for-stm32.9-2020-q2-update.win32_2.0.0.202105311346/tools/bin/../lib/gcc/arm-none-eabi/9.3.1/../../../../arm-none-eabi/lib/thumb/v7e-m+fp/hard/crt0.o (__libc_init_array)
d:/st/stm32cubeide_1.7.0/stm32cubeide/plugins/com.st.stm32cube.ide.mcu.externaltools.gnu-tools-for-stm32.9-2020-q2-update.win32_2.0.0.202105311346/tools/bin/../lib/gcc/arm-none-eabi/9.3.1/../../../../arm-none-eabi/lib/thumb/v7e-m+fp/hard\libc_nano.a(lib_a-malloc.o)
                              ./Core/Src/main.o (malloc)
d:/st/stm32cubeide_1.7.0/stm32cubeide/plugins/com.st.stm32cube.ide.mcu.externaltools.gnu-tools-for-stm32.9-2020-q2-update.win32_2.0.0.202105311346/tools/bin/../lib/gcc/arm-none-eabi/9.3.1/../../../../arm-none-eabi/lib/thumb/v7e-m+fp/hard\libc_nano.a(lib_a-memcpy-stub.o)
                              ./Core/Src/audio_player.o (memcpy)
d:/st/stm32cubeide_1.7.0/stm32cubeide/plugins/com.st.stm32cube.ide.mcu.externaltools.gnu-tools-for-stm32.9-2020-q2-update.win32_2.0.0.202105311346/tools/bin/../lib/gcc/arm-none-eabi/9.3.1/../../../../arm-none-eabi/lib/thumb/v7e-m+fp/hard\libc_nano.a(lib_a-memset.o)
                              d:/st/stm32cubeide_1.7.0/stm32cubeide/plugins/com.st.stm32cube.ide.mcu.externaltools.gnu-tools-for-stm32.9-2020-q2-update.win32_2.0.0.202105311346/tools/bin/../lib/gcc/arm-none-eabi/9.3.1/../../../../arm-none-eabi/lib/thumb/v7e-m+fp/hard/crt0.o (memset)
d:/st/stm32cubeide_1.7.0/stm32cubeide/plugins/com.st.stm32cube.ide.mcu.externaltools.gnu-tools-for-stm32.9-2020-q2-update.win32_2.0.0.202105311346/tools/bin/../lib/gcc/arm-none-eabi/9.3.1/../../../../arm-none-eabi/lib/thumb/v7e-m+fp/hard\libc_nano.a(lib_a-nano-freer.o)
                              d:/st/stm32cubeide_1.7.0/stm32cubeide/plugins/com.st.stm32cube.ide.mcu.externaltools.gnu-tools-for-stm32.9-2020-q2-update.win32_2.0.0.202105311346/tools/bin/../lib/gcc/arm-none-eabi/9.3.1/../../../../arm-none-eabi/lib/thumb/v7e-m+fp/hard\libc_nano.a(lib_a-malloc.o) (_free_r)
d:/st/stm32cubeide_1.7.0/stm32cubeide/plugins/com.st.stm32cube.ide.mcu.externaltools.gnu-tools-for-stm32.9-2020-q2-update.win32_2.0.0.202105311346/tools/bin/../lib/gcc/arm-none-eabi/9.3.1/../../../../arm-none-eabi/lib/thumb/v7e-m+fp/hard\libc_nano.a(lib_a-nano-mallocr.o)
                              d:/st/stm32cubeide_1.7.0/stm32cubeide/plugins/com.st.stm32cube.ide.mcu.externaltools.gnu-tools-for-stm32.9-2020-q2-update.win32_2.0.0.202105311346/tools/bin/../lib/gcc/arm-none-eabi/9.3.1/../../../../arm-none-eabi/lib/thumb/v7e-m+fp/hard\libc_nano.a(lib_a-malloc.o) (_malloc_r)
d:/st/stm32cubeide_1.7.0/stm32cubeide/plugins/com.st.stm32cube.ide.mcu.externaltools.gnu-tools-for-stm32.9-2020-q2-update.win32_2.0.0.202105311346/tools/bin/../lib/gcc/arm-none-eabi/9.3.1/../../../../arm-none-eabi/lib/thumb/v7e-m+fp/hard\libc_nano.a(lib_a-printf.o)
                              ./Core/Src/main.o (printf)
[...]
Memory Configuration

Name             Origin             Length             Attributes
CCMRAM           0x0000000010000000 0x0000000000010000 xrw
RAM              0x0000000020000000 0x0000000000020000 xrw
FLASH            0x0000000008000000 0x0000000000100000 xr
*default*        0x0000000000000000 0xffffffffffffffff

Linker script and memory map

LOAD d:/st/stm32cubeide_1.7.0/stm32cubeide/plugins/com.st.stm32cube.ide.mcu.externaltools.gnu-tools-for-stm32.9-2020-q2-update.win32_2.0.0.202105311346/tools/bin/../lib/gcc/arm-none-eabi/9.3.1/thumb/v7e-m+fp/hard/crti.o
LOAD d:/st/stm32cubeide_1.7.0/stm32cubeide/plugins/com.st.stm32cube.ide.mcu.externaltools.gnu-tools-for-stm32.9-2020-q2-update.win32_2.0.0.202105311346/tools/bin/../lib/gcc/arm-none-eabi/9.3.1/thumb/v7e-m+fp/hard/crtbegin.o
LOAD d:/st/stm32cubeide_1.7.0/stm32cubeide/plugins/com.st.stm32cube.ide.mcu.externaltools.gnu-tools-for-stm32.9-2020-q2-update.win32_2.0.0.202105311346/tools/bin/../lib/gcc/arm-none-eabi/9.3.1/../../../../arm-none-eabi/lib/thumb/v7e-m+fp/hard/crt0.o
LOAD ./Core/Src/audio_player.o
LOAD ./Core/Src/delay.o
LOAD ./Core/Src/i2s.o
LOAD ./Core/Src/main.o
LOAD ./Core/Src/malloc.o
LOAD ./Core/Src/stm32f4xx_hal_msp.o
LOAD ./Core/Src/stm32f4xx_it.o
LOAD ./Core/Src/syscalls.o
LOAD ./Core/Src/sysmem.o
LOAD ./Core/Src/system_stm32f4xx.o
LOAD ./Core/Startup/startup_stm32f407zgtx.o
LOAD ./Drivers/STM32F4xx_HAL_Driver/Src/stm32f4xx_hal.o
LOAD ./Drivers/STM32F4xx_HAL_Driver/Src/stm32f4xx_hal_cortex.o
LOAD ./Drivers/STM32F4xx_HAL_Driver/Src/stm32f4xx_hal_dma.o
LOAD ./Drivers/STM32F4xx_HAL_Driver/Src/stm32f4xx_hal_dma_ex.o
LOAD ./Drivers/STM32F4xx_HAL_Driver/Src/stm32f4xx_hal_exti.o
LOAD ./Drivers/STM32F4xx_HAL_Driver/Src/stm32f4xx_hal_flash.o
LOAD ./Drivers/STM32F4xx_HAL_Driver/Src/stm32f4xx_hal_flash_ex.o
LOAD ./Drivers/STM32F4xx_HAL_Driver/Src/stm32f4xx_hal_flash_ramfunc.o
LOAD ./Drivers/STM32F4xx_HAL_Driver/Src/stm32f4xx_hal_gpio.o
LOAD ./Drivers/STM32F4xx_HAL_Driver/Src/stm32f4xx_hal_i2c.o
LOAD ./Drivers/STM32F4xx_HAL_Driver/Src/stm32f4xx_hal_i2c_ex.o
LOAD ./Drivers/STM32F4xx_HAL_Driver/Src/stm32f4xx_hal_i2s.o
LOAD ./Drivers/STM32F4xx_HAL_Driver/Src/stm32f4xx_hal_i2s_ex.o
LOAD ./Drivers/STM32F4xx_HAL_Driver/Src/stm32f4xx_hal_pwr.o
LOAD ./Drivers/STM32F4xx_HAL_Driver/Src/stm32f4xx_hal_pwr_ex.o
LOAD ./Drivers/STM32F4xx_HAL_Driver/Src/stm32f4xx_hal_rcc.o
LOAD ./Drivers/STM32F4xx_HAL_Driver/Src/stm32f4xx_hal_rcc_ex.o
LOAD ./Drivers/STM32F4xx_HAL_Driver/Src/stm32f4xx_hal_rtc.o
LOAD ./Drivers/STM32F4xx_HAL_Driver/Src/stm32f4xx_hal_rtc_ex.o
LOAD ./Drivers/STM32F4xx_HAL_Driver/Src/stm32f4xx_hal_sd.o
LOAD ./Drivers/STM32F4xx_HAL_Driver/Src/stm32f4xx_hal_tim.o
LOAD ./Drivers/STM32F4xx_HAL_Driver/Src/stm32f4xx_hal_tim_ex.o
LOAD ./Drivers/STM32F4xx_HAL_Driver/Src/stm32f4xx_hal_uart.o
LOAD ./Drivers/STM32F4xx_HAL_Driver/Src/stm32f4xx_ll_sdmmc.o
LOAD ./FATFS/App/fatfs.o
LOAD ./FATFS/Target/bsp_driver_sd.o
LOAD ./FATFS/Target/sd_diskio.o
LOAD ./Middlewares/Third_Party/FatFs/src/diskio.o
LOAD ./Middlewares/Third_Party/FatFs/src/ff.o
LOAD ./Middlewares/Third_Party/FatFs/src/ff_gen_drv.o
LOAD ./Middlewares/Third_Party/FatFs/src/option/cc936.o
LOAD ./Middlewares/Third_Party/FatFs/src/option/syscall.o
START GROUP
LOAD d:/st/stm32cubeide_1.7.0/stm32cubeide/plugins/com.st.stm32cube.ide.mcu.externaltools.gnu-tools-for-stm32.9-2020-q2-update.win32_2.0.0.202105311346/tools/bin/../lib/gcc/arm-none-eabi/9.3.1/../../../../arm-none-eabi/lib/thumb/v7e-m+fp/hard\libc_nano.a
LOAD d:/st/stm32cubeide_1.7.0/stm32cubeide/plugins/com.st.stm32cube.ide.mcu.externaltools.gnu-tools-for-stm32.9-2020-q2-update.win32_2.0.0.202105311346/tools/bin/../lib/gcc/arm-none-eabi/9.3.1/../../../../arm-none-eabi/lib/thumb/v7e-m+fp/hard\libm.a
END GROUP
START GROUP
LOAD d:/st/stm32cubeide_1.7.0/stm32cubeide/plugins/com.st.stm32cube.ide.mcu.externaltools.gnu-tools-for-stm32.9-2020-q2-update.win32_2.0.0.202105311346/tools/bin/../lib/gcc/arm-none-eabi/9.3.1/thumb/v7e-m+fp/hard\libgcc.a
LOAD d:/st/stm32cubeide_1.7.0/stm32cubeide/plugins/com.st.stm32cube.ide.mcu.externaltools.gnu-tools-for-stm32.9-2020-q2-update.win32_2.0.0.202105311346/tools/bin/../lib/gcc/arm-none-eabi/9.3.1/../../../../arm-none-eabi/lib/thumb/v7e-m+fp/hard\libc_nano.a
END GROUP
START GROUP
LOAD d:/st/stm32cubeide_1.7.0/stm32cubeide/plugins/com.st.stm32cube.ide.mcu.externaltools.gnu-tools-for-stm32.9-2020-q2-update.win32_2.0.0.202105311346/tools/bin/../lib/gcc/arm-none-eabi/9.3.1/thumb/v7e-m+fp/hard\libgcc.a
LOAD d:/st/stm32cubeide_1.7.0/stm32cubeide/plugins/com.st.stm32cube.ide.mcu.externaltools.gnu-tools-for-stm32.9-2020-q2-update.win32_2.0.0.202105311346/tools/bin/../lib/gcc/arm-none-eabi/9.3.1/../../../../arm-none-eabi/lib/thumb/v7e-m+fp/hard\libc_nano.a
LOAD d:/st/stm32cubeide_1.7.0/stm32cubeide/plugins/com.st.stm32cube.ide.mcu.externaltools.gnu-tools-for-stm32.9-2020-q2-update.win32_2.0.0.202105311346/tools/bin/../lib/gcc/arm-none-eabi/9.3.1/../../../../arm-none-eabi/lib/thumb/v7e-m+fp/hard\libnosys.a
END GROUP
START GROUP
LOAD d:/st/stm32cubeide_1.7.0/stm32cubeide/plugins/com.st.stm32cube.ide.mcu.externaltools.gnu-tools-for-stm32.9-2020-q2-update.win32_2.0.0.202105311346/tools/bin/../lib/gcc/arm-none-eabi/9.3.1/thumb/v7e-m+fp/hard\libgcc.a
LOAD d:/st/stm32cubeide_1.7.0/stm32cubeide/plugins/com.st.stm32cube.ide.mcu.externaltools.gnu-tools-for-stm32.9-2020-q2-update.win32_2.0.0.202105311346/tools/bin/../lib/gcc/arm-none-eabi/9.3.1/../../../../arm-none-eabi/lib/thumb/v7e-m+fp/hard\libc_nano.a
LOAD d:/st/stm32cubeide_1.7.0/stm32cubeide/plugins/com.st.stm32cube.ide.mcu.externaltools.gnu-tools-for-stm32.9-2020-q2-update.win32_2.0.0.202105311346/tools/bin/../lib/gcc/arm-none-eabi/9.3.1/../../../../arm-none-eabi/lib/thumb/v7e-m+fp/hard\libnosys.a
END GROUP
LOAD d:/st/stm32cubeide_1.7.0/stm32cubeide/plugins/com.st.stm32cube.ide.mcu.externaltools.gnu-tools-for-stm32.9-2020-q2-update.win32_2.0.0.202105311346/tools/bin/../lib/gcc/arm-none-eabi/9.3.1/thumb/v7e-m+fp/hard/crtend.o
LOAD d:/st/stm32cubeide_1.7.0/stm32cubeide/plugins/com.st.stm32cube.ide.mcu.externaltools.gnu-tools-for-stm32.9-2020-q2-update.win32_2.0.0.202105311346/tools/bin/../lib/gcc/arm-none-eabi/9.3.1/thumb/v7e-m+fp/hard/crtn.o
                0x0000000020020000                _estack = (ORIGIN (RAM) + LENGTH (RAM))
                0x0000000000000200                _Min_Heap_Size = 0x200
                0x0000000000000400                _Min_Stack_Size = 0x400

.isr_vector     0x0000000008000000      0x188
                0x0000000008000000                . = ALIGN (0x4)
 *(.isr_vector)
 .isr_vector    0x0000000008000000      0x188 ./Core/Startup/startup_stm32f407zgtx.o
                0x0000000008000000                g_pfnVectors
                0x0000000008000188                . = ALIGN (0x4)

.text           0x0000000008000190     0x7708
                0x0000000008000190                . = ALIGN (0x4)
 *(.text)
 .text          0x0000000008000190       0x40 d:/st/stm32cubeide_1.7.0/stm32cubeide/plugins/com.st.stm32cube.ide.mcu.externaltools.gnu-tools-for-stm32.9-2020-q2-update.win32_2.0.0.202105311346/tools/bin/../lib/gcc/arm-none-eabi/9.3.1/thumb/v7e-m+fp/hard/crtbegin.o
 .text          0x00000000080001d0       0x10 d:/st/stm32cubeide_1.7.0/stm32cubeide/plugins/com.st.stm32cube.ide.mcu.externaltools.gnu-tools-for-stm32.9-2020-q2-update.win32_2.0.0.202105311346/tools/bin/../lib/gcc/arm-none-eabi/9.3.1/../../../../arm-none-eabi/lib/thumb/v7e-m+fp/hard\libc_nano.a(lib_a-strlen.o)
                0x00000000080001d0                strlen
 .text          0x00000000080001e0       0xa0 d:/st/stm32cubeide_1.7.0/stm32cubeide/plugins/com.st.stm32cube.ide.mcu.externaltools.gnu-tools-for-stm32.9-2020-q2-update.win32_2.0.0.202105311346/tools/bin/../lib/gcc/arm-none-eabi/9.3.1/../../../../arm-none-eabi/lib/thumb/v7e-m+fp/hard\libc_nano.a(lib_a-memchr.o)
                0x00000000080001e0                memchr
 .text          0x0000000008000280       0x30 d:/st/stm32cubeide_1.7.0/stm32cubeide/plugins/com.st.stm32cube.ide.mcu.externaltools.gnu-tools-for-stm32.9-2020-q2-update.win32_2.0.0.202105311346/tools/bin/../lib/gcc/arm-none-eabi/9.3.1/thumb/v7e-m+fp/hard\libgcc.a(_aeabi_uldivmod.o)
                0x0000000008000280                __aeabi_uldivmod
 .text          0x00000000080002b0      0x2c4 d:/st/stm32cubeide_1.7.0/stm32cubeide/plugins/com.st.stm32cube.ide.mcu.externaltools.gnu-tools-for-stm32.9-2020-q2-update.win32_2.0.0.202105311346/tools/bin/../lib/gcc/arm-none-eabi/9.3.1/thumb/v7e-m+fp/hard\libgcc.a(_udivmoddi4.o)
                0x00000000080002b0                __udivmoddi4
 .text          0x0000000008000574        0x4 d:/st/stm32cubeide_1.7.0/stm32cubeide/plugins/com.st.stm32cube.ide.mcu.externaltools.gnu-tools-for-stm32.9-2020-q2-update.win32_2.0.0.202105311346/tools/bin/../lib/gcc/arm-none-eabi/9.3.1/thumb/v7e-m+fp/hard\libgcc.a(_dvmd_tls.o)
                0x0000000008000574                __aeabi_idiv0
                0x0000000008000574                __aeabi_ldiv0
 *(.text*)
 .text.WM8978_Register_Wirter
                0x0000000008000578       0x44 ./Core/Src/audio_player.o
                0x0000000008000578                WM8978_Register_Wirter
 .text.WM8978_I2S_Cfg
                0x00000000080005bc       0x14 ./Core/Src/audio_player.o
                0x00000000080005bc                WM8978_I2S_Cfg
 .text.WM8978_ADDA_Cfg
                0x00000000080005d0       0x3c ./Core/Src/audio_player.o
                0x00000000080005d0                WM8978_ADDA_Cfg
 .text.WM8978_AUX_Gain
                0x000000000800060c       0x34 ./Core/Src/audio_player.o
                0x000000000800060c                WM8978_AUX_Gain
 .text.WM8978_Output_Cfg
                0x0000000008000640       0x22 ./Core/Src/audio_player.o
                0x0000000008000640                WM8978_Output_Cfg
 .text.WM8978_MIC_Gain
                0x0000000008000662       0x1c ./Core/Src/audio_player.o
                0x0000000008000662                WM8978_MIC_Gain
 *fill*         0x000000000800067e        0x2 
 .text.WM8978_LINEIN_Gain
                0x0000000008000680       0x38 ./Core/Src/audio_player.o
                0x0000000008000680                WM8978_LINEIN_Gain
 .text.WM8978_Input_Cfg
                0x00000000080006b8       0x58 ./Core/Src/audio_player.o
                0x00000000080006b8                WM8978_Input_Cfg
 .text.WM8978_HPvol_Set
                0x0000000008000710       0x28 ./Core/Src/audio_player.o
                0x0000000008000710                WM8978_HPvol_Set
 .text.WM8978_SPKvol_Set
                0x0000000008000738       0x20 ./Core/Src/audio_player.o
                0x0000000008000738                WM8978_SPKvol_Set
 .text.Audio_Player_Init
                0x0000000008000758       0x74 ./Core/Src/audio_player.o
                0x0000000008000758                Audio_Player_Init
 .text.delay_us
                0x00000000080007cc       0x30 ./Core/Src/delay.o
                0x00000000080007cc                delay_us
 .text.delay_ms
                0x00000000080007fc       0x18 ./Core/Src/delay.o
                0x00000000080007fc                delay_ms
 .text.I2S2_Init
                0x0000000008000814       0x64 ./Core/Src/i2s.o
                0x0000000008000814                I2S2_Init
 .text.I2S2_SampleRate_Set
                0x0000000008000878       0x70 ./Core/Src/i2s.o
                0x0000000008000878                I2S2_SampleRate_Set
 .text.I2S2_TX_DMA_Init
                0x00000000080008e8       0xf4 ./Core/Src/i2s.o
                0x00000000080008e8                I2S2_TX_DMA_Init
 .text.I2S2ext_RX_DMA_Init
                0x00000000080009dc       0xf4 ./Core/Src/i2s.o
                0x00000000080009dc                I2S2ext_RX_DMA_Init
 .text.DMA1_Stream4_IRQHandler
                0x0000000008000ad0       0x6c ./Core/Src/i2s.o
                0x0000000008000ad0                DMA1_Stream4_IRQHandler
 .text.DMA1_Stream3_IRQHandler
                0x0000000008000b3c       0x70 ./Core/Src/i2s.o
                0x0000000008000b3c                DMA1_Stream3_IRQHandler
 .text.I2S_Play_Start
                0x0000000008000bac       0x14 ./Core/Src/i2s.o
                0x0000000008000bac                I2S_Play_Start
 .text.I2S_Rec_Start
                0x0000000008000bc0       0x14 ./Core/Src/i2s.o
                0x0000000008000bc0                I2S_Rec_Start
 .text.I2S_Rec_Stop
                0x0000000008000bd4       0x14 ./Core/Src/i2s.o
                0x0000000008000bd4                I2S_Rec_Stop
 .text.rec_i2s_dma_rx_callback
                0x0000000008000be8       0xa0 ./Core/Src/main.o
                0x0000000008000be8                rec_i2s_dma_rx_callback
 .text.recoder_wav_init
                0x0000000008000c88       0x50 ./Core/Src/main.o
                0x0000000008000c88                recoder_wav_init
 .text.set_timestamp
                0x0000000008000cd8       0x3c ./Core/Src/main.o
                0x0000000008000cd8                set_timestamp
 .text.SystemClock_Config
                0x0000000008000d14       0x98 ./Core/Src/main.o
                0x0000000008000d14                SystemClock_Config
 .text.startup.main
                0x0000000008000dac      0x4bc ./Core/Src/main.o
                0x0000000008000dac                main
 .text.__io_putchar
                0x0000000008001268       0x20 ./Core/Src/main.o
                0x0000000008001268                __io_putchar
 .text.Error_Handler
                0x0000000008001288        0x2 ./Core/Src/main.o
                0x0000000008001288                Error_Handler
 *fill*         0x000000000800128a        0x2 
 .text.my_mem_perused
                0x000000000800128c       0x34 ./Core/Src/malloc.o
                0x000000000800128c                my_mem_perused
 .text.mymemset
                0x00000000080012c0        0xe ./Core/Src/malloc.o
                0x00000000080012c0                mymemset
 *fill*         0x00000000080012ce        0x2 
 .text.my_mem_init
                0x00000000080012d0       0x34 ./Core/Src/malloc.o
                0x00000000080012d0                my_mem_init
 .text.my_mem_malloc
                0x0000000008001304       0x64 ./Core/Src/malloc.o
                0x0000000008001304                my_mem_malloc
 .text.my_mem_free
                0x0000000008001368       0x44 ./Core/Src/malloc.o
                0x0000000008001368                my_mem_free
 .text.myfree   0x00000000080013ac       0x18 ./Core/Src/malloc.o
                0x00000000080013ac                myfree
 .text.mymalloc
                0x00000000080013c4       0x20 ./Core/Src/malloc.o
                0x00000000080013c4                mymalloc
 .text.HAL_MspInit
                0x00000000080013e4       0x38 ./Core/Src/stm32f4xx_hal_msp.o
                0x00000000080013e4                HAL_MspInit
 .text.HAL_I2C_MspInit
                0x000000000800141c       0x70 ./Core/Src/stm32f4xx_hal_msp.o
                0x000000000800141c                HAL_I2C_MspInit
 .text.HAL_I2S_MspInit
                0x000000000800148c      0x110 ./Core/Src/stm32f4xx_hal_msp.o
                0x000000000800148c                HAL_I2S_MspInit
 .text.HAL_RTC_MspInit
                0x000000000800159c       0x40 ./Core/Src/stm32f4xx_hal_msp.o
                0x000000000800159c                HAL_RTC_MspInit
 .text.HAL_SD_MspInit
                0x00000000080015dc      0x164 ./Core/Src/stm32f4xx_hal_msp.o
                0x00000000080015dc                HAL_SD_MspInit
 .text.HAL_UART_MspInit
                0x0000000008001740       0x70 ./Core/Src/stm32f4xx_hal_msp.o
                0x0000000008001740                HAL_UART_MspInit
 .text.NMI_Handler
                0x00000000080017b0        0x2 ./Core/Src/stm32f4xx_it.o
                0x00000000080017b0                NMI_Handler
 .text.HardFault_Handler
                0x00000000080017b2        0x2 ./Core/Src/stm32f4xx_it.o
                0x00000000080017b2                HardFault_Handler
 .text.MemManage_Handler
                0x00000000080017b4        0x2 ./Core/Src/stm32f4xx_it.o
                0x00000000080017b4                MemManage_Handler
 .text.BusFault_Handler
                0x00000000080017b6        0x2 ./Core/Src/stm32f4xx_it.o
                0x00000000080017b6                BusFault_Handler
 .text.UsageFault_Handler
                0x00000000080017b8        0x2 ./Core/Src/stm32f4xx_it.o
                0x00000000080017b8                UsageFault_Handler
 .text.SVC_Handler
                0x00000000080017ba        0x2 ./Core/Src/stm32f4xx_it.o
                0x00000000080017ba                SVC_Handler
 .text.DebugMon_Handler
                0x00000000080017bc        0x2 ./Core/Src/stm32f4xx_it.o
                0x00000000080017bc                DebugMon_Handler
 .text.PendSV_Handler
                0x00000000080017be        0x2 ./Core/Src/stm32f4xx_it.o
                0x00000000080017be                PendSV_Handler
 .text.SysTick_Handler
                0x00000000080017c0        0x4 ./Core/Src/stm32f4xx_it.o
                0x00000000080017c0                SysTick_Handler
 .text.SDIO_IRQHandler
                0x00000000080017c4        0xc ./Core/Src/stm32f4xx_it.o
                0x00000000080017c4                SDIO_IRQHandler
 .text.DMA2_Stream3_IRQHandler
                0x00000000080017d0        0xc ./Core/Src/stm32f4xx_it.o
                0x00000000080017d0                DMA2_Stream3_IRQHandler
 .text.DMA2_Stream6_IRQHandler
                0x00000000080017dc        0xc ./Core/Src/stm32f4xx_it.o
                0x00000000080017dc                DMA2_Stream6_IRQHandler
 .text._read    0x00000000080017e8       0x1a ./Core/Src/syscalls.o
                0x00000000080017e8                _read
 .text._write   0x0000000008001802       0x1a ./Core/Src/syscalls.o
                0x0000000008001802                _write
 .text._close   0x000000000800181c        0x6 ./Core/Src/syscalls.o
                0x000000000800181c                _close
 .text._fstat   0x0000000008001822        0xa ./Core/Src/syscalls.o
                0x0000000008001822                _fstat
 .text._isatty  0x000000000800182c        0x4 ./Core/Src/syscalls.o
                0x000000000800182c                _isatty
 .text._lseek   0x0000000008001830        0x4 ./Core/Src/syscalls.o
                0x0000000008001830                _lseek
 .text._sbrk    0x0000000008001834       0x34 ./Core/Src/sysmem.o
                0x0000000008001834                _sbrk
 .text.SystemInit
                0x0000000008001868       0x1c ./Core/Src/system_stm32f4xx.o
                0x0000000008001868                SystemInit
 .text.Reset_Handler
                0x0000000008001884       0x50 ./Core/Startup/startup_stm32f407zgtx.o
                0x0000000008001884                Reset_Handler
 .text.Default_Handler
                0x00000000080018d4        0x2 ./Core/Startup/startup_stm32f407zgtx.o
                0x00000000080018d4                RTC_Alarm_IRQHandler
                0x00000000080018d4                HASH_RNG_IRQHandler
                0x00000000080018d4                EXTI2_IRQHandler
                0x00000000080018d4                TIM8_CC_IRQHandler
                0x00000000080018d4                TIM1_CC_IRQHandler
                0x00000000080018d4                DMA2_Stream5_IRQHandler
                0x00000000080018d4                DMA1_Stream5_IRQHandler
                0x00000000080018d4                PVD_IRQHandler
                0x00000000080018d4                TAMP_STAMP_IRQHandler
                0x00000000080018d4                CAN2_RX1_IRQHandler
                0x00000000080018d4                EXTI3_IRQHandler
                0x00000000080018d4                TIM8_TRG_COM_TIM14_IRQHandler
                0x00000000080018d4                TIM1_UP_TIM10_IRQHandler
                0x00000000080018d4                TIM8_UP_TIM13_IRQHandler
                0x00000000080018d4                I2C3_ER_IRQHandler
                0x00000000080018d4                EXTI0_IRQHandler
                0x00000000080018d4                I2C2_EV_IRQHandler
                0x00000000080018d4                DMA1_Stream2_IRQHandler
                0x00000000080018d4                CAN1_RX0_IRQHandler
                0x00000000080018d4                FPU_IRQHandler
                0x00000000080018d4                OTG_HS_WKUP_IRQHandler
                0x00000000080018d4                CAN2_SCE_IRQHandler
                0x00000000080018d4                DMA2_Stream2_IRQHandler
                0x00000000080018d4                SPI1_IRQHandler
                0x00000000080018d4                TIM6_DAC_IRQHandler
                0x00000000080018d4                TIM1_BRK_TIM9_IRQHandler
                0x00000000080018d4                DCMI_IRQHandler
                0x00000000080018d4                CAN2_RX0_IRQHandler
                0x00000000080018d4                USART6_IRQHandler
                0x00000000080018d4                USART3_IRQHandler
                0x00000000080018d4                CAN1_RX1_IRQHandler
                0x00000000080018d4                UART5_IRQHandler
                0x00000000080018d4                DMA2_Stream0_IRQHandler
                0x00000000080018d4                TIM4_IRQHandler
                0x00000000080018d4                I2C1_EV_IRQHandler
                0x00000000080018d4                DMA1_Stream6_IRQHandler
                0x00000000080018d4                DMA1_Stream1_IRQHandler
                0x00000000080018d4                UART4_IRQHandler
                0x00000000080018d4                TIM3_IRQHandler
                0x00000000080018d4                RCC_IRQHandler
                0x00000000080018d4                TIM8_BRK_TIM12_IRQHandler
                0x00000000080018d4                Default_Handler
                0x00000000080018d4                EXTI15_10_IRQHandler
                0x00000000080018d4                ADC_IRQHandler
                0x00000000080018d4                DMA1_Stream7_IRQHandler
                0x00000000080018d4                TIM7_IRQHandler
                0x00000000080018d4                CAN2_TX_IRQHandler
                0x00000000080018d4                TIM5_IRQHandler
                0x00000000080018d4                DMA2_Stream7_IRQHandler
                0x00000000080018d4                I2C3_EV_IRQHandler
                0x00000000080018d4                EXTI9_5_IRQHandler
                0x00000000080018d4                RTC_WKUP_IRQHandler
                0x00000000080018d4                ETH_WKUP_IRQHandler
                0x00000000080018d4                SPI2_IRQHandler
                0x00000000080018d4                OTG_HS_EP1_IN_IRQHandler
                0x00000000080018d4                DMA1_Stream0_IRQHandler
                0x00000000080018d4                CAN1_TX_IRQHandler
                0x00000000080018d4                EXTI4_IRQHandler
                0x00000000080018d4                FSMC_IRQHandler
                0x00000000080018d4                ETH_IRQHandler
                0x00000000080018d4                OTG_HS_EP1_OUT_IRQHandler
                0x00000000080018d4                WWDG_IRQHandler
                0x00000000080018d4                TIM2_IRQHandler
                0x00000000080018d4                OTG_FS_WKUP_IRQHandler
                0x00000000080018d4                TIM1_TRG_COM_TIM11_IRQHandler
                0x00000000080018d4                OTG_HS_IRQHandler
                0x00000000080018d4                EXTI1_IRQHandler
                0x00000000080018d4                USART2_IRQHandler
                0x00000000080018d4                I2C2_ER_IRQHandler
                0x00000000080018d4                DMA2_Stream1_IRQHandler
                0x00000000080018d4                CAN1_SCE_IRQHandler
                0x00000000080018d4                FLASH_IRQHandler
                0x00000000080018d4                DMA2_Stream4_IRQHandler
                0x00000000080018d4                USART1_IRQHandler
                0x00000000080018d4                OTG_FS_IRQHandler
                0x00000000080018d4                SPI3_IRQHandler
                0x00000000080018d4                I2C1_ER_IRQHandler
 *fill*         0x00000000080018d6        0x2 
 .text.HAL_InitTick
                0x00000000080018d8       0x48 ./Drivers/STM32F4xx_HAL_Driver/Src/stm32f4xx_hal.o
                0x00000000080018d8                HAL_InitTick
 .text.HAL_Init
                0x0000000008001920       0x34 ./Drivers/STM32F4xx_HAL_Driver/Src/stm32f4xx_hal.o
                0x0000000008001920                HAL_Init
 .text.HAL_IncTick
                0x0000000008001954       0x18 ./Drivers/STM32F4xx_HAL_Driver/Src/stm32f4xx_hal.o
                0x0000000008001954                HAL_IncTick
 .text.HAL_GetTick
                0x000000000800196c        0xc ./Drivers/STM32F4xx_HAL_Driver/Src/stm32f4xx_hal.o
                0x000000000800196c                HAL_GetTick
 .text.HAL_Delay
                0x0000000008001978       0x28 ./Drivers/STM32F4xx_HAL_Driver/Src/stm32f4xx_hal.o
                0x0000000008001978                HAL_Delay
 .text.HAL_NVIC_SetPriorityGrouping
                0x00000000080019a0       0x24 ./Drivers/STM32F4xx_HAL_Driver/Src/stm32f4xx_hal_cortex.o
                0x00000000080019a0                HAL_NVIC_SetPriorityGrouping
 .text.HAL_NVIC_SetPriority
                0x00000000080019c4       0x64 ./Drivers/STM32F4xx_HAL_Driver/Src/stm32f4xx_hal_cortex.o
                0x00000000080019c4                HAL_NVIC_SetPriority
 .text.HAL_NVIC_EnableIRQ
                0x0000000008001a28       0x1c ./Drivers/STM32F4xx_HAL_Driver/Src/stm32f4xx_hal_cortex.o
                0x0000000008001a28                HAL_NVIC_EnableIRQ
 .text.HAL_SYSTICK_Config
                0x0000000008001a44       0x2c ./Drivers/STM32F4xx_HAL_Driver/Src/stm32f4xx_hal_cortex.o
                0x0000000008001a44                HAL_SYSTICK_Config
 .text.DMA_CalcBaseAndBitshift
                0x0000000008001a70       0x2c ./Drivers/STM32F4xx_HAL_Driver/Src/stm32f4xx_hal_dma.o
 .text.HAL_DMA_Init
                0x0000000008001a9c      0x100 ./Drivers/STM32F4xx_HAL_Driver/Src/stm32f4xx_hal_dma.o
                0x0000000008001a9c                HAL_DMA_Init
 .text.HAL_DMA_DeInit
                0x0000000008001b9c       0x54 ./Drivers/STM32F4xx_HAL_Driver/Src/stm32f4xx_hal_dma.o
                0x0000000008001b9c                HAL_DMA_DeInit
 .text.HAL_DMA_Start_IT
                0x0000000008001bf0       0x74 ./Drivers/STM32F4xx_HAL_Driver/Src/stm32f4xx_hal_dma.o
                0x0000000008001bf0                HAL_DMA_Start_IT
 .text.HAL_DMA_Abort_IT
                0x0000000008001c64       0x24 ./Drivers/STM32F4xx_HAL_Driver/Src/stm32f4xx_hal_dma.o
                0x0000000008001c64                HAL_DMA_Abort_IT
 .text.HAL_DMA_IRQHandler
                0x0000000008001c88      0x17c ./Drivers/STM32F4xx_HAL_Driver/Src/stm32f4xx_hal_dma.o
                0x0000000008001c88                HAL_DMA_IRQHandler
 .text.HAL_DMA_GetError
                0x0000000008001e04        0x4 ./Drivers/STM32F4xx_HAL_Driver/Src/stm32f4xx_hal_dma.o
                0x0000000008001e04                HAL_DMA_GetError
 .text.HAL_DMAEx_MultiBufferStart
                0x0000000008001e08       0x5a ./Drivers/STM32F4xx_HAL_Driver/Src/stm32f4xx_hal_dma_ex.o
                0x0000000008001e08                HAL_DMAEx_MultiBufferStart
 *fill*         0x0000000008001e62        0x2 
 .text.HAL_GPIO_Init
                0x0000000008001e64      0x1b4 ./Drivers/STM32F4xx_HAL_Driver/Src/stm32f4xx_hal_gpio.o
                0x0000000008001e64                HAL_GPIO_Init
 .text.HAL_GPIO_WritePin
                0x0000000008002018        0xa ./Drivers/STM32F4xx_HAL_Driver/Src/stm32f4xx_hal_gpio.o
                0x0000000008002018                HAL_GPIO_WritePin
 .text.HAL_GPIO_TogglePin
                0x0000000008002022       0x12 ./Drivers/STM32F4xx_HAL_Driver/Src/stm32f4xx_hal_gpio.o
                0x0000000008002022                HAL_GPIO_TogglePin
 .text.I2C_IsAcknowledgeFailed
                0x0000000008002034       0x34 ./Drivers/STM32F4xx_HAL_Driver/Src/stm32f4xx_hal_i2c.o
 .text.I2C_WaitOnMasterAddressFlagUntilTimeout
                0x0000000008002068       0x76 ./Drivers/STM32F4xx_HAL_Driver/Src/stm32f4xx_hal_i2c.o
 .text.I2C_WaitOnBTFFlagUntilTimeout
                0x00000000080020de       0x4c ./Drivers/STM32F4xx_HAL_Driver/Src/stm32f4xx_hal_i2c.o
 .text.I2C_WaitOnFlagUntilTimeout
                0x000000000800212a       0x64 ./Drivers/STM32F4xx_HAL_Driver/Src/stm32f4xx_hal_i2c.o
 .text.I2C_WaitOnTXEFlagUntilTimeout
                0x000000000800218e       0x4c ./Drivers/STM32F4xx_HAL_Driver/Src/stm32f4xx_hal_i2c.o
 *fill*         0x00000000080021da        0x2 
 .text.HAL_I2C_Init
                0x00000000080021dc      0x150 ./Drivers/STM32F4xx_HAL_Driver/Src/stm32f4xx_hal_i2c.o
                0x00000000080021dc                HAL_I2C_Init
 .text.HAL_I2C_Master_Transmit
                0x000000000800232c      0x1b0 ./Drivers/STM32F4xx_HAL_Driver/Src/stm32f4xx_hal_i2c.o
                0x000000000800232c                HAL_I2C_Master_Transmit
 .text.HAL_I2S_Init
                0x00000000080024dc      0x134 ./Drivers/STM32F4xx_HAL_Driver/Src/stm32f4xx_hal_i2s.o
                0x00000000080024dc                HAL_I2S_Init
 .text.HAL_I2S_TxCpltCallback
                0x0000000008002610        0x2 ./Drivers/STM32F4xx_HAL_Driver/Src/stm32f4xx_hal_i2s.o
                0x0000000008002610                HAL_I2S_TxCpltCallback
 .text.HAL_I2S_RxCpltCallback
                0x0000000008002612        0x2 ./Drivers/STM32F4xx_HAL_Driver/Src/stm32f4xx_hal_i2s.o
                0x0000000008002612                HAL_I2S_RxCpltCallback
 .text.HAL_I2S_ErrorCallback
                0x0000000008002614        0x2 ./Drivers/STM32F4xx_HAL_Driver/Src/stm32f4xx_hal_i2s.o
                0x0000000008002614                HAL_I2S_ErrorCallback
 .text.I2S_IRQHandler
                0x0000000008002616       0xfa ./Drivers/STM32F4xx_HAL_Driver/Src/stm32f4xx_hal_i2s.o
 .text.HAL_I2SEx_TxRxCpltCallback
                0x0000000008002710        0x2 ./Drivers/STM32F4xx_HAL_Driver/Src/stm32f4xx_hal_i2s_ex.o
                0x0000000008002710                HAL_I2SEx_TxRxCpltCallback
 *fill*         0x0000000008002712        0x2 
 .text.HAL_I2SEx_FullDuplex_IRQHandler
                0x0000000008002714      0x248 ./Drivers/STM32F4xx_HAL_Driver/Src/stm32f4xx_hal_i2s_ex.o
                0x0000000008002714                HAL_I2SEx_FullDuplex_IRQHandler
 .text.HAL_RCC_OscConfig
                0x000000000800295c      0x358 ./Drivers/STM32F4xx_HAL_Driver/Src/stm32f4xx_hal_rcc.o
                0x000000000800295c                HAL_RCC_OscConfig
 .text.HAL_RCC_GetSysClockFreq
                0x0000000008002cb4       0x5c ./Drivers/STM32F4xx_HAL_Driver/Src/stm32f4xx_hal_rcc.o
                0x0000000008002cb4                HAL_RCC_GetSysClockFreq
 .text.HAL_RCC_ClockConfig
                0x0000000008002d10      0x138 ./Drivers/STM32F4xx_HAL_Driver/Src/stm32f4xx_hal_rcc.o
                0x0000000008002d10                HAL_RCC_ClockConfig
 .text.HAL_RCC_GetPCLK1Freq
                0x0000000008002e48       0x20 ./Drivers/STM32F4xx_HAL_Driver/Src/stm32f4xx_hal_rcc.o
                0x0000000008002e48                HAL_RCC_GetPCLK1Freq
 .text.HAL_RCC_GetPCLK2Freq
                0x0000000008002e68       0x20 ./Drivers/STM32F4xx_HAL_Driver/Src/stm32f4xx_hal_rcc.o
                0x0000000008002e68                HAL_RCC_GetPCLK2Freq
 .text.HAL_RCCEx_PeriphCLKConfig
                0x0000000008002e88      0x130 ./Drivers/STM32F4xx_HAL_Driver/Src/stm32f4xx_hal_rcc_ex.o
                0x0000000008002e88                HAL_RCCEx_PeriphCLKConfig
 .text.HAL_RCCEx_GetPeriphCLKFreq
                0x0000000008002fb8       0x4c ./Drivers/STM32F4xx_HAL_Driver/Src/stm32f4xx_hal_rcc_ex.o
                0x0000000008002fb8                HAL_RCCEx_GetPeriphCLKFreq
 .text.HAL_RTC_WaitForSynchro
                0x0000000008003004       0x30 ./Drivers/STM32F4xx_HAL_Driver/Src/stm32f4xx_hal_rtc.o
                0x0000000008003004                HAL_RTC_WaitForSynchro
 .text.RTC_EnterInitMode
                0x0000000008003034       0x34 ./Drivers/STM32F4xx_HAL_Driver/Src/stm32f4xx_hal_rtc.o
                0x0000000008003034                RTC_EnterInitMode
 .text.HAL_RTC_Init
                0x0000000008003068       0x9c ./Drivers/STM32F4xx_HAL_Driver/Src/stm32f4xx_hal_rtc.o
                0x0000000008003068                HAL_RTC_Init
 .text.RTC_Bcd2ToByte
                0x0000000008003104       0x12 ./Drivers/STM32F4xx_HAL_Driver/Src/stm32f4xx_hal_rtc.o
                0x0000000008003104                RTC_Bcd2ToByte
 .text.HAL_RTC_GetTime
                0x0000000008003116       0x4a ./Drivers/STM32F4xx_HAL_Driver/Src/stm32f4xx_hal_rtc.o
                0x0000000008003116                HAL_RTC_GetTime
 .text.HAL_RTC_GetDate
                0x0000000008003160       0x3a ./Drivers/STM32F4xx_HAL_Driver/Src/stm32f4xx_hal_rtc.o
                0x0000000008003160                HAL_RTC_GetDate
 .text.SD_DMATransmitCplt
                0x000000000800319a        0xe ./Drivers/STM32F4xx_HAL_Driver/Src/stm32f4xx_hal_sd.o
 .text.SD_FindSCR
                0x00000000080031a8       0xcc ./Drivers/STM32F4xx_HAL_Driver/Src/stm32f4xx_hal_sd.o
 .text.HAL_SD_ReadBlocks_DMA
                0x0000000008003274      0x12c ./Drivers/STM32F4xx_HAL_Driver/Src/stm32f4xx_hal_sd.o
                0x0000000008003274                HAL_SD_ReadBlocks_DMA
 .text.HAL_SD_WriteBlocks_DMA
                0x00000000080033a0      0x120 ./Drivers/STM32F4xx_HAL_Driver/Src/stm32f4xx_hal_sd.o
                0x00000000080033a0                HAL_SD_WriteBlocks_DMA
 .text.HAL_SD_ErrorCallback
                0x00000000080034c0        0x2 ./Drivers/STM32F4xx_HAL_Driver/Src/stm32f4xx_hal_sd.o
                0x00000000080034c0                HAL_SD_ErrorCallback
 .text.SD_DMAReceiveCplt
                0x00000000080034c2       0x40 ./Drivers/STM32F4xx_HAL_Driver/Src/stm32f4xx_hal_sd.o
 *fill*         0x0000000008003502        0x2 
 .text.HAL_SD_GetCardCSD
                0x0000000008003504      0x16c ./Drivers/STM32F4xx_HAL_Driver/Src/stm32f4xx_hal_sd.o
                0x0000000008003504                HAL_SD_GetCardCSD
 .text.HAL_SD_InitCard
                0x0000000008003670      0x1fc ./Drivers/STM32F4xx_HAL_Driver/Src/stm32f4xx_hal_sd.o
                0x0000000008003670                HAL_SD_InitCard
 .text.HAL_SD_Init
                0x000000000800386c       0x36 ./Drivers/STM32F4xx_HAL_Driver/Src/stm32f4xx_hal_sd.o
                0x000000000800386c                HAL_SD_Init
 .text.HAL_SD_GetCardInfo
                0x00000000080038a2       0x24 ./Drivers/STM32F4xx_HAL_Driver/Src/stm32f4xx_hal_sd.o
                0x00000000080038a2                HAL_SD_GetCardInfo
 *fill*         0x00000000080038c6        0x2 
 .text.HAL_SD_ConfigWideBusOperation
                0x00000000080038c8      0x124 ./Drivers/STM32F4xx_HAL_Driver/Src/stm32f4xx_hal_sd.o
                0x00000000080038c8                HAL_SD_ConfigWideBusOperation
 .text.HAL_SD_GetCardState
                0x00000000080039ec       0x28 ./Drivers/STM32F4xx_HAL_Driver/Src/stm32f4xx_hal_sd.o
                0x00000000080039ec                HAL_SD_GetCardState
 .text.SD_DMAError
                0x0000000008003a14       0x60 ./Drivers/STM32F4xx_HAL_Driver/Src/stm32f4xx_hal_sd.o
 .text.SD_DMATxAbort
                0x0000000008003a74       0x42 ./Drivers/STM32F4xx_HAL_Driver/Src/stm32f4xx_hal_sd.o
 *fill*         0x0000000008003ab6        0x2 
 .text.HAL_SD_IRQHandler
                0x0000000008003ab8      0x214 ./Drivers/STM32F4xx_HAL_Driver/Src/stm32f4xx_hal_sd.o
                0x0000000008003ab8                HAL_SD_IRQHandler
 .text.SD_DMARxAbort
                0x0000000008003ccc        0x4 ./Drivers/STM32F4xx_HAL_Driver/Src/stm32f4xx_hal_sd.o
 .text.UART_SetConfig
                0x0000000008003cd0       0xbc ./Drivers/STM32F4xx_HAL_Driver/Src/stm32f4xx_hal_uart.o
 .text.UART_WaitOnFlagUntilTimeout.constprop.0
                0x0000000008003d8c       0x6c ./Drivers/STM32F4xx_HAL_Driver/Src/stm32f4xx_hal_uart.o
 .text.HAL_UART_Init
                0x0000000008003df8       0x5c ./Drivers/STM32F4xx_HAL_Driver/Src/stm32f4xx_hal_uart.o
                0x0000000008003df8                HAL_UART_Init
 .text.HAL_UART_Transmit
                0x0000000008003e54       0xaa ./Drivers/STM32F4xx_HAL_Driver/Src/stm32f4xx_hal_uart.o
                0x0000000008003e54                HAL_UART_Transmit
 *fill*         0x0000000008003efe        0x2 
 .text.SDMMC_GetCmdResp2
                0x0000000008003f00       0x4c ./Drivers/STM32F4xx_HAL_Driver/Src/stm32f4xx_ll_sdmmc.o
 .text.SDMMC_GetCmdResp3
                0x0000000008003f4c       0x40 ./Drivers/STM32F4xx_HAL_Driver/Src/stm32f4xx_ll_sdmmc.o
 .text.SDMMC_GetCmdResp1
                0x0000000008003f8c      0x120 ./Drivers/STM32F4xx_HAL_Driver/Src/stm32f4xx_ll_sdmmc.o
 .text.SDIO_Init
                0x00000000080040ac       0x38 ./Drivers/STM32F4xx_HAL_Driver/Src/stm32f4xx_ll_sdmmc.o
                0x00000000080040ac                SDIO_Init
 .text.SDIO_ReadFIFO
                0x00000000080040e4        0x6 ./Drivers/STM32F4xx_HAL_Driver/Src/stm32f4xx_ll_sdmmc.o
                0x00000000080040e4                SDIO_ReadFIFO
 .text.SDIO_WriteFIFO
                0x00000000080040ea        0xa ./Drivers/STM32F4xx_HAL_Driver/Src/stm32f4xx_ll_sdmmc.o
                0x00000000080040ea                SDIO_WriteFIFO
 .text.SDIO_PowerState_ON
                0x00000000080040f4       0x10 ./Drivers/STM32F4xx_HAL_Driver/Src/stm32f4xx_ll_sdmmc.o
                0x00000000080040f4                SDIO_PowerState_ON
 .text.SDIO_GetPowerState
                0x0000000008004104        0x8 ./Drivers/STM32F4xx_HAL_Driver/Src/stm32f4xx_ll_sdmmc.o
                0x0000000008004104                SDIO_GetPowerState
 .text.SDIO_SendCommand
                0x000000000800410c       0x26 ./Drivers/STM32F4xx_HAL_Driver/Src/stm32f4xx_ll_sdmmc.o
                0x000000000800410c                SDIO_SendCommand
 .text.SDIO_GetResponse
                0x0000000008004132        0x6 ./Drivers/STM32F4xx_HAL_Driver/Src/stm32f4xx_ll_sdmmc.o
                0x0000000008004132                SDIO_GetResponse
 .text.SDIO_ConfigData
                0x0000000008004138       0x26 ./Drivers/STM32F4xx_HAL_Driver/Src/stm32f4xx_ll_sdmmc.o
                0x0000000008004138                SDIO_ConfigData
 .text.SDMMC_CmdBlockLength
                0x000000000800415e       0x30 ./Drivers/STM32F4xx_HAL_Driver/Src/stm32f4xx_ll_sdmmc.o
                0x000000000800415e                SDMMC_CmdBlockLength
 .text.SDMMC_CmdReadSingleBlock
                0x000000000800418e       0x30 ./Drivers/STM32F4xx_HAL_Driver/Src/stm32f4xx_ll_sdmmc.o
                0x000000000800418e                SDMMC_CmdReadSingleBlock
 .text.SDMMC_CmdReadMultiBlock
                0x00000000080041be       0x30 ./Drivers/STM32F4xx_HAL_Driver/Src/stm32f4xx_ll_sdmmc.o
                0x00000000080041be                SDMMC_CmdReadMultiBlock
 .text.SDMMC_CmdWriteSingleBlock
                0x00000000080041ee       0x30 ./Drivers/STM32F4xx_HAL_Driver/Src/stm32f4xx_ll_sdmmc.o
                0x00000000080041ee                SDMMC_CmdWriteSingleBlock
 .text.SDMMC_CmdWriteMultiBlock
                0x000000000800421e       0x30 ./Drivers/STM32F4xx_HAL_Driver/Src/stm32f4xx_ll_sdmmc.o
                0x000000000800421e                SDMMC_CmdWriteMultiBlock
 *fill*         0x000000000800424e        0x2 
 .text.SDMMC_CmdStopTransfer
                0x0000000008004250       0x34 ./Drivers/STM32F4xx_HAL_Driver/Src/stm32f4xx_ll_sdmmc.o
                0x0000000008004250                SDMMC_CmdStopTransfer
 .text.SDMMC_CmdSelDesel
                0x0000000008004284       0x30 ./Drivers/STM32F4xx_HAL_Driver/Src/stm32f4xx_ll_sdmmc.o
                0x0000000008004284                SDMMC_CmdSelDesel
 .text.SDMMC_CmdGoIdleState
                0x00000000080042b4       0x4c ./Drivers/STM32F4xx_HAL_Driver/Src/stm32f4xx_ll_sdmmc.o
                0x00000000080042b4                SDMMC_CmdGoIdleState
 .text.SDMMC_CmdOperCond
                0x0000000008004300       0x78 ./Drivers/STM32F4xx_HAL_Driver/Src/stm32f4xx_ll_sdmmc.o
                0x0000000008004300                SDMMC_CmdOperCond
 .text.SDMMC_CmdAppCommand
                0x0000000008004378       0x30 ./Drivers/STM32F4xx_HAL_Driver/Src/stm32f4xx_ll_sdmmc.o
                0x0000000008004378                SDMMC_CmdAppCommand
 .text.SDMMC_CmdAppOperCommand
                0x00000000080043a8       0x32 ./Drivers/STM32F4xx_HAL_Driver/Src/stm32f4xx_ll_sdmmc.o
                0x00000000080043a8                SDMMC_CmdAppOperCommand
 .text.SDMMC_CmdBusWidth
                0x00000000080043da       0x30 ./Drivers/STM32F4xx_HAL_Driver/Src/stm32f4xx_ll_sdmmc.o
                0x00000000080043da                SDMMC_CmdBusWidth
 .text.SDMMC_CmdSendSCR
                0x000000000800440a       0x30 ./Drivers/STM32F4xx_HAL_Driver/Src/stm32f4xx_ll_sdmmc.o
                0x000000000800440a                SDMMC_CmdSendSCR
 .text.SDMMC_CmdSendCID
                0x000000000800443a       0x2a ./Drivers/STM32F4xx_HAL_Driver/Src/stm32f4xx_ll_sdmmc.o
                0x000000000800443a                SDMMC_CmdSendCID
 .text.SDMMC_CmdSendCSD
                0x0000000008004464       0x2a ./Drivers/STM32F4xx_HAL_Driver/Src/stm32f4xx_ll_sdmmc.o
                0x0000000008004464                SDMMC_CmdSendCSD
 *fill*         0x000000000800448e        0x2 
 .text.SDMMC_CmdSetRelAdd
                0x0000000008004490       0xa4 ./Drivers/STM32F4xx_HAL_Driver/Src/stm32f4xx_ll_sdmmc.o
                0x0000000008004490                SDMMC_CmdSetRelAdd
 .text.SDMMC_CmdSendStatus
                0x0000000008004534       0x30 ./Drivers/STM32F4xx_HAL_Driver/Src/stm32f4xx_ll_sdmmc.o
                0x0000000008004534                SDMMC_CmdSendStatus
 .text.MX_FATFS_Init
                0x0000000008004564       0x1c ./FATFS/App/fatfs.o
                0x0000000008004564                MX_FATFS_Init
 .text.get_fattime
                0x0000000008004580        0x4 ./FATFS/App/fatfs.o
                0x0000000008004580                get_fattime
 .text.BSP_SD_ReadBlocks_DMA
                0x0000000008004584       0x1c ./FATFS/Target/bsp_driver_sd.o
                0x0000000008004584                BSP_SD_ReadBlocks_DMA
 .text.BSP_SD_WriteBlocks_DMA
                0x00000000080045a0       0x1c ./FATFS/Target/bsp_driver_sd.o
                0x00000000080045a0                BSP_SD_WriteBlocks_DMA
 .text.BSP_SD_GetCardState
                0x00000000080045bc       0x14 ./FATFS/Target/bsp_driver_sd.o
                0x00000000080045bc                BSP_SD_GetCardState
 .text.BSP_SD_GetCardInfo
                0x00000000080045d0        0xc ./FATFS/Target/bsp_driver_sd.o
                0x00000000080045d0                BSP_SD_GetCardInfo
 .text.BSP_SD_AbortCallback
                0x00000000080045dc        0x2 ./FATFS/Target/bsp_driver_sd.o
                0x00000000080045dc                BSP_SD_AbortCallback
 .text.HAL_SD_AbortCallback
                0x00000000080045de        0x8 ./FATFS/Target/bsp_driver_sd.o
                0x00000000080045de                HAL_SD_AbortCallback
 .text.HAL_SD_TxCpltCallback
                0x00000000080045e6        0x8 ./FATFS/Target/bsp_driver_sd.o
                0x00000000080045e6                HAL_SD_TxCpltCallback
 .text.HAL_SD_RxCpltCallback
                0x00000000080045ee        0x8 ./FATFS/Target/bsp_driver_sd.o
                0x00000000080045ee                HAL_SD_RxCpltCallback
 .text.BSP_SD_IsDetected
                0x00000000080045f6       0x10 ./FATFS/Target/bsp_driver_sd.o
                0x00000000080045f6                BSP_SD_IsDetected
 *fill*         0x0000000008004606        0x2 
 .text.BSP_SD_Init
                0x0000000008004608       0x2c ./FATFS/Target/bsp_driver_sd.o
                0x0000000008004608                BSP_SD_Init
 .text.SD_CheckStatus.isra.0
                0x0000000008004634       0x20 ./FATFS/Target/sd_diskio.o
 .text.SD_initialize
                0x0000000008004654       0x18 ./FATFS/Target/sd_diskio.o
                0x0000000008004654                SD_initialize
 .text.SD_status
                0x000000000800466c        0x4 ./FATFS/Target/sd_diskio.o
                0x000000000800466c                SD_status
 .text.SD_ioctl
                0x0000000008004670       0x54 ./FATFS/Target/sd_diskio.o
                0x0000000008004670                SD_ioctl
 .text.SD_CheckStatusWithTimeout.constprop.0
                0x00000000080046c4       0x26 ./FATFS/Target/sd_diskio.o
 *fill*         0x00000000080046ea        0x2 
 .text.SD_write
                0x00000000080046ec       0x70 ./FATFS/Target/sd_diskio.o
                0x00000000080046ec                SD_write
 .text.SD_read  0x000000000800475c       0x6c ./FATFS/Target/sd_diskio.o
                0x000000000800475c                SD_read
 .text.BSP_SD_WriteCpltCallback
                0x00000000080047c8        0xc ./FATFS/Target/sd_diskio.o
                0x00000000080047c8                BSP_SD_WriteCpltCallback
 .text.BSP_SD_ReadCpltCallback
                0x00000000080047d4        0xc ./FATFS/Target/sd_diskio.o
                0x00000000080047d4                BSP_SD_ReadCpltCallback
 .text.disk_status
                0x00000000080047e0       0x14 ./Middlewares/Third_Party/FatFs/src/diskio.o
                0x00000000080047e0                disk_status
 .text.disk_initialize
                0x00000000080047f4       0x20 ./Middlewares/Third_Party/FatFs/src/diskio.o
                0x00000000080047f4                disk_initialize
 .text.disk_read
                0x0000000008004814       0x1c ./Middlewares/Third_Party/FatFs/src/diskio.o
                0x0000000008004814                disk_read
 .text.disk_write
                0x0000000008004830       0x1c ./Middlewares/Third_Party/FatFs/src/diskio.o
                0x0000000008004830                disk_write
 .text.disk_ioctl
                0x000000000800484c       0x1c ./Middlewares/Third_Party/FatFs/src/diskio.o
                0x000000000800484c                disk_ioctl
 .text.ld_dword
                0x0000000008004868       0x10 ./Middlewares/Third_Party/FatFs/src/ff.o
 .text.st_dword
                0x0000000008004878       0x10 ./Middlewares/Third_Party/FatFs/src/ff.o
 .text.mem_set  0x0000000008004888        0xc ./Middlewares/Third_Party/FatFs/src/ff.o
 .text.chk_lock
                0x0000000008004894       0x74 ./Middlewares/Third_Party/FatFs/src/ff.o
 .text.inc_lock
                0x0000000008004908       0x84 ./Middlewares/Third_Party/FatFs/src/ff.o
 .text.dec_lock
                0x000000000800498c       0x3c ./Middlewares/Third_Party/FatFs/src/ff.o
 .text.clust2sect
                0x00000000080049c8       0x16 ./Middlewares/Third_Party/FatFs/src/ff.o
 .text.clmt_clust
                0x00000000080049de       0x22 ./Middlewares/Third_Party/FatFs/src/ff.o
 .text.sum_sfn  0x0000000008004a00       0x1e ./Middlewares/Third_Party/FatFs/src/ff.o
 .text.get_ldnumber
                0x0000000008004a1e       0x30 ./Middlewares/Third_Party/FatFs/src/ff.o
 .text.validate
                0x0000000008004a4e       0x34 ./Middlewares/Third_Party/FatFs/src/ff.o
 .text.mem_cpy.part.0
                0x0000000008004a82       0x12 ./Middlewares/Third_Party/FatFs/src/ff.o
 .text.ld_clust.isra.0
                0x0000000008004a94       0x1c ./Middlewares/Third_Party/FatFs/src/ff.o
 .text.st_clust.isra.0
                0x0000000008004ab0       0x18 ./Middlewares/Third_Party/FatFs/src/ff.o
 .text.sync_window.part.0
                0x0000000008004ac8       0x4c ./Middlewares/Third_Party/FatFs/src/ff.o
 .text.sync_window
                0x0000000008004b14        0xc ./Middlewares/Third_Party/FatFs/src/ff.o
 .text.move_window
                0x0000000008004b20       0x32 ./Middlewares/Third_Party/FatFs/src/ff.o
 *fill*         0x0000000008004b52        0x2 
 .text.check_fs
                0x0000000008004b54       0x7c ./Middlewares/Third_Party/FatFs/src/ff.o
 .text.find_volume
                0x0000000008004bd0      0x2d4 ./Middlewares/Third_Party/FatFs/src/ff.o
 .text.put_fat  0x0000000008004ea4       0xfa ./Middlewares/Third_Party/FatFs/src/ff.o
 .text.get_fat.isra.0
                0x0000000008004f9e       0xb4 ./Middlewares/Third_Party/FatFs/src/ff.o
 .text.dir_sdi  0x0000000008005052       0x82 ./Middlewares/Third_Party/FatFs/src/ff.o
 .text.create_chain
                0x00000000080050d4       0xb0 ./Middlewares/Third_Party/FatFs/src/ff.o
 .text.remove_chain
                0x0000000008005184       0x70 ./Middlewares/Third_Party/FatFs/src/ff.o
 .text.sync_fs  0x00000000080051f4       0x96 ./Middlewares/Third_Party/FatFs/src/ff.o
 .text.dir_next
                0x000000000800528a       0xea ./Middlewares/Third_Party/FatFs/src/ff.o
 .text.dir_remove
                0x0000000008005374       0x4e ./Middlewares/Third_Party/FatFs/src/ff.o
 *fill*         0x00000000080053c2        0x2 
 .text.dir_find
                0x00000000080053c4      0x164 ./Middlewares/Third_Party/FatFs/src/ff.o
 .text.dir_register
                0x0000000008005528      0x288 ./Middlewares/Third_Party/FatFs/src/ff.o
 .text.dir_read.constprop.0
                0x00000000080057b0      0x10c ./Middlewares/Third_Party/FatFs/src/ff.o
 .text.follow_path
                0x00000000080058bc      0x29c ./Middlewares/Third_Party/FatFs/src/ff.o
 .text.f_mount  0x0000000008005b58       0x68 ./Middlewares/Third_Party/FatFs/src/ff.o
                0x0000000008005b58                f_mount
 .text.f_open   0x0000000008005bc0      0x208 ./Middlewares/Third_Party/FatFs/src/ff.o
                0x0000000008005bc0                f_open
 .text.f_write  0x0000000008005dc8      0x18e ./Middlewares/Third_Party/FatFs/src/ff.o
                0x0000000008005dc8                f_write
 .text.f_sync   0x0000000008005f56       0x92 ./Middlewares/Third_Party/FatFs/src/ff.o
                0x0000000008005f56                f_sync
 .text.f_close  0x0000000008005fe8       0x22 ./Middlewares/Third_Party/FatFs/src/ff.o
                0x0000000008005fe8                f_close
 .text.f_lseek  0x000000000800600a      0x21a ./Middlewares/Third_Party/FatFs/src/ff.o
                0x000000000800600a                f_lseek
 .text.f_unlink
                0x0000000008006224       0xb2 ./Middlewares/Third_Party/FatFs/src/ff.o
                0x0000000008006224                f_unlink
 .text.f_mkdir  0x00000000080062d6      0x166 ./Middlewares/Third_Party/FatFs/src/ff.o
                0x00000000080062d6                f_mkdir
 .text.f_utime  0x000000000800643c       0x56 ./Middlewares/Third_Party/FatFs/src/ff.o
                0x000000000800643c                f_utime
 *fill*         0x0000000008006492        0x2 
 .text.FATFS_LinkDriverEx
                0x0000000008006494       0x40 ./Middlewares/Third_Party/FatFs/src/ff_gen_drv.o
                0x0000000008006494                FATFS_LinkDriverEx
 .text.FATFS_LinkDriver
                0x00000000080064d4        0x6 ./Middlewares/Third_Party/FatFs/src/ff_gen_drv.o
                0x00000000080064d4                FATFS_LinkDriver
 *fill*         0x00000000080064da        0x2 
 .text.ff_convert
                0x00000000080064dc       0x4c ./Middlewares/Third_Party/FatFs/src/option/cc936.o
                0x00000000080064dc                ff_convert
 .text.ff_wtoupper
                0x0000000008006528       0x84 ./Middlewares/Third_Party/FatFs/src/option/cc936.o
                0x0000000008006528                ff_wtoupper
 .text.__errno  0x00000000080065ac        0xc d:/st/stm32cubeide_1.7.0/stm32cubeide/plugins/com.st.stm32cube.ide.mcu.externaltools.gnu-tools-for-stm32.9-2020-q2-update.win32_2.0.0.202105311346/tools/bin/../lib/gcc/arm-none-eabi/9.3.1/../../../../arm-none-eabi/lib/thumb/v7e-m+fp/hard\libc_nano.a(lib_a-errno.o)
                0x00000000080065ac                __errno
 .text.__libc_init_array
                0x00000000080065b8       0x48 d:/st/stm32cubeide_1.7.0/stm32cubeide/plugins/com.st.stm32cube.ide.mcu.externaltools.gnu-tools-for-stm32.9-2020-q2-update.win32_2.0.0.202105311346/tools/bin/../lib/gcc/arm-none-eabi/9.3.1/../../../../arm-none-eabi/lib/thumb/v7e-m+fp/hard\libc_nano.a(lib_a-init.o)
                0x00000000080065b8                __libc_init_array
 .text.malloc   0x0000000008006600       0x10 d:/st/stm32cubeide_1.7.0/stm32cubeide/plugins/com.st.stm32cube.ide.mcu.externaltools.gnu-tools-for-stm32.9-2020-q2-update.win32_2.0.0.202105311346/tools/bin/../lib/gcc/arm-none-eabi/9.3.1/../../../../arm-none-eabi/lib/thumb/v7e-m+fp/hard\libc_nano.a(lib_a-malloc.o)
                0x0000000008006600                malloc
 .text.free     0x0000000008006610       0x10 d:/st/stm32cubeide_1.7.0/stm32cubeide/plugins/com.st.stm32cube.ide.mcu.externaltools.gnu-tools-for-stm32.9-2020-q2-update.win32_2.0.0.202105311346/tools/bin/../lib/gcc/arm-none-eabi/9.3.1/../../../../arm-none-eabi/lib/thumb/v7e-m+fp/hard\libc_nano.a(lib_a-malloc.o)
                0x0000000008006610                free
 .text.memcpy   0x0000000008006620       0x1c d:/st/stm32cubeide_1.7.0/stm32cubeide/plugins/com.st.stm32cube.ide.mcu.externaltools.gnu-tools-for-stm32.9-2020-q2-update.win32_2.0.0.202105311346/tools/bin/../lib/gcc/arm-none-eabi/9.3.1/../../../../arm-none-eabi/lib/thumb/v7e-m+fp/hard\libc_nano.a(lib_a-memcpy-stub.o)
                0x0000000008006620                memcpy
 .text.memset   0x000000000800663c       0x10 d:/st/stm32cubeide_1.7.0/stm32cubeide/plugins/com.st.stm32cube.ide.mcu.externaltools.gnu-tools-for-stm32.9-2020-q2-update.win32_2.0.0.202105311346/tools/bin/../lib/gcc/arm-none-eabi/9.3.1/../../../../arm-none-eabi/lib/thumb/v7e-m+fp/hard\libc_nano.a(lib_a-memset.o)
                0x000000000800663c                memset
 .text._free_r  0x000000000800664c       0xa0 d:/st/stm32cubeide_1.7.0/stm32cubeide/plugins/com.st.stm32cube.ide.mcu.externaltools.gnu-tools-for-stm32.9-2020-q2-update.win32_2.0.0.202105311346/tools/bin/../lib/gcc/arm-none-eabi/9.3.1/../../../../arm-none-eabi/lib/thumb/v7e-m+fp/hard\libc_nano.a(lib_a-nano-freer.o)
                0x000000000800664c                _free_r
 .text._malloc_r
                0x00000000080066ec       0xb4 d:/st/stm32cubeide_1.7.0/stm32cubeide/plugins/com.st.stm32cube.ide.mcu.externaltools.gnu-tools-for-stm32.9-2020-q2-update.win32_2.0.0.202105311346/tools/bin/../lib/gcc/arm-none-eabi/9.3.1/../../../../arm-none-eabi/lib/thumb/v7e-m+fp/hard\libc_nano.a(lib_a-nano-mallocr.o)
                0x00000000080066ec                _malloc_r
 .text.printf   0x00000000080067a0       0x30 d:/st/stm32cubeide_1.7.0/stm32cubeide/plugins/com.st.stm32cube.ide.mcu.externaltools.gnu-tools-for-stm32.9-2020-q2-update.win32_2.0.0.202105311346/tools/bin/../lib/gcc/arm-none-eabi/9.3.1/../../../../arm-none-eabi/lib/thumb/v7e-m+fp/hard\libc_nano.a(lib_a-printf.o)
                0x00000000080067a0                iprintf
                0x00000000080067a0                printf
 .text._sbrk_r  0x00000000080067d0       0x20 d:/st/stm32cubeide_1.7.0/stm32cubeide/plugins/com.st.stm32cube.ide.mcu.externaltools.gnu-tools-for-stm32.9-2020-q2-update.win32_2.0.0.202105311346/tools/bin/../lib/gcc/arm-none-eabi/9.3.1/../../../../arm-none-eabi/lib/thumb/v7e-m+fp/hard\libc_nano.a(lib_a-sbrkr.o)
                0x00000000080067d0                _sbrk_r
 .text.sprintf  0x00000000080067f0       0x40 d:/st/stm32cubeide_1.7.0/stm32cubeide/plugins/com.st.stm32cube.ide.mcu.externaltools.gnu-tools-for-stm32.9-2020-q2-update.win32_2.0.0.202105311346/tools/bin/../lib/gcc/arm-none-eabi/9.3.1/../../../../arm-none-eabi/lib/thumb/v7e-m+fp/hard\libc_nano.a(lib_a-sprintf.o)
                0x00000000080067f0                siprintf
                0x00000000080067f0                sprintf
 .text.std      0x0000000008006830       0x48 d:/st/stm32cubeide_1.7.0/stm32cubeide/plugins/com.st.stm32cube.ide.mcu.externaltools.gnu-tools-for-stm32.9-2020-q2-update.win32_2.0.0.202105311346/tools/bin/../lib/gcc/arm-none-eabi/9.3.1/../../../../arm-none-eabi/lib/thumb/v7e-m+fp/hard\libc_nano.a(lib_a-findfp.o)
 .text._cleanup_r
                0x0000000008006878        0xc d:/st/stm32cubeide_1.7.0/stm32cubeide/plugins/com.st.stm32cube.ide.mcu.externaltools.gnu-tools-for-stm32.9-2020-q2-update.win32_2.0.0.202105311346/tools/bin/../lib/gcc/arm-none-eabi/9.3.1/../../../../arm-none-eabi/lib/thumb/v7e-m+fp/hard\libc_nano.a(lib_a-findfp.o)
                0x0000000008006878                _cleanup_r
 .text.__sfmoreglue
                0x0000000008006884       0x2c d:/st/stm32cubeide_1.7.0/stm32cubeide/plugins/com.st.stm32cube.ide.mcu.externaltools.gnu-tools-for-stm32.9-2020-q2-update.win32_2.0.0.202105311346/tools/bin/../lib/gcc/arm-none-eabi/9.3.1/../../../../arm-none-eabi/lib/thumb/v7e-m+fp/hard\libc_nano.a(lib_a-findfp.o)
                0x0000000008006884                __sfmoreglue
 .text.__sfp_lock_acquire
                0x00000000080068b0        0xc d:/st/stm32cubeide_1.7.0/stm32cubeide/plugins/com.st.stm32cube.ide.mcu.externaltools.gnu-tools-for-stm32.9-2020-q2-update.win32_2.0.0.202105311346/tools/bin/../lib/gcc/arm-none-eabi/9.3.1/../../../../arm-none-eabi/lib/thumb/v7e-m+fp/hard\libc_nano.a(lib_a-findfp.o)
                0x00000000080068b0                __sfp_lock_acquire
 .text.__sfp_lock_release
                0x00000000080068bc        0xc d:/st/stm32cubeide_1.7.0/stm32cubeide/plugins/com.st.stm32cube.ide.mcu.externaltools.gnu-tools-for-stm32.9-2020-q2-update.win32_2.0.0.202105311346/tools/bin/../lib/gcc/arm-none-eabi/9.3.1/../../../../arm-none-eabi/lib/thumb/v7e-m+fp/hard\libc_nano.a(lib_a-findfp.o)
                0x00000000080068bc                __sfp_lock_release
 .text.__sinit_lock_acquire
                0x00000000080068c8        0xc d:/st/stm32cubeide_1.7.0/stm32cubeide/plugins/com.st.stm32cube.ide.mcu.externaltools.gnu-tools-for-stm32.9-2020-q2-update.win32_2.0.0.202105311346/tools/bin/../lib/gcc/arm-none-eabi/9.3.1/../../../../arm-none-eabi/lib/thumb/v7e-m+fp/hard\libc_nano.a(lib_a-findfp.o)
                0x00000000080068c8                __sinit_lock_acquire
 .text.__sinit_lock_release
                0x00000000080068d4        0xc d:/st/stm32cubeide_1.7.0/stm32cubeide/plugins/com.st.stm32cube.ide.mcu.externaltools.gnu-tools-for-stm32.9-2020-q2-update.win32_2.0.0.202105311346/tools/bin/../lib/gcc/arm-none-eabi/9.3.1/../../../../arm-none-eabi/lib/thumb/v7e-m+fp/hard\libc_nano.a(lib_a-findfp.o)
                0x00000000080068d4                __sinit_lock_release
 .text.__sinit  0x00000000080068e0       0x70 d:/st/stm32cubeide_1.7.0/stm32cubeide/plugins/com.st.stm32cube.ide.mcu.externaltools.gnu-tools-for-stm32.9-2020-q2-update.win32_2.0.0.202105311346/tools/bin/../lib/gcc/arm-none-eabi/9.3.1/../../../../arm-none-eabi/lib/thumb/v7e-m+fp/hard\libc_nano.a(lib_a-findfp.o)
                0x00000000080068e0                __sinit
 .text.__sfp    0x0000000008006950       0x8c d:/st/stm32cubeide_1.7.0/stm32cubeide/plugins/com.st.stm32cube.ide.mcu.externaltools.gnu-tools-for-stm32.9-2020-q2-update.win32_2.0.0.202105311346/tools/bin/../lib/gcc/arm-none-eabi/9.3.1/../../../../arm-none-eabi/lib/thumb/v7e-m+fp/hard\libc_nano.a(lib_a-findfp.o)
                0x0000000008006950                __sfp
 .text._fwalk_reent
                0x00000000080069dc       0x3e d:/st/stm32cubeide_1.7.0/stm32cubeide/plugins/com.st.stm32cube.ide.mcu.externaltools.gnu-tools-for-stm32.9-2020-q2-update.win32_2.0.0.202105311346/tools/bin/../lib/gcc/arm-none-eabi/9.3.1/../../../../arm-none-eabi/lib/thumb/v7e-m+fp/hard\libc_nano.a(lib_a-fwalk.o)
                0x00000000080069dc                _fwalk_reent
 .text.__retarget_lock_init_recursive
                0x0000000008006a1a        0x2 d:/st/stm32cubeide_1.7.0/stm32cubeide/plugins/com.st.stm32cube.ide.mcu.externaltools.gnu-tools-for-stm32.9-2020-q2-update.win32_2.0.0.202105311346/tools/bin/../lib/gcc/arm-none-eabi/9.3.1/../../../../arm-none-eabi/lib/thumb/v7e-m+fp/hard\libc_nano.a(lib_a-lock.o)
                0x0000000008006a1a                __retarget_lock_init_recursive
 .text.__retarget_lock_acquire_recursive
                0x0000000008006a1c        0x2 d:/st/stm32cubeide_1.7.0/stm32cubeide/plugins/com.st.stm32cube.ide.mcu.externaltools.gnu-tools-for-stm32.9-2020-q2-update.win32_2.0.0.202105311346/tools/bin/../lib/gcc/arm-none-eabi/9.3.1/../../../../arm-none-eabi/lib/thumb/v7e-m+fp/hard\libc_nano.a(lib_a-lock.o)
                0x0000000008006a1c                __retarget_lock_acquire_recursive
 .text.__retarget_lock_release_recursive
                0x0000000008006a1e        0x2 d:/st/stm32cubeide_1.7.0/stm32cubeide/plugins/com.st.stm32cube.ide.mcu.externaltools.gnu-tools-for-stm32.9-2020-q2-update.win32_2.0.0.202105311346/tools/bin/../lib/gcc/arm-none-eabi/9.3.1/../../../../arm-none-eabi/lib/thumb/v7e-m+fp/hard\libc_nano.a(lib_a-lock.o)
                0x0000000008006a1e                __retarget_lock_release_recursive
 .text.__malloc_lock
                0x0000000008006a20        0xc d:/st/stm32cubeide_1.7.0/stm32cubeide/plugins/com.st.stm32cube.ide.mcu.externaltools.gnu-tools-for-stm32.9-2020-q2-update.win32_2.0.0.202105311346/tools/bin/../lib/gcc/arm-none-eabi/9.3.1/../../../../arm-none-eabi/lib/thumb/v7e-m+fp/hard\libc_nano.a(lib_a-mlock.o)
                0x0000000008006a20                __malloc_lock
 .text.__malloc_unlock
                0x0000000008006a2c        0xc d:/st/stm32cubeide_1.7.0/stm32cubeide/plugins/com.st.stm32cube.ide.mcu.externaltools.gnu-tools-for-stm32.9-2020-q2-update.win32_2.0.0.202105311346/tools/bin/../lib/gcc/arm-none-eabi/9.3.1/../../../../arm-none-eabi/lib/thumb/v7e-m+fp/hard\libc_nano.a(lib_a-mlock.o)
                0x0000000008006a2c                __malloc_unlock
 .text.__ssputs_r
                0x0000000008006a38       0xb6 d:/st/stm32cubeide_1.7.0/stm32cubeide/plugins/com.st.stm32cube.ide.mcu.externaltools.gnu-tools-for-stm32.9-2020-q2-update.win32_2.0.0.202105311346/tools/bin/../lib/gcc/arm-none-eabi/9.3.1/../../../../arm-none-eabi/lib/thumb/v7e-m+fp/hard\libc_nano.a(lib_a-nano-svfprintf.o)
                0x0000000008006a38                __ssputs_r
 *fill*         0x0000000008006aee        0x2 
 .text._svfprintf_r
                0x0000000008006af0      0x200 d:/st/stm32cubeide_1.7.0/stm32cubeide/plugins/com.st.stm32cube.ide.mcu.externaltools.gnu-tools-for-stm32.9-2020-q2-update.win32_2.0.0.202105311346/tools/bin/../lib/gcc/arm-none-eabi/9.3.1/../../../../arm-none-eabi/lib/thumb/v7e-m+fp/hard\libc_nano.a(lib_a-nano-svfprintf.o)
                0x0000000008006af0                _svfiprintf_r
                0x0000000008006af0                _svfprintf_r
 .text.__sfputc_r
                0x0000000008006cf0       0x2e d:/st/stm32cubeide_1.7.0/stm32cubeide/plugins/com.st.stm32cube.ide.mcu.externaltools.gnu-tools-for-stm32.9-2020-q2-update.win32_2.0.0.202105311346/tools/bin/../lib/gcc/arm-none-eabi/9.3.1/../../../../arm-none-eabi/lib/thumb/v7e-m+fp/hard\libc_nano.a(lib_a-nano-vfprintf.o)
 .text.__sfputs_r
                0x0000000008006d1e       0x24 d:/st/stm32cubeide_1.7.0/stm32cubeide/plugins/com.st.stm32cube.ide.mcu.externaltools.gnu-tools-for-stm32.9-2020-q2-update.win32_2.0.0.202105311346/tools/bin/../lib/gcc/arm-none-eabi/9.3.1/../../../../arm-none-eabi/lib/thumb/v7e-m+fp/hard\libc_nano.a(lib_a-nano-vfprintf.o)
                0x0000000008006d1e                __sfputs_r
 *fill*         0x0000000008006d42        0x2 
 .text._vfprintf_r
                0x0000000008006d44      0x260 d:/st/stm32cubeide_1.7.0/stm32cubeide/plugins/com.st.stm32cube.ide.mcu.externaltools.gnu-tools-for-stm32.9-2020-q2-update.win32_2.0.0.202105311346/tools/bin/../lib/gcc/arm-none-eabi/9.3.1/../../../../arm-none-eabi/lib/thumb/v7e-m+fp/hard\libc_nano.a(lib_a-nano-vfprintf.o)
                0x0000000008006d44                _vfprintf_r
                0x0000000008006d44                _vfiprintf_r
 .text._printf_common
                0x0000000008006fa4       0xda d:/st/stm32cubeide_1.7.0/stm32cubeide/plugins/com.st.stm32cube.ide.mcu.externaltools.gnu-tools-for-stm32.9-2020-q2-update.win32_2.0.0.202105311346/tools/bin/../lib/gcc/arm-none-eabi/9.3.1/../../../../arm-none-eabi/lib/thumb/v7e-m+fp/hard\libc_nano.a(lib_a-nano-vfprintf_i.o)
                0x0000000008006fa4                _printf_common
 *fill*         0x000000000800707e        0x2 
 .text._printf_i
                0x0000000008007080      0x24c d:/st/stm32cubeide_1.7.0/stm32cubeide/plugins/com.st.stm32cube.ide.mcu.externaltools.gnu-tools-for-stm32.9-2020-q2-update.win32_2.0.0.202105311346/tools/bin/../lib/gcc/arm-none-eabi/9.3.1/../../../../arm-none-eabi/lib/thumb/v7e-m+fp/hard\libc_nano.a(lib_a-nano-vfprintf_i.o)
                0x0000000008007080                _printf_i
 .text.__sread  0x00000000080072cc       0x22 d:/st/stm32cubeide_1.7.0/stm32cubeide/plugins/com.st.stm32cube.ide.mcu.externaltools.gnu-tools-for-stm32.9-2020-q2-update.win32_2.0.0.202105311346/tools/bin/../lib/gcc/arm-none-eabi/9.3.1/../../../../arm-none-eabi/lib/thumb/v7e-m+fp/hard\libc_nano.a(lib_a-stdio.o)
                0x00000000080072cc                __sread
 .text.__swrite
                0x00000000080072ee       0x38 d:/st/stm32cubeide_1.7.0/stm32cubeide/plugins/com.st.stm32cube.ide.mcu.externaltools.gnu-tools-for-stm32.9-2020-q2-update.win32_2.0.0.202105311346/tools/bin/../lib/gcc/arm-none-eabi/9.3.1/../../../../arm-none-eabi/lib/thumb/v7e-m+fp/hard\libc_nano.a(lib_a-stdio.o)
                0x00000000080072ee                __swrite
 .text.__sseek  0x0000000008007326       0x24 d:/st/stm32cubeide_1.7.0/stm32cubeide/plugins/com.st.stm32cube.ide.mcu.externaltools.gnu-tools-for-stm32.9-2020-q2-update.win32_2.0.0.202105311346/tools/bin/../lib/gcc/arm-none-eabi/9.3.1/../../../../arm-none-eabi/lib/thumb/v7e-m+fp/hard\libc_nano.a(lib_a-stdio.o)
                0x0000000008007326                __sseek
 .text.__sclose
                0x000000000800734a        0x8 d:/st/stm32cubeide_1.7.0/stm32cubeide/plugins/com.st.stm32cube.ide.mcu.externaltools.gnu-tools-for-stm32.9-2020-q2-update.win32_2.0.0.202105311346/tools/bin/../lib/gcc/arm-none-eabi/9.3.1/../../../../arm-none-eabi/lib/thumb/v7e-m+fp/hard\libc_nano.a(lib_a-stdio.o)
                0x000000000800734a                __sclose
 *fill*         0x0000000008007352        0x2 
 .text.__swbuf_r
                0x0000000008007354       0xa4 d:/st/stm32cubeide_1.7.0/stm32cubeide/plugins/com.st.stm32cube.ide.mcu.externaltools.gnu-tools-for-stm32.9-2020-q2-update.win32_2.0.0.202105311346/tools/bin/../lib/gcc/arm-none-eabi/9.3.1/../../../../arm-none-eabi/lib/thumb/v7e-m+fp/hard\libc_nano.a(lib_a-wbuf.o)
                0x0000000008007354                __swbuf_r
 .text._write_r
                0x00000000080073f8       0x24 d:/st/stm32cubeide_1.7.0/stm32cubeide/plugins/com.st.stm32cube.ide.mcu.externaltools.gnu-tools-for-stm32.9-2020-q2-update.win32_2.0.0.202105311346/tools/bin/../lib/gcc/arm-none-eabi/9.3.1/../../../../arm-none-eabi/lib/thumb/v7e-m+fp/hard\libc_nano.a(lib_a-writer.o)
                0x00000000080073f8                _write_r
 .text.__swsetup_r
                0x000000000800741c       0xdc d:/st/stm32cubeide_1.7.0/stm32cubeide/plugins/com.st.stm32cube.ide.mcu.externaltools.gnu-tools-for-stm32.9-2020-q2-update.win32_2.0.0.202105311346/tools/bin/../lib/gcc/arm-none-eabi/9.3.1/../../../../arm-none-eabi/lib/thumb/v7e-m+fp/hard\libc_nano.a(lib_a-wsetup.o)
                0x000000000800741c                __swsetup_r
 .text._close_r
                0x00000000080074f8       0x20 d:/st/stm32cubeide_1.7.0/stm32cubeide/plugins/com.st.stm32cube.ide.mcu.externaltools.gnu-tools-for-stm32.9-2020-q2-update.win32_2.0.0.202105311346/tools/bin/../lib/gcc/arm-none-eabi/9.3.1/../../../../arm-none-eabi/lib/thumb/v7e-m+fp/hard\libc_nano.a(lib_a-closer.o)
                0x00000000080074f8                _close_r
 .text.__sflush_r
                0x0000000008007518      0x10c d:/st/stm32cubeide_1.7.0/stm32cubeide/plugins/com.st.stm32cube.ide.mcu.externaltools.gnu-tools-for-stm32.9-2020-q2-update.win32_2.0.0.202105311346/tools/bin/../lib/gcc/arm-none-eabi/9.3.1/../../../../arm-none-eabi/lib/thumb/v7e-m+fp/hard\libc_nano.a(lib_a-fflush.o)
                0x0000000008007518                __sflush_r
 .text._fflush_r
                0x0000000008007624       0x78 d:/st/stm32cubeide_1.7.0/stm32cubeide/plugins/com.st.stm32cube.ide.mcu.externaltools.gnu-tools-for-stm32.9-2020-q2-update.win32_2.0.0.202105311346/tools/bin/../lib/gcc/arm-none-eabi/9.3.1/../../../../arm-none-eabi/lib/thumb/v7e-m+fp/hard\libc_nano.a(lib_a-fflush.o)
                0x0000000008007624                _fflush_r
 .text._lseek_r
                0x000000000800769c       0x24 d:/st/stm32cubeide_1.7.0/stm32cubeide/plugins/com.st.stm32cube.ide.mcu.externaltools.gnu-tools-for-stm32.9-2020-q2-update.win32_2.0.0.202105311346/tools/bin/../lib/gcc/arm-none-eabi/9.3.1/../../../../arm-none-eabi/lib/thumb/v7e-m+fp/hard\libc_nano.a(lib_a-lseekr.o)
                0x000000000800769c                _lseek_r
 .text.__swhatbuf_r
                0x00000000080076c0       0x48 d:/st/stm32cubeide_1.7.0/stm32cubeide/plugins/com.st.stm32cube.ide.mcu.externaltools.gnu-tools-for-stm32.9-2020-q2-update.win32_2.0.0.202105311346/tools/bin/../lib/gcc/arm-none-eabi/9.3.1/../../../../arm-none-eabi/lib/thumb/v7e-m+fp/hard\libc_nano.a(lib_a-makebuf.o)
                0x00000000080076c0                __swhatbuf_r
 .text.__smakebuf_r
                0x0000000008007708       0x80 d:/st/stm32cubeide_1.7.0/stm32cubeide/plugins/com.st.stm32cube.ide.mcu.externaltools.gnu-tools-for-stm32.9-2020-q2-update.win32_2.0.0.202105311346/tools/bin/../lib/gcc/arm-none-eabi/9.3.1/../../../../arm-none-eabi/lib/thumb/v7e-m+fp/hard\libc_nano.a(lib_a-makebuf.o)
                0x0000000008007708                __smakebuf_r
 .text.memmove  0x0000000008007788       0x34 d:/st/stm32cubeide_1.7.0/stm32cubeide/plugins/com.st.stm32cube.ide.mcu.externaltools.gnu-tools-for-stm32.9-2020-q2-update.win32_2.0.0.202105311346/tools/bin/../lib/gcc/arm-none-eabi/9.3.1/../../../../arm-none-eabi/lib/thumb/v7e-m+fp/hard\libc_nano.a(lib_a-memmove.o)
                0x0000000008007788                memmove
 .text._realloc_r
                0x00000000080077bc       0x4c d:/st/stm32cubeide_1.7.0/stm32cubeide/plugins/com.st.stm32cube.ide.mcu.externaltools.gnu-tools-for-stm32.9-2020-q2-update.win32_2.0.0.202105311346/tools/bin/../lib/gcc/arm-none-eabi/9.3.1/../../../../arm-none-eabi/lib/thumb/v7e-m+fp/hard\libc_nano.a(lib_a-nano-reallocr.o)
                0x00000000080077bc                _realloc_r
 .text._read_r  0x0000000008007808       0x24 d:/st/stm32cubeide_1.7.0/stm32cubeide/plugins/com.st.stm32cube.ide.mcu.externaltools.gnu-tools-for-stm32.9-2020-q2-update.win32_2.0.0.202105311346/tools/bin/../lib/gcc/arm-none-eabi/9.3.1/../../../../arm-none-eabi/lib/thumb/v7e-m+fp/hard\libc_nano.a(lib_a-readr.o)
                0x0000000008007808                _read_r
 .text._fstat_r
                0x000000000800782c       0x24 d:/st/stm32cubeide_1.7.0/stm32cubeide/plugins/com.st.stm32cube.ide.mcu.externaltools.gnu-tools-for-stm32.9-2020-q2-update.win32_2.0.0.202105311346/tools/bin/../lib/gcc/arm-none-eabi/9.3.1/../../../../arm-none-eabi/lib/thumb/v7e-m+fp/hard\libc_nano.a(lib_a-fstatr.o)
                0x000000000800782c                _fstat_r
 .text._isatty_r
                0x0000000008007850       0x20 d:/st/stm32cubeide_1.7.0/stm32cubeide/plugins/com.st.stm32cube.ide.mcu.externaltools.gnu-tools-for-stm32.9-2020-q2-update.win32_2.0.0.202105311346/tools/bin/../lib/gcc/arm-none-eabi/9.3.1/../../../../arm-none-eabi/lib/thumb/v7e-m+fp/hard\libc_nano.a(lib_a-isattyr.o)
                0x0000000008007850                _isatty_r
 .text._malloc_usable_size_r
                0x0000000008007870       0x10 d:/st/stm32cubeide_1.7.0/stm32cubeide/plugins/com.st.stm32cube.ide.mcu.externaltools.gnu-tools-for-stm32.9-2020-q2-update.win32_2.0.0.202105311346/tools/bin/../lib/gcc/arm-none-eabi/9.3.1/../../../../arm-none-eabi/lib/thumb/v7e-m+fp/hard\libc_nano.a(lib_a-nano-msizer.o)
                0x0000000008007870                _malloc_usable_size_r
 *(.glue_7)
 .glue_7        0x0000000008007880        0x0 linker stubs
 *(.glue_7t)
 .glue_7t       0x0000000008007880        0x0 linker stubs
 *(.eh_frame)
 .eh_frame      0x0000000008007880        0x0 d:/st/stm32cubeide_1.7.0/stm32cubeide/plugins/com.st.stm32cube.ide.mcu.externaltools.gnu-tools-for-stm32.9-2020-q2-update.win32_2.0.0.202105311346/tools/bin/../lib/gcc/arm-none-eabi/9.3.1/thumb/v7e-m+fp/hard/crtbegin.o
 *(.init)
 .init          0x0000000008007880        0x4 d:/st/stm32cubeide_1.7.0/stm32cubeide/plugins/com.st.stm32cube.ide.mcu.externaltools.gnu-tools-for-stm32.9-2020-q2-update.win32_2.0.0.202105311346/tools/bin/../lib/gcc/arm-none-eabi/9.3.1/thumb/v7e-m+fp/hard/crti.o
                0x0000000008007880                _init
 .init          0x0000000008007884        0x8 d:/st/stm32cubeide_1.7.0/stm32cubeide/plugins/com.st.stm32cube.ide.mcu.externaltools.gnu-tools-for-stm32.9-2020-q2-update.win32_2.0.0.202105311346/tools/bin/../lib/gcc/arm-none-eabi/9.3.1/thumb/v7e-m+fp/hard/crtn.o
 *(.fini)
 .fini          0x000000000800788c        0x4 d:/st/stm32cubeide_1.7.0/stm32cubeide/plugins/com.st.stm32cube.ide.mcu.externaltools.gnu-tools-for-stm32.9-2020-q2-update.win32_2.0.0.202105311346/tools/bin/../lib/gcc/arm-none-eabi/9.3.1/thumb/v7e-m+fp/hard/crti.o
                0x000000000800788c                _fini
 .fini          0x0000000008007890        0x8 d:/st/stm32cubeide_1.7.0/stm32cubeide/plugins/com.st.stm32cube.ide.mcu.externaltools.gnu-tools-for-stm32.9-2020-q2-update.win32_2.0.0.202105311346/tools/bin/../lib/gcc/arm-none-eabi/9.3.1/thumb/v7e-m+fp/hard/crtn.o
                0x0000000008007898                . = ALIGN (0x4)
                0x0000000008007898                _etext = .

.vfp11_veneer   0x0000000008007898        0x0
 .vfp11_veneer  0x0000000008007898        0x0 linker stubs

.v4_bx          0x0000000008007898        0x0
 .v4_bx         0x0000000008007898        0x0 linker stubs

.iplt           0x0000000008007898        0x0
 .iplt          0x0000000008007898        0x0 d:/st/stm32cubeide_1.7.0/stm32cubeide/plugins/com.st.stm32cube.ide.mcu.externaltools.gnu-tools-for-stm32.9-2020-q2-update.win32_2.0.0.202105311346/tools/bin/../lib/gcc/arm-none-eabi/9.3.1/thumb/v7e-m+fp/hard/crtbegin.o

.rodata         0x0000000008007898    0x2ad64
                0x0000000008007898                . = ALIGN (0x4)
 *(.rodata)
 *(.rodata*)
 .rodata.I2S_PSC_TBL
                0x0000000008007898       0x6e ./Core/Src/i2s.o
                0x0000000008007898                I2S_PSC_TBL
 .rodata.main.str1.1
                0x0000000008007906       0x51 ./Core/Src/main.o
 *fill*         0x0000000008007957        0x1 
 .rodata.i2splaybuf
                0x0000000008007958        0x4 ./Core/Src/main.o
                0x0000000008007958                i2splaybuf
 .rodata.AHBPrescTable
                0x000000000800795c       0x10 ./Core/Src/system_stm32f4xx.o
                0x000000000800795c                AHBPrescTable
 .rodata.APBPrescTable
                0x000000000800796c        0x8 ./Core/Src/system_stm32f4xx.o
                0x000000000800796c                APBPrescTable
 .rodata.flagBitshiftOffset.8677
                0x0000000008007974        0x8 ./Drivers/STM32F4xx_HAL_Driver/Src/stm32f4xx_hal_dma.o
 .rodata.SD_Driver
                0x000000000800797c       0x14 ./FATFS/Target/sd_diskio.o
                0x000000000800797c                SD_Driver
 .rodata.follow_path.str1.1
                0x0000000008007990       0x10 ./Middlewares/Third_Party/FatFs/src/ff.o
 .rodata.LfnOfs
                0x00000000080079a0        0xd ./Middlewares/Third_Party/FatFs/src/ff.o
 *fill*         0x00000000080079ad        0x1 
 .rodata.cvt1.9463
                0x00000000080079ae      0x1f2 ./Middlewares/Third_Party/FatFs/src/option/cc936.o
 .rodata.cvt2.9464
                0x0000000008007ba0       0xbc ./Middlewares/Third_Party/FatFs/src/option/cc936.o
 .rodata.oem2uni
                0x0000000008007c5c    0x15484 ./Middlewares/Third_Party/FatFs/src/option/cc936.o
 .rodata.uni2oem
                0x000000000801d0e0    0x15484 ./Middlewares/Third_Party/FatFs/src/option/cc936.o
 .rodata._global_impure_ptr
                0x0000000008032564        0x4 d:/st/stm32cubeide_1.7.0/stm32cubeide/plugins/com.st.stm32cube.ide.mcu.externaltools.gnu-tools-for-stm32.9-2020-q2-update.win32_2.0.0.202105311346/tools/bin/../lib/gcc/arm-none-eabi/9.3.1/../../../../arm-none-eabi/lib/thumb/v7e-m+fp/hard\libc_nano.a(lib_a-impure.o)
                0x0000000008032564                _global_impure_ptr
 .rodata.__sf_fake_stderr
                0x0000000008032568       0x20 d:/st/stm32cubeide_1.7.0/stm32cubeide/plugins/com.st.stm32cube.ide.mcu.externaltools.gnu-tools-for-stm32.9-2020-q2-update.win32_2.0.0.202105311346/tools/bin/../lib/gcc/arm-none-eabi/9.3.1/../../../../arm-none-eabi/lib/thumb/v7e-m+fp/hard\libc_nano.a(lib_a-findfp.o)
                0x0000000008032568                __sf_fake_stderr
 .rodata.__sf_fake_stdin
                0x0000000008032588       0x20 d:/st/stm32cubeide_1.7.0/stm32cubeide/plugins/com.st.stm32cube.ide.mcu.externaltools.gnu-tools-for-stm32.9-2020-q2-update.win32_2.0.0.202105311346/tools/bin/../lib/gcc/arm-none-eabi/9.3.1/../../../../arm-none-eabi/lib/thumb/v7e-m+fp/hard\libc_nano.a(lib_a-findfp.o)
                0x0000000008032588                __sf_fake_stdin
 .rodata.__sf_fake_stdout
                0x00000000080325a8       0x20 d:/st/stm32cubeide_1.7.0/stm32cubeide/plugins/com.st.stm32cube.ide.mcu.externaltools.gnu-tools-for-stm32.9-2020-q2-update.win32_2.0.0.202105311346/tools/bin/../lib/gcc/arm-none-eabi/9.3.1/../../../../arm-none-eabi/lib/thumb/v7e-m+fp/hard\libc_nano.a(lib_a-findfp.o)
                0x00000000080325a8                __sf_fake_stdout
 .rodata._svfprintf_r.str1.1
                0x00000000080325c8       0x11 d:/st/stm32cubeide_1.7.0/stm32cubeide/plugins/com.st.stm32cube.ide.mcu.externaltools.gnu-tools-for-stm32.9-2020-q2-update.win32_2.0.0.202105311346/tools/bin/../lib/gcc/arm-none-eabi/9.3.1/../../../../arm-none-eabi/lib/thumb/v7e-m+fp/hard\libc_nano.a(lib_a-nano-svfprintf.o)
 .rodata._vfprintf_r.str1.1
                0x00000000080325d9       0x11 d:/st/stm32cubeide_1.7.0/stm32cubeide/plugins/com.st.stm32cube.ide.mcu.externaltools.gnu-tools-for-stm32.9-2020-q2-update.win32_2.0.0.202105311346/tools/bin/../lib/gcc/arm-none-eabi/9.3.1/../../../../arm-none-eabi/lib/thumb/v7e-m+fp/hard\libc_nano.a(lib_a-nano-vfprintf.o)
 .rodata._printf_i.str1.1
                0x00000000080325d9       0x22 d:/st/stm32cubeide_1.7.0/stm32cubeide/plugins/com.st.stm32cube.ide.mcu.externaltools.gnu-tools-for-stm32.9-2020-q2-update.win32_2.0.0.202105311346/tools/bin/../lib/gcc/arm-none-eabi/9.3.1/../../../../arm-none-eabi/lib/thumb/v7e-m+fp/hard\libc_nano.a(lib_a-nano-vfprintf_i.o)
                0x00000000080325fc                . = ALIGN (0x4)
 *fill*         0x00000000080325fb        0x1 

.ARM.extab      0x00000000080325fc        0x0
                0x00000000080325fc                . = ALIGN (0x4)
 *(.ARM.extab* .gnu.linkonce.armextab.*)
                0x00000000080325fc                . = ALIGN (0x4)

.ARM            0x00000000080325fc        0x8
                0x00000000080325fc                . = ALIGN (0x4)
                0x00000000080325fc                __exidx_start = .
 *(.ARM.exidx*)
 .ARM.exidx     0x00000000080325fc        0x8 d:/st/stm32cubeide_1.7.0/stm32cubeide/plugins/com.st.stm32cube.ide.mcu.externaltools.gnu-tools-for-stm32.9-2020-q2-update.win32_2.0.0.202105311346/tools/bin/../lib/gcc/arm-none-eabi/9.3.1/thumb/v7e-m+fp/hard\libgcc.a(_udivmoddi4.o)
                0x0000000008032604                __exidx_end = .
                0x0000000008032604                . = ALIGN (0x4)

.rel.dyn        0x0000000008032604        0x0
 .rel.iplt      0x0000000008032604        0x0 d:/st/stm32cubeide_1.7.0/stm32cubeide/plugins/com.st.stm32cube.ide.mcu.externaltools.gnu-tools-for-stm32.9-2020-q2-update.win32_2.0.0.202105311346/tools/bin/../lib/gcc/arm-none-eabi/9.3.1/thumb/v7e-m+fp/hard/crtbegin.o

.preinit_array  0x0000000008032604        0x0
                0x0000000008032604                . = ALIGN (0x4)
                0x0000000008032604                PROVIDE (__preinit_array_start = .)
 *(.preinit_array*)
                0x0000000008032604                PROVIDE (__preinit_array_end = .)
                0x0000000008032604                . = ALIGN (0x4)

.init_array     0x0000000008032604        0x4
                0x0000000008032604                . = ALIGN (0x4)
                0x0000000008032604                PROVIDE (__init_array_start = .)
 *(SORT_BY_NAME(.init_array.*))
 *(.init_array*)
 .init_array    0x0000000008032604        0x4 d:/st/stm32cubeide_1.7.0/stm32cubeide/plugins/com.st.stm32cube.ide.mcu.externaltools.gnu-tools-for-stm32.9-2020-q2-update.win32_2.0.0.202105311346/tools/bin/../lib/gcc/arm-none-eabi/9.3.1/thumb/v7e-m+fp/hard/crtbegin.o
                0x0000000008032608                PROVIDE (__init_array_end = .)
                0x0000000008032608                . = ALIGN (0x4)

.fini_array     0x0000000008032608        0x4
                0x0000000008032608                . = ALIGN (0x4)
                [!provide]                        PROVIDE (__fini_array_start = .)
 *(SORT_BY_NAME(.fini_array.*))
 *(.fini_array*)
 .fini_array    0x0000000008032608        0x4 d:/st/stm32cubeide_1.7.0/stm32cubeide/plugins/com.st.stm32cube.ide.mcu.externaltools.gnu-tools-for-stm32.9-2020-q2-update.win32_2.0.0.202105311346/tools/bin/../lib/gcc/arm-none-eabi/9.3.1/thumb/v7e-m+fp/hard/crtbegin.o
                [!provide]                        PROVIDE (__fini_array_end = .)
                0x000000000803260c                . = ALIGN (0x4)
                0x000000000803260c                _sidata = LOADADDR (.data)

.data           0x0000000020000000       0xfc load address 0x000000000803260c
                0x0000000020000000                . = ALIGN (0x4)
                0x0000000020000000                _sdata = .
 *(.data)
 *(.data*)
 .data.WM8978_REGVAL_TBL
                0x0000000020000000       0x74 ./Core/Src/audio_player.o
 .data.mallco_dev
                0x0000000020000074       0x14 ./Core/Src/malloc.o
                0x0000000020000074                mallco_dev
 .data.SystemCoreClock
                0x0000000020000088        0x4 ./Core/Src/system_stm32f4xx.o
                0x0000000020000088                SystemCoreClock
 .data.uwTickFreq
                0x000000002000008c        0x1 ./Drivers/STM32F4xx_HAL_Driver/Src/stm32f4xx_hal.o
                0x000000002000008c                uwTickFreq
 *fill*         0x000000002000008d        0x3 
 .data.uwTickPrio
                0x0000000020000090        0x4 ./Drivers/STM32F4xx_HAL_Driver/Src/stm32f4xx_hal.o
                0x0000000020000090                uwTickPrio
 .data.Stat     0x0000000020000094        0x1 ./FATFS/Target/sd_diskio.o
 *fill*         0x0000000020000095        0x3 
 .data._impure_ptr
                0x0000000020000098        0x4 d:/st/stm32cubeide_1.7.0/stm32cubeide/plugins/com.st.stm32cube.ide.mcu.externaltools.gnu-tools-for-stm32.9-2020-q2-update.win32_2.0.0.202105311346/tools/bin/../lib/gcc/arm-none-eabi/9.3.1/../../../../arm-none-eabi/lib/thumb/v7e-m+fp/hard\libc_nano.a(lib_a-impure.o)
                0x0000000020000098                _impure_ptr
 .data.impure_data
                0x000000002000009c       0x60 d:/st/stm32cubeide_1.7.0/stm32cubeide/plugins/com.st.stm32cube.ide.mcu.externaltools.gnu-tools-for-stm32.9-2020-q2-update.win32_2.0.0.202105311346/tools/bin/../lib/gcc/arm-none-eabi/9.3.1/../../../../arm-none-eabi/lib/thumb/v7e-m+fp/hard\libc_nano.a(lib_a-impure.o)
                0x00000000200000fc                . = ALIGN (0x4)
                0x00000000200000fc                _edata = .

.igot.plt       0x00000000200000fc        0x0 load address 0x0000000008032708
 .igot.plt      0x00000000200000fc        0x0 d:/st/stm32cubeide_1.7.0/stm32cubeide/plugins/com.st.stm32cube.ide.mcu.externaltools.gnu-tools-for-stm32.9-2020-q2-update.win32_2.0.0.202105311346/tools/bin/../lib/gcc/arm-none-eabi/9.3.1/thumb/v7e-m+fp/hard/crtbegin.o
                0x00000000200000fc                . = ALIGN (0x4)

.bss            0x00000000200000fc    0x16008 load address 0x0000000008032708
                0x00000000200000fc                _sbss = .
                0x00000000200000fc                __bss_start__ = _sbss
 *(.bss)
 .bss           0x00000000200000fc       0x1c d:/st/stm32cubeide_1.7.0/stm32cubeide/plugins/com.st.stm32cube.ide.mcu.externaltools.gnu-tools-for-stm32.9-2020-q2-update.win32_2.0.0.202105311346/tools/bin/../lib/gcc/arm-none-eabi/9.3.1/thumb/v7e-m+fp/hard/crtbegin.o
 *(.bss*)
 .bss.fac_us    0x0000000020000118        0x4 ./Core/Src/delay.o
 .bss.count_t   0x000000002000011c        0x4 ./Core/Src/main.o
                0x000000002000011c                count_t
 .bss.end_t     0x0000000020000120        0x4 ./Core/Src/main.o
                0x0000000020000120                end_t
 .bss.f_rec     0x0000000020000124        0x4 ./Core/Src/main.o
                0x0000000020000124                f_rec
 .bss.file_index
                0x0000000020000128        0x4 ./Core/Src/main.o
                0x0000000020000128                file_index
 .bss.fno       0x000000002000012c        0x4 ./Core/Src/main.o
                0x000000002000012c                fno
 .bss.ftemp     0x0000000020000130        0x4 ./Core/Src/main.o
                0x0000000020000130                ftemp
 .bss.i2srecbuf1
                0x0000000020000134        0x4 ./Core/Src/main.o
                0x0000000020000134                i2srecbuf1
 .bss.i2srecbuf2
                0x0000000020000138        0x4 ./Core/Src/main.o
                0x0000000020000138                i2srecbuf2
 .bss.lt2       0x000000002000013c        0x4 ./Core/Src/main.o
                0x000000002000013c                lt2
 .bss.heap_end.6585
                0x0000000020000140        0x4 ./Core/Src/sysmem.o
 .bss.ReadStatus
                0x0000000020000144        0x4 ./FATFS/Target/sd_diskio.o
 .bss.WriteStatus
                0x0000000020000148        0x4 ./FATFS/Target/sd_diskio.o
 .bss.FatFs     0x000000002000014c        0x4 ./Middlewares/Third_Party/FatFs/src/ff.o
 .bss.Files     0x0000000020000150       0x20 ./Middlewares/Third_Party/FatFs/src/ff.o
 .bss.Fsid      0x0000000020000170        0x2 ./Middlewares/Third_Party/FatFs/src/ff.o
 *fill*         0x0000000020000172        0x2 
 .bss.disk      0x0000000020000174        0xc ./Middlewares/Third_Party/FatFs/src/ff_gen_drv.o
                0x0000000020000174                disk
 .bss.__malloc_free_list
                0x0000000020000180        0x4 d:/st/stm32cubeide_1.7.0/stm32cubeide/plugins/com.st.stm32cube.ide.mcu.externaltools.gnu-tools-for-stm32.9-2020-q2-update.win32_2.0.0.202105311346/tools/bin/../lib/gcc/arm-none-eabi/9.3.1/../../../../arm-none-eabi/lib/thumb/v7e-m+fp/hard\libc_nano.a(lib_a-nano-mallocr.o)
                0x0000000020000180                __malloc_free_list
 .bss.__malloc_sbrk_start
                0x0000000020000184        0x4 d:/st/stm32cubeide_1.7.0/stm32cubeide/plugins/com.st.stm32cube.ide.mcu.externaltools.gnu-tools-for-stm32.9-2020-q2-update.win32_2.0.0.202105311346/tools/bin/../lib/gcc/arm-none-eabi/9.3.1/../../../../arm-none-eabi/lib/thumb/v7e-m+fp/hard\libc_nano.a(lib_a-nano-mallocr.o)
                0x0000000020000184                __malloc_sbrk_start
 *(COMMON)
 COMMON         0x0000000020000188      0x110 ./Core/Src/i2s.o
                0x0000000020000188                I2S2_Handler
                0x00000000200001d0                I2S2_TXDMA_Handler
                0x0000000020000230                i2s_rx_callback
                0x0000000020000234                I2S2_RXDMA_Handler
                0x0000000020000294                i2s_tx_callback
 COMMON         0x0000000020000298      0x5ec ./Core/Src/main.o
                0x0000000020000298                hdma_sdio_rx
                0x00000000200002f8                names
                0x0000000020000610                hi2c1
                0x0000000020000664                lt
                0x000000002000068c                huart1
                0x00000000200006d0                hrtc
                0x00000000200006f0                hdma_sdio_tx
                0x0000000020000750                bw3
                0x0000000020000754                hsd
                0x00000000200007d8                hdma_spi2_tx
                0x0000000020000838                hi2s2
                0x0000000020000880                wavsize
 COMMON         0x0000000020000884    0x15400 ./Core/Src/malloc.o
                0x0000000020000884                mem1mapbase
                0x0000000020001c84                mem1base
 COMMON         0x0000000020015c84        0x4 ./Drivers/STM32F4xx_HAL_Driver/Src/stm32f4xx_hal.o
                0x0000000020015c84                uwTick
 COMMON         0x0000000020015c88      0x46c ./FATFS/App/fatfs.o
                0x0000000020015c88                retSD
                0x0000000020015c89                SDPath
                0x0000000020015c90                SDFile
                0x0000000020015ec0                SDFatFS
 COMMON         0x00000000200160f4        0x9 d:/st/stm32cubeide_1.7.0/stm32cubeide/plugins/com.st.stm32cube.ide.mcu.externaltools.gnu-tools-for-stm32.9-2020-q2-update.win32_2.0.0.202105311346/tools/bin/../lib/gcc/arm-none-eabi/9.3.1/../../../../arm-none-eabi/lib/thumb/v7e-m+fp/hard\libc_nano.a(lib_a-lock.o)
                0x00000000200160f4                __lock___atexit_recursive_mutex
                0x00000000200160f5                __lock___arc4random_mutex
                0x00000000200160f6                __lock___env_recursive_mutex
                0x00000000200160f7                __lock___sinit_recursive_mutex
                0x00000000200160f8                __lock___malloc_recursive_mutex
                0x00000000200160f9                __lock___at_quick_exit_mutex
                0x00000000200160fa                __lock___dd_hash_mutex
                0x00000000200160fb                __lock___tz_mutex
                0x00000000200160fc                __lock___sfp_recursive_mutex
 *fill*         0x00000000200160fd        0x3 
 COMMON         0x0000000020016100        0x4 d:/st/stm32cubeide_1.7.0/stm32cubeide/plugins/com.st.stm32cube.ide.mcu.externaltools.gnu-tools-for-stm32.9-2020-q2-update.win32_2.0.0.202105311346/tools/bin/../lib/gcc/arm-none-eabi/9.3.1/../../../../arm-none-eabi/lib/thumb/v7e-m+fp/hard\libc_nano.a(lib_a-reent.o)
                0x0000000020016100                errno
                0x0000000020016104                . = ALIGN (0x4)
                0x0000000020016104                _ebss = .
                0x0000000020016104                __bss_end__ = _ebss

._user_heap_stack
                0x0000000020016104      0x604 load address 0x0000000008032708
                0x0000000020016108                . = ALIGN (0x8)
 *fill*         0x0000000020016104        0x4 
                0x0000000020016108                PROVIDE (end = .)
                [!provide]                        PROVIDE (_end = .)
                0x0000000020016308                . = (. + _Min_Heap_Size)
 *fill*         0x0000000020016108      0x200 
                0x0000000020016708                . = (. + _Min_Stack_Size)
 *fill*         0x0000000020016308      0x400 
                0x0000000020016708                . = ALIGN (0x8)

/DISCARD/
 libc.a(*)
 libm.a(*)
 libgcc.a(*)

.ARM.attributes
                0x0000000000000000       0x30
 *(.ARM.attributes)
 .ARM.attributes
                0x0000000000000000       0x1e d:/st/stm32cubeide_1.7.0/stm32cubeide/plugins/com.st.stm32cube.ide.mcu.externaltools.gnu-tools-for-stm32.9-2020-q2-update.win32_2.0.0.202105311346/tools/bin/../lib/gcc/arm-none-eabi/9.3.1/thumb/v7e-m+fp/hard/crti.o
 .ARM.attributes
                0x000000000000001e       0x34 d:/st/stm32cubeide_1.7.0/stm32cubeide/plugins/com.st.stm32cube.ide.mcu.externaltools.gnu-tools-for-stm32.9-2020-q2-update.win32_2.0.0.202105311346/tools/bin/../lib/gcc/arm-none-eabi/9.3.1/thumb/v7e-m+fp/hard/crtbegin.o
 .ARM.attributes
                0x0000000000000052       0x34 ./Core/Src/audio_player.o
 .ARM.attributes
                0x0000000000000086       0x34 ./Core/Src/delay.o
 .ARM.attributes
                0x00000000000000ba       0x34 ./Core/Src/i2s.o
 .ARM.attributes
                0x00000000000000ee       0x34 ./Core/Src/main.o
 .ARM.attributes
                0x0000000000000122       0x34 ./Core/Src/malloc.o
 .ARM.attributes
                0x0000000000000156       0x34 ./Core/Src/stm32f4xx_hal_msp.o
 .ARM.attributes
                0x000000000000018a       0x34 ./Core/Src/stm32f4xx_it.o
 .ARM.attributes
                0x00000000000001be       0x34 ./Core/Src/syscalls.o
 .ARM.attributes
                0x00000000000001f2       0x34 ./Core/Src/sysmem.o
 .ARM.attributes
                0x0000000000000226       0x34 ./Core/Src/system_stm32f4xx.o
 .ARM.attributes